2025-10-18 13:57:41.888   580-907   InputDispatcher         system_process                       D  Waiting to send key to Window{65321ba u0 com.example.serenepangolinbeam/com.example.serenepangolinbeam.MainActivity} because there are unprocessed events that may cause focus to change
2025-10-18 13:57:47.248  8599-8599  AssistStructure         com.example.serenepangolinbeam       I  Flattened final assist data: 6636 bytes, containing 1 windows, 13 views
2025-10-18 13:57:47.311  2293-2293  AndroidIME              com...gle.android.inputmethod.latin  I  AbstractIme.onActivate():84 PasswordIme.onActivate() : EditorInfo = Package = com.example.serenepangolinbeam : Type = Password : Learning = Disable : Suggestion = Hide : AutoCorrection = Disable : Microphone = Hide : NoPersonalizedLearning = Disable : AutoStartVoiceInput = Disable, IncognitoMode = false
2025-10-18 13:57:47.495  2293-2293  AndroidIME              com...gle.android.inputmethod.latin  I  AbstractIme.onActivate():84 PasswordIme.onActivate() : EditorInfo = Package = com.example.serenepangolinbeam : Type = Password : Learning = Disable : Suggestion = Hide : AutoCorrection = Disable : Microphone = Hide : NoPersonalizedLearning = Disable : AutoStartVoiceInput = Disable, IncognitoMode = false
2025-10-18 13:57:47.505  2293-2293  Conversati...yExtension com...gle.android.inputmethod.latin  I  ConversationToQueryExtension.isEnabledForHostApp():252 Conv2Query not enabled due to current app [com.example.serenepangolinbeam] not in whitelist
2025-10-18 13:57:49.398   580-907   InputDispatcher         system_process                       D  Waiting to send key to Window{65321ba u0 com.example.serenepangolinbeam/com.example.serenepangolinbeam.MainActivity} because there are unprocessed events that may cause focus to change
2025-10-18 13:57:50.893   580-907   InputDispatcher         system_process                       D  Waiting to send key to Window{65321ba u0 com.example.serenepangolinbeam/com.example.serenepangolinbeam.MainActivity} because there are unprocessed events that may cause focus to change
2025-10-18 13:57:51.391   580-907   InputDispatcher         system_process                       D  Waiting to send key to Window{65321ba u0 com.example.serenepangolinbeam/com.example.serenepangolinbeam.MainActivity} because there are unprocessed events that may cause focus to change
2025-10-18 13:57:52.413   580-907   InputDispatcher         system_process                       D  Waiting to send key to Window{65321ba u0 com.example.serenepangolinbeam/com.example.serenepangolinbeam.MainActivity} because there are unprocessed events that may cause focus to change
2025-10-18 13:57:54.712  8599-8599  Choreographer           com.example.serenepangolinbeam       I  Skipped 61 frames!  The application may be doing too much work on its main thread.
2025-10-18 13:57:54.807  8599-8656  OpenGLRenderer          com.example.serenepangolinbeam       I  Davey! duration=1114ms; Flags=0, IntendedVsync=8123843500458, Vsync=8124860167084, OldestInputEvent=9223372036854775807, NewestInputEvent=0, HandleInputStart=8124875734380, AnimationStart=8124875841180, PerformTraversalsStart=8124878712580, DrawStart=8124879044880, SyncQueued=8124879909880, SyncStart=8124891959480, IssueDrawCommandsStart=8124892211280, SwapBuffers=8124941466880, FrameCompleted=8124970084480, DequeueBufferDuration=7117700, QueueBufferDuration=19194400, GpuCompleted=2903769088, 
2025-10-18 13:57:56.352  8599-8599  AssistStructure         com.example.serenepangolinbeam       I  Flattened final assist data: 6644 bytes, containing 1 windows, 13 views
2025-10-18 13:57:56.449  2293-2293  AndroidIME              com...gle.android.inputmethod.latin  I  AbstractIme.onActivate():84 PasswordIme.onActivate() : EditorInfo = Package = com.example.serenepangolinbeam : Type = Password : Learning = Disable : Suggestion = Hide : AutoCorrection = Disable : Microphone = Hide : NoPersonalizedLearning = Disable : AutoStartVoiceInput = Disable, IncognitoMode = false
2025-10-18 13:57:56.478  2293-2293  Conversati...yExtension com...gle.android.inputmethod.latin  I  ConversationToQueryExtension.isEnabledForHostApp():252 Conv2Query not enabled due to current app [com.example.serenepangolinbeam] not in whitelist
2025-10-18 13:57:58.191   580-907   InputDispatcher         system_process                       D  Waiting to send key to Window{65321ba u0 com.example.serenepangolinbeam/com.example.serenepangolinbeam.MainActivity} because there are unprocessed events that may cause focus to change
2025-10-18 13:57:59.132   580-907   InputDispatcher         system_process                       D  Waiting to send key to Window{65321ba u0 com.example.serenepangolinbeam/com.example.serenepangolinbeam.MainActivity} because there are unprocessed events that may cause focus to change
2025-10-18 13:57:59.540   580-907   InputDispatcher         system_process                       D  Waiting to send key to Window{65321ba u0 com.example.serenepangolinbeam/com.example.serenepangolinbeam.MainActivity} because there are unprocessed events that may cause focus to change
2025-10-18 13:58:00.009   580-907   InputDispatcher         system_process                       D  Waiting to send key to Window{65321ba u0 com.example.serenepangolinbeam/com.example.serenepangolinbeam.MainActivity} because there are unprocessed events that may cause focus to change
2025-10-18 13:58:00.443   580-907   InputDispatcher         system_process                       D  Waiting to send key to Window{65321ba u0 com.example.serenepangolinbeam/com.example.serenepangolinbeam.MainActivity} because there are unprocessed events that may cause focus to change
2025-10-18 13:58:01.226   580-907   InputDispatcher         system_process                       D  Waiting to send key to Window{65321ba u0 com.example.serenepangolinbeam/com.example.serenepangolinbeam.MainActivity} because there are unprocessed events that may cause focus to change
2025-10-18 13:58:04.781  8599-8599  AssistStructure         com.example.serenepangolinbeam       I  Flattened final assist data: 6652 bytes, containing 1 windows, 13 views
2025-10-18 13:58:04.820  2293-2293  AndroidIME              com...gle.android.inputmethod.latin  I  AbstractIme.onActivate():84 LatinIme.onActivate() : EditorInfo = Package = com.example.serenepangolinbeam : Type = Text : Learning = Enable : Suggestion = Show : AutoCorrection = Enable : Microphone = Show : NoPersonalizedLearning = Disable : AutoStartVoiceInput = Disable, IncognitoMode = false
2025-10-18 13:58:05.846  8599-8656  OpenGLRenderer          com.example.serenepangolinbeam       I  Davey! duration=765ms; Flags=0, IntendedVsync=8135243500002, Vsync=8135243500002, OldestInputEvent=9223372036854775807, NewestInputEvent=0, HandleInputStart=8135256806780, AnimationStart=8135256866080, PerformTraversalsStart=8135288825580, DrawStart=8135289119880, SyncQueued=8135289771380, SyncStart=8135290634980, IssueDrawCommandsStart=8135290805380, SwapBuffers=8136001300280, FrameCompleted=8136009464080, DequeueBufferDuration=470200, QueueBufferDuration=6185100, GpuCompleted=1781997570, 
2025-10-18 13:58:06.820  8599-8656  OpenGLRenderer          com.example.serenepangolinbeam       I  Davey! duration=961ms; Flags=0, IntendedVsync=8135676845214, Vsync=8135676845214, OldestInputEvent=9223372036854775807, NewestInputEvent=0, HandleInputStart=8135678411780, AnimationStart=8135678464780, PerformTraversalsStart=8135693526880, DrawStart=8135693781380, SyncQueued=8135694881480, SyncStart=8136039384980, IssueDrawCommandsStart=8136053179580, SwapBuffers=8136821799280, FrameCompleted=8136983267880, DequeueBufferDuration=10687500, QueueBufferDuration=18652700, GpuCompleted=150266799988738, 
2025-10-18 13:58:06.828  8599-8599  Choreographer           com.example.serenepangolinbeam       I  Skipped 49 frames!  The application may be doing too much work on its main thread.
2025-10-18 13:58:07.133   580-907   InputDispatcher         system_process                       D  Waiting to send key to Window{65321ba u0 com.example.serenepangolinbeam/com.example.serenepangolinbeam.MainActivity} because there are unprocessed events that may cause focus to change
2025-10-18 13:58:07.644   580-907   InputDispatcher         system_process                       W  Dispatching key to Window{65321ba u0 com.example.serenepangolinbeam/com.example.serenepangolinbeam.MainActivity} even though there are other unprocessed events
2025-10-18 13:58:07.665   580-907   InputDispatcher         system_process                       D  Waiting to send key to Window{65321ba u0 com.example.serenepangolinbeam/com.example.serenepangolinbeam.MainActivity} because there are unprocessed events that may cause focus to change
2025-10-18 13:58:07.689  8599-8853  enepangolinbea          com.example.serenepangolinbeam       W  Long monitor contention with owner Binder:8599_4 (8855) at boolean android.os.MessageQueue.enqueueMessage(android.os.Message, long)(MessageQueue.java:600) waiters=0 in android.os.Message android.os.MessageQueue.next() for 406ms
2025-10-18 13:58:07.707  8599-8656  OpenGLRenderer          com.example.serenepangolinbeam       I  Davey! duration=1402ms; Flags=0, IntendedVsync=8136160166632, Vsync=8136976833266, OldestInputEvent=9223372036854775807, NewestInputEvent=0, HandleInputStart=8136992250480, AnimationStart=8136992385080, PerformTraversalsStart=8137066936080, DrawStart=8137068202880, SyncQueued=8137070304580, SyncStart=8137378183480, IssueDrawCommandsStart=8137378642880, SwapBuffers=8137858559580, FrameCompleted=8137870520180, DequeueBufferDuration=5648400, QueueBufferDuration=2377800, GpuCompleted=159342510276608, 
2025-10-18 13:58:08.172   580-907   InputDispatcher         system_process                       W  Dispatching key to Window{65321ba u0 com.example.serenepangolinbeam/com.example.serenepangolinbeam.MainActivity} even though there are other unprocessed events
2025-10-18 13:58:08.190   580-907   InputDispatcher         system_process                       D  Waiting to send key to Window{65321ba u0 com.example.serenepangolinbeam/com.example.serenepangolinbeam.MainActivity} because there are unprocessed events that may cause focus to change
2025-10-18 13:58:08.396  8599-8656  OpenGLRenderer          com.example.serenepangolinbeam       I  Davey! duration=993ms; Flags=0, IntendedVsync=8137460166580, Vsync=8137876833230, OldestInputEvent=9223372036854775807, NewestInputEvent=0, HandleInputStart=8137882480380, AnimationStart=8137882533780, PerformTraversalsStart=8137978437280, DrawStart=8137983116780, SyncQueued=8137986173880, SyncStart=8138092210080, IssueDrawCommandsStart=8138093577980, SwapBuffers=8138468529680, FrameCompleted=8138559527580, DequeueBufferDuration=66978000, QueueBufferDuration=21417200, GpuCompleted=338698242, 
2025-10-18 13:58:08.711   580-907   InputDispatcher         system_process                       W  Dispatching key to Window{65321ba u0 com.example.serenepangolinbeam/com.example.serenepangolinbeam.MainActivity} even though there are other unprocessed events
2025-10-18 13:58:08.712   580-907   InputDispatcher         system_process                       D  Waiting to send key to Window{65321ba u0 com.example.serenepangolinbeam/com.example.serenepangolinbeam.MainActivity} because there are unprocessed events that may cause focus to change
2025-10-18 13:58:08.973  2293-2293  AndroidIME              com...gle.android.inputmethod.latin  I  AbstractIme.onActivate():84 LatinIme.onActivate() : EditorInfo = Package = com.example.serenepangolinbeam : Type = Text : Learning = Enable : Suggestion = Show : AutoCorrection = Enable : Microphone = Show : NoPersonalizedLearning = Disable : AutoStartVoiceInput = Disable, IncognitoMode = false
2025-10-18 13:58:09.243   580-907   InputDispatcher         system_process                       W  Dispatching key to Window{65321ba u0 com.example.serenepangolinbeam/com.example.serenepangolinbeam.MainActivity} even though there are other unprocessed events
2025-10-18 13:58:09.247   580-907   InputDispatcher         system_process                       D  Waiting to send key to Window{65321ba u0 com.example.serenepangolinbeam/com.example.serenepangolinbeam.MainActivity} because there are unprocessed events that may cause focus to change
2025-10-18 13:58:09.361  8599-8656  OpenGLRenderer          com.example.serenepangolinbeam       I  Davey! duration=962ms; Flags=0, IntendedVsync=8138310166546, Vsync=8138576833202, OldestInputEvent=9223372036854775807, NewestInputEvent=0, HandleInputStart=8138592772380, AnimationStart=8138593036080, PerformTraversalsStart=8138644021280, DrawStart=8138644664080, SyncQueued=8138654179880, SyncStart=8138905903680, IssueDrawCommandsStart=8139083395080, SwapBuffers=8139519167380, FrameCompleted=8139524472680, DequeueBufferDuration=2561900, QueueBufferDuration=1350700, GpuCompleted=79267933782016, 
2025-10-18 13:58:09.778   580-907   InputDispatcher         system_process                       W  Dispatching key to Window{65321ba u0 com.example.serenepangolinbeam/com.example.serenepangolinbeam.MainActivity} even though there are other unprocessed events
2025-10-18 13:58:09.779   580-907   InputDispatcher         system_process                       D  Waiting to send key to Window{65321ba u0 com.example.serenepangolinbeam/com.example.serenepangolinbeam.MainActivity} because there are unprocessed events that may cause focus to change
2025-10-18 13:58:09.792  8599-8599  InputMethodManager      com.example.serenepangolinbeam       W  Timeout waiting for IME to handle input event after 2500 ms: com.google.android.inputmethod.latin/com.android.inputmethod.latin.LatinIME
2025-10-18 13:58:09.799   580-907   InputDispatcher         system_process                       I  65321ba com.example.serenepangolinbeam/com.example.serenepangolinbeam.MainActivity (server) spent 2670ms processing KeyEvent(deviceId=0, source=0x00000301, displayId=-1, action=DOWN, flags=0x00000008, keyCode=59, scanCode=42, metaState=0x00000041, repeatCount=0), policyFlags=0x62000000
2025-10-18 13:58:10.062  2293-2293  Conversati...yExtension com...gle.android.inputmethod.latin  I  ConversationToQueryExtension.isEnabledForHostApp():252 Conv2Query not enabled due to current app [com.example.serenepangolinbeam] not in whitelist
2025-10-18 13:58:10.299   580-907   InputDispatcher         system_process                       W  Dispatching key to Window{65321ba u0 com.example.serenepangolinbeam/com.example.serenepangolinbeam.MainActivity} even though there are other unprocessed events
2025-10-18 13:58:10.308   580-907   InputDispatcher         system_process                       D  Waiting to send key to Window{65321ba u0 com.example.serenepangolinbeam/com.example.serenepangolinbeam.MainActivity} because there are unprocessed events that may cause focus to change
2025-10-18 13:58:10.394   580-907   InputDispatcher         system_process                       I  65321ba com.example.serenepangolinbeam/com.example.serenepangolinbeam.MainActivity (server) spent 2749ms processing KeyEvent(deviceId=0, source=0x00000301, displayId=-1, action=DOWN, flags=0x00000008, keyCode=41, scanCode=50, metaState=0x00000041, repeatCount=0), policyFlags=0x62000000
2025-10-18 13:58:10.433   580-907   InputDispatcher         system_process                       I  65321ba com.example.serenepangolinbeam/com.example.serenepangolinbeam.MainActivity (server) spent 2259ms processing KeyEvent(deviceId=0, source=0x00000301, displayId=-1, action=UP, flags=0x00000008, keyCode=59, scanCode=42, metaState=0x00000000, repeatCount=0), policyFlags=0x62000000
2025-10-18 13:58:10.811   580-907   InputDispatcher         system_process                       W  Dispatching key to Window{65321ba u0 com.example.serenepangolinbeam/com.example.serenepangolinbeam.MainActivity} even though there are other unprocessed events
2025-10-18 13:58:10.813   580-907   InputDispatcher         system_process                       D  Waiting to send key to Window{65321ba u0 com.example.serenepangolinbeam/com.example.serenepangolinbeam.MainActivity} because there are unprocessed events that may cause focus to change
2025-10-18 13:58:11.314   580-907   InputDispatcher         system_process                       W  Dispatching key to Window{65321ba u0 com.example.serenepangolinbeam/com.example.serenepangolinbeam.MainActivity} even though there are other unprocessed events
2025-10-18 13:58:11.323   580-907   InputDispatcher         system_process                       D  Waiting to send key to Window{65321ba u0 com.example.serenepangolinbeam/com.example.serenepangolinbeam.MainActivity} because there are unprocessed events that may cause focus to change
2025-10-18 13:58:11.343  8599-8656  OpenGLRenderer          com.example.serenepangolinbeam       I  Davey! duration=1494ms; Flags=0, IntendedVsync=8140010171349, Vsync=8140010171349, OldestInputEvent=9223372036854775807, NewestInputEvent=0, HandleInputStart=8140012013580, AnimationStart=8140012066280, PerformTraversalsStart=8140025120980, DrawStart=8140025436380, SyncQueued=8140026014080, SyncStart=8140028067980, IssueDrawCommandsStart=8140028431380, SwapBuffers=8141502803780, FrameCompleted=8141506671880, DequeueBufferDuration=280300, QueueBufferDuration=1662900, GpuCompleted=141848068489216, 
2025-10-18 13:58:25.998   580-907   InputDispatcher         system_process                       D  Waiting to send key to Window{65321ba u0 com.example.serenepangolinbeam/com.example.serenepangolinbeam.MainActivity} because there are unprocessed events that may cause focus to change
2025-10-18 13:58:27.707   580-907   InputDispatcher         system_process                       D  Waiting to send key to Window{65321ba u0 com.example.serenepangolinbeam/com.example.serenepangolinbeam.MainActivity} because there are unprocessed events that may cause focus to change
2025-10-18 13:58:27.980   580-907   InputDispatcher         system_process                       D  Waiting to send key to Window{65321ba u0 com.example.serenepangolinbeam/com.example.serenepangolinbeam.MainActivity} because there are unprocessed events that may cause focus to change
2025-10-18 13:58:28.463   580-907   InputDispatcher         system_process                       D  Waiting to send key to Window{65321ba u0 com.example.serenepangolinbeam/com.example.serenepangolinbeam.MainActivity} because there are unprocessed events that may cause focus to change
2025-10-18 13:58:29.530   580-907   InputDispatcher         system_process                       D  Waiting to send key to Window{65321ba u0 com.example.serenepangolinbeam/com.example.serenepangolinbeam.MainActivity} because there are unprocessed events that may cause focus to change
2025-10-18 13:58:30.777   580-907   InputDispatcher         system_process                       D  Waiting to send key to Window{65321ba u0 com.example.serenepangolinbeam/com.example.serenepangolinbeam.MainActivity} because there are unprocessed events that may cause focus to change
2025-10-18 13:58:31.856  8599-8853  IInputConnectionWrapper com.example.serenepangolinbeam       W  getSelectedText on inactive InputConnection
2025-10-18 13:58:31.861  8599-8853  IInputConnectionWrapper com.example.serenepangolinbeam       W  getTextAfterCursor on inactive InputConnection
2025-10-18 13:58:31.879  2293-2293  AndroidIME              com...gle.android.inputmethod.latin  I  AbstractIme.onActivate():84 LatinIme.onActivate() : EditorInfo = Package = com.example.serenepangolinbeam : Type = Email : Learning = Disable : Suggestion = Show : AutoCorrection = Disable : Microphone = DisabledMic : NoPersonalizedLearning = Disable : AutoStartVoiceInput = Disable, IncognitoMode = false
2025-10-18 13:58:32.008  8599-8853  IInputConnectionWrapper com.example.serenepangolinbeam       W  beginBatchEdit on inactive InputConnection
2025-10-18 13:58:32.038  8599-8853  IInputConnectionWrapper com.example.serenepangolinbeam       W  getSelectedText on inactive InputConnection
2025-10-18 13:58:32.047  8599-8853  IInputConnectionWrapper com.example.serenepangolinbeam       W  endBatchEdit on inactive InputConnection
2025-10-18 13:58:33.090  8599-8656  OpenGLRenderer          com.example.serenepangolinbeam       I  Davey! duration=1005ms; Flags=0, IntendedVsync=8162243672190, Vsync=8162243672190, OldestInputEvent=9223372036854775807, NewestInputEvent=0, HandleInputStart=8162250079880, AnimationStart=8162250132480, PerformTraversalsStart=8162300706280, DrawStart=8162301524180, SyncQueued=8162302259780, SyncStart=8162306884380, IssueDrawCommandsStart=8162307024180, SwapBuffers=8163224897480, FrameCompleted=8163253511080, DequeueBufferDuration=11668700, QueueBufferDuration=15389800, GpuCompleted=8102379080680, 
2025-10-18 13:58:33.263  2293-2293  Conversati...yExtension com...gle.android.inputmethod.latin  I  ConversationToQueryExtension.isEnabledForHostApp():252 Conv2Query not enabled due to current app [com.example.serenepangolinbeam] not in whitelist
2025-10-18 13:59:15.756  8599-8599  Choreographer           com.example.serenepangolinbeam       I  Skipped 31 frames!  The application may be doing too much work on its main thread.
2025-10-18 14:00:59.757   580-907   InputDispatcher         system_process                       D  Waiting to send key to Window{65321ba u0 com.example.serenepangolinbeam/com.example.serenepangolinbeam.MainActivity} because there are unprocessed events that may cause focus to change
2025-10-18 14:01:01.304   580-907   InputDispatcher         system_process                       D  Waiting to send key to Window{65321ba u0 com.example.serenepangolinbeam/com.example.serenepangolinbeam.MainActivity} because there are unprocessed events that may cause focus to change
2025-10-18 14:01:02.214  8599-8853  IInputConnectionWrapper com.example.serenepangolinbeam       W  getSelectedText on inactive InputConnection
2025-10-18 14:01:02.245  8599-8853  IInputConnectionWrapper com.example.serenepangolinbeam       W  getTextAfterCursor on inactive InputConnection
2025-10-18 14:01:02.253  2293-2293  AndroidIME              com...gle.android.inputmethod.latin  I  AbstractIme.onActivate():84 PasswordIme.onActivate() : EditorInfo = Package = com.example.serenepangolinbeam : Type = Password : Learning = Disable : Suggestion = Hide : AutoCorrection = Disable : Microphone = Hide : NoPersonalizedLearning = Disable : AutoStartVoiceInput = Disable, IncognitoMode = false
2025-10-18 14:01:02.650  2293-2293  Conversati...yExtension com...gle.android.inputmethod.latin  I  ConversationToQueryExtension.isEnabledForHostApp():252 Conv2Query not enabled due to current app [com.example.serenepangolinbeam] not in whitelist
2025-10-18 14:01:04.002  8599-8656  OpenGLRenderer          com.example.serenepangolinbeam       I  Davey! duration=737ms; Flags=0, IntendedVsync=8313427098645, Vsync=8313427098645, OldestInputEvent=9223372036854775807, NewestInputEvent=0, HandleInputStart=8313443770280, AnimationStart=8313443823880, PerformTraversalsStart=8313474899980, DrawStart=8313481106680, SyncQueued=8313502423080, SyncStart=8313503011480, IssueDrawCommandsStart=8313503194480, SwapBuffers=8314153887080, FrameCompleted=8314165097580, DequeueBufferDuration=969800, QueueBufferDuration=1297700, GpuCompleted=8123555892980, 
2025-10-18 14:01:04.966  8599-8656  OpenGLRenderer          com.example.serenepangolinbeam       I  Davey! duration=994ms; Flags=0, IntendedVsync=8313510421392, Vsync=8313510421392, OldestInputEvent=9223372036854775807, NewestInputEvent=0, HandleInputStart=8313514907580, AnimationStart=8313514978280, PerformTraversalsStart=8313526758680, DrawStart=8313533080780, SyncQueued=8313541410780, SyncStart=8314166192380, IssueDrawCommandsStart=8314170132880, SwapBuffers=8315116743280, FrameCompleted=8315129486580, DequeueBufferDuration=355700, QueueBufferDuration=9531800, GpuCompleted=8124961682180, 
2025-10-18 14:01:05.002  8599-8599  Choreographer           com.example.serenepangolinbeam       I  Skipped 98 frames!  The application may be doing too much work on its main thread.
2025-10-18 14:01:05.284  8599-8656  OpenGLRenderer          com.example.serenepangolinbeam       I  Davey! duration=1873ms; Flags=1, IntendedVsync=8313527088058, Vsync=8315160421326, OldestInputEvent=9223372036854775807, NewestInputEvent=0, HandleInputStart=8315165482780, AnimationStart=8315165539480, PerformTraversalsStart=8315167937880, DrawStart=8315385828180, SyncQueued=8315386200180, SyncStart=8315432029180, IssueDrawCommandsStart=8315432165380, SwapBuffers=8315433381080, FrameCompleted=8315446777480, DequeueBufferDuration=294500, QueueBufferDuration=3692600, GpuCompleted=0, 
2025-10-18 14:01:05.888  2293-2293  AndroidIME              com...gle.android.inputmethod.latin  I  AbstractIme.onActivate():84 PasswordIme.onActivate() : EditorInfo = Package = com.example.serenepangolinbeam : Type = Password : Learning = Disable : Suggestion = Hide : AutoCorrection = Disable : Microphone = Hide : NoPersonalizedLearning = Disable : AutoStartVoiceInput = Disable, IncognitoMode = false
2025-10-18 14:01:05.967  2293-2293  Conversati...yExtension com...gle.android.inputmethod.latin  I  ConversationToQueryExtension.isEnabledForHostApp():252 Conv2Query not enabled due to current app [com.example.serenepangolinbeam] not in whitelist
2025-10-18 14:01:15.207   580-907   InputDispatcher         system_process                       D  Waiting to send key to Window{65321ba u0 com.example.serenepangolinbeam/com.example.serenepangolinbeam.MainActivity} because there are unprocessed events that may cause focus to change
2025-10-18 14:01:15.552   580-907   InputDispatcher         system_process                       D  Waiting to send key to Window{65321ba u0 com.example.serenepangolinbeam/com.example.serenepangolinbeam.MainActivity} because there are unprocessed events that may cause focus to change
2025-10-18 14:01:15.846   580-907   InputDispatcher         system_process                       D  Waiting to send key to Window{65321ba u0 com.example.serenepangolinbeam/com.example.serenepangolinbeam.MainActivity} because there are unprocessed events that may cause focus to change
2025-10-18 14:01:16.152  2293-2293  AndroidIME              com...gle.android.inputmethod.latin  I  AbstractIme.onActivate():84 LatinIme.onActivate() : EditorInfo = Package = com.example.serenepangolinbeam : Type = Email : Learning = Disable : Suggestion = Show : AutoCorrection = Disable : Microphone = DisabledMic : NoPersonalizedLearning = Disable : AutoStartVoiceInput = Disable, IncognitoMode = false
2025-10-18 14:01:16.348   580-907   InputDispatcher         system_process                       W  Dispatching key to Window{65321ba u0 com.example.serenepangolinbeam/com.example.serenepangolinbeam.MainActivity} even though there are other unprocessed events
2025-10-18 14:01:16.351   580-907   InputDispatcher         system_process                       D  Waiting to send key to Window{65321ba u0 com.example.serenepangolinbeam/com.example.serenepangolinbeam.MainActivity} because there are unprocessed events that may cause focus to change
2025-10-18 14:01:16.422  2293-2293  Conversati...yExtension com...gle.android.inputmethod.latin  I  ConversationToQueryExtension.isEnabledForHostApp():252 Conv2Query not enabled due to current app [com.example.serenepangolinbeam] not in whitelist
2025-10-18 14:01:16.454   580-907   InputDispatcher         system_process                       D  Waiting to send key to Window{65321ba u0 com.example.serenepangolinbeam/com.example.serenepangolinbeam.MainActivity} because there are unprocessed events that may cause focus to change
2025-10-18 14:01:16.937   580-907   InputDispatcher         system_process                       D  Waiting to send key to Window{65321ba u0 com.example.serenepangolinbeam/com.example.serenepangolinbeam.MainActivity} because there are unprocessed events that may cause focus to change
2025-10-18 14:01:17.219   580-907   InputDispatcher         system_process                       D  Waiting to send key to Window{65321ba u0 com.example.serenepangolinbeam/com.example.serenepangolinbeam.MainActivity} because there are unprocessed events that may cause focus to change
2025-10-18 14:01:17.507  8599-8853  IInputConnectionWrapper com.example.serenepangolinbeam       W  getSelectedText on inactive InputConnection
2025-10-18 14:01:17.511   580-907   InputDispatcher         system_process                       D  Waiting to send key to Window{65321ba u0 com.example.serenepangolinbeam/com.example.serenepangolinbeam.MainActivity} because there are unprocessed events that may cause focus to change
2025-10-18 14:01:17.546  8599-8853  IInputConnectionWrapper com.example.serenepangolinbeam       W  getTextAfterCursor on inactive InputConnection
2025-10-18 14:01:17.613   580-907   InputDispatcher         system_process                       D  Waiting to send key to Window{65321ba u0 com.example.serenepangolinbeam/com.example.serenepangolinbeam.MainActivity} because there are unprocessed events that may cause focus to change
2025-10-18 14:01:17.639   580-907   InputDispatcher         system_process                       D  Waiting to send key to Window{65321ba u0 com.example.serenepangolinbeam/com.example.serenepangolinbeam.MainActivity} because there are unprocessed events that may cause focus to change
2025-10-18 14:01:17.997   580-907   InputDispatcher         system_process                       D  Waiting to send key to Window{65321ba u0 com.example.serenepangolinbeam/com.example.serenepangolinbeam.MainActivity} because there are unprocessed events that may cause focus to change
2025-10-18 14:01:17.998  8599-8853  IInputConnectionWrapper com.example.serenepangolinbeam       W  getSelectedText on inactive InputConnection
2025-10-18 14:01:18.002  8599-8853  IInputConnectionWrapper com.example.serenepangolinbeam       W  getTextAfterCursor on inactive InputConnection
2025-10-18 14:01:18.016  8599-8853  IInputConnectionWrapper com.example.serenepangolinbeam       W  endBatchEdit on inactive InputConnection
2025-10-18 14:01:18.103  2293-2293  AndroidIME              com...gle.android.inputmethod.latin  I  AbstractIme.onActivate():84 PasswordIme.onActivate() : EditorInfo = Package = com.example.serenepangolinbeam : Type = Password : Learning = Disable : Suggestion = Hide : AutoCorrection = Disable : Microphone = Hide : NoPersonalizedLearning = Disable : AutoStartVoiceInput = Disable, IncognitoMode = false
2025-10-18 14:01:18.367  8599-8853  IInputConnectionWrapper com.example.serenepangolinbeam       W  getTextBeforeCursor on inactive InputConnection
2025-10-18 14:01:18.372  8599-8853  IInputConnectionWrapper com.example.serenepangolinbeam       W  getSelectedText on inactive InputConnection
2025-10-18 14:01:18.449  8599-8853  IInputConnectionWrapper com.example.serenepangolinbeam       W  getTextAfterCursor on inactive InputConnection
2025-10-18 14:01:18.454  2293-2293  AndroidIME              com...gle.android.inputmethod.latin  I  AbstractIme.onActivate():84 PasswordIme.onActivate() : EditorInfo = Package = com.example.serenepangolinbeam : Type = Password : Learning = Disable : Suggestion = Hide : AutoCorrection = Disable : Microphone = Hide : NoPersonalizedLearning = Disable : AutoStartVoiceInput = Disable, IncognitoMode = false
2025-10-18 14:01:18.480  2293-2293  Conversati...yExtension com...gle.android.inputmethod.latin  I  ConversationToQueryExtension.isEnabledForHostApp():252 Conv2Query not enabled due to current app [com.example.serenepangolinbeam] not in whitelist
2025-10-18 14:01:18.490   580-907   InputDispatcher         system_process                       D  Waiting to send key to Window{65321ba u0 com.example.serenepangolinbeam/com.example.serenepangolinbeam.MainActivity} because there are unprocessed events that may cause focus to change
2025-10-18 14:01:18.539   580-907   InputDispatcher         system_process                       D  Waiting to send key to Window{65321ba u0 com.example.serenepangolinbeam/com.example.serenepangolinbeam.MainActivity} because there are unprocessed events that may cause focus to change
2025-10-18 14:01:18.663  8599-8853  IInputConnectionWrapper com.example.serenepangolinbeam       W  getTextBeforeCursor on inactive InputConnection
2025-10-18 14:01:18.667   580-907   InputDispatcher         system_process                       D  Waiting to send key to Window{65321ba u0 com.example.serenepangolinbeam/com.example.serenepangolinbeam.MainActivity} because there are unprocessed events that may cause focus to change
2025-10-18 14:01:18.671  8599-8853  IInputConnectionWrapper com.example.serenepangolinbeam       W  getSelectedText on inactive InputConnection
2025-10-18 14:01:18.682  8599-8853  IInputConnectionWrapper com.example.serenepangolinbeam       W  getTextAfterCursor on inactive InputConnection
2025-10-18 14:01:18.688   580-907   InputDispatcher         system_process                       D  Waiting to send key to Window{65321ba u0 com.example.serenepangolinbeam/com.example.serenepangolinbeam.MainActivity} because there are unprocessed events that may cause focus to change
2025-10-18 14:01:18.926  8599-8853  IInputConnectionWrapper com.example.serenepangolinbeam       W  getSelectedText on inactive InputConnection
2025-10-18 14:01:18.930  8599-8853  IInputConnectionWrapper com.example.serenepangolinbeam       W  getTextAfterCursor on inactive InputConnection
2025-10-18 14:01:18.936  2293-2293  AndroidIME              com...gle.android.inputmethod.latin  I  AbstractIme.onActivate():84 PasswordIme.onActivate() : EditorInfo = Package = com.example.serenepangolinbeam : Type = Password : Learning = Disable : Suggestion = Hide : AutoCorrection = Disable : Microphone = Hide : NoPersonalizedLearning = Disable : AutoStartVoiceInput = Disable, IncognitoMode = false
2025-10-18 14:01:18.952  2293-2293  Conversati...yExtension com...gle.android.inputmethod.latin  I  ConversationToQueryExtension.isEnabledForHostApp():252 Conv2Query not enabled due to current app [com.example.serenepangolinbeam] not in whitelist
2025-10-18 14:01:19.279  2293-2293  AndroidIME              com...gle.android.inputmethod.latin  I  AbstractIme.onActivate():84 LatinIme.onActivate() : EditorInfo = Package = com.example.serenepangolinbeam : Type = Text : Learning = Enable : Suggestion = Show : AutoCorrection = Enable : Microphone = Show : NoPersonalizedLearning = Disable : AutoStartVoiceInput = Disable, IncognitoMode = false
2025-10-18 14:01:19.855   580-907   InputDispatcher         system_process                       D  Waiting to send key to Window{65321ba u0 com.example.serenepangolinbeam/com.example.serenepangolinbeam.MainActivity} because there are unprocessed events that may cause focus to change
2025-10-18 14:01:19.913  2293-2293  AndroidIME              com...gle.android.inputmethod.latin  I  AbstractIme.onActivate():84 LatinIme.onActivate() : EditorInfo = Package = com.example.serenepangolinbeam : Type = Text : Learning = Enable : Suggestion = Show : AutoCorrection = Enable : Microphone = Show : NoPersonalizedLearning = Disable : AutoStartVoiceInput = Disable, IncognitoMode = false
2025-10-18 14:01:20.096  2293-2293  Conversati...yExtension com...gle.android.inputmethod.latin  I  ConversationToQueryExtension.isEnabledForHostApp():252 Conv2Query not enabled due to current app [com.example.serenepangolinbeam] not in whitelist
2025-10-18 14:01:20.116   580-907   InputDispatcher         system_process                       D  Waiting to send key to Window{65321ba u0 com.example.serenepangolinbeam/com.example.serenepangolinbeam.MainActivity} because there are unprocessed events that may cause focus to change
2025-10-18 14:01:20.218   580-907   InputDispatcher         system_process                       D  Waiting to send key to Window{65321ba u0 com.example.serenepangolinbeam/com.example.serenepangolinbeam.MainActivity} because there are unprocessed events that may cause focus to change
2025-10-18 14:01:20.480  8599-8853  IInputConnectionWrapper com.example.serenepangolinbeam       W  getSelectedText on inactive InputConnection
2025-10-18 14:01:20.488   580-907   InputDispatcher         system_process                       D  Waiting to send key to Window{65321ba u0 com.example.serenepangolinbeam/com.example.serenepangolinbeam.MainActivity} because there are unprocessed events that may cause focus to change
2025-10-18 14:01:20.501  8599-8853  IInputConnectionWrapper com.example.serenepangolinbeam       W  getTextAfterCursor on inactive InputConnection
2025-10-18 14:01:20.985  8599-8853  IInputConnectionWrapper com.example.serenepangolinbeam       W  getCursorCapsMode on inactive InputConnection
2025-10-18 14:01:20.990   580-907   InputDispatcher         system_process                       W  Dispatching key to Window{65321ba u0 com.example.serenepangolinbeam/com.example.serenepangolinbeam.MainActivity} even though there are other unprocessed events
2025-10-18 14:01:20.993   580-907   InputDispatcher         system_process                       D  Waiting to send key to Window{65321ba u0 com.example.serenepangolinbeam/com.example.serenepangolinbeam.MainActivity} because there are unprocessed events that may cause focus to change
2025-10-18 14:01:21.035  8599-8853  IInputConnectionWrapper com.example.serenepangolinbeam       W  getCursorCapsMode on inactive InputConnection
2025-10-18 14:01:21.706  8599-8853  IInputConnectionWrapper com.example.serenepangolinbeam       W  beginBatchEdit on inactive InputConnection
2025-10-18 14:01:21.712  8599-8853  IInputConnectionWrapper com.example.serenepangolinbeam       W  getTextBeforeCursor on inactive InputConnection
2025-10-18 14:01:21.783   580-907   InputDispatcher         system_process                       D  Waiting to send key to Window{65321ba u0 com.example.serenepangolinbeam/com.example.serenepangolinbeam.MainActivity} because there are unprocessed events that may cause focus to change
2025-10-18 14:01:21.816  8599-8853  IInputConnectionWrapper com.example.serenepangolinbeam       W  endBatchEdit on inactive InputConnection
2025-10-18 14:01:22.296   580-907   InputDispatcher         system_process                       W  Dispatching key to Window{65321ba u0 com.example.serenepangolinbeam/com.example.serenepangolinbeam.MainActivity} even though there are other unprocessed events
2025-10-18 14:01:22.532   580-907   InputDispatcher         system_process                       D  Waiting to send key to Window{65321ba u0 com.example.serenepangolinbeam/com.example.serenepangolinbeam.MainActivity} because there are unprocessed events that may cause focus to change
2025-10-18 14:01:23.034   580-907   InputDispatcher         system_process                       W  Dispatching key to Window{65321ba u0 com.example.serenepangolinbeam/com.example.serenepangolinbeam.MainActivity} even though there are other unprocessed events
2025-10-18 14:01:23.036   580-907   InputDispatcher         system_process                       D  Waiting to send key to Window{65321ba u0 com.example.serenepangolinbeam/com.example.serenepangolinbeam.MainActivity} because there are unprocessed events that may cause focus to change
2025-10-18 14:01:23.353  8599-8656  OpenGLRenderer          com.example.serenepangolinbeam       I  Davey! duration=1276ms; Flags=0, IntendedVsync=8332143508318, Vsync=8332143508318, OldestInputEvent=9223372036854775807, NewestInputEvent=0, HandleInputStart=8332149302580, AnimationStart=8332149356980, PerformTraversalsStart=8332151114180, DrawStart=8332151756680, SyncQueued=8332153858280, SyncStart=8332249844580, IssueDrawCommandsStart=8332250011780, SwapBuffers=8333216988480, FrameCompleted=8333515793680, DequeueBufferDuration=433400, QueueBufferDuration=2985300, GpuCompleted=8150061939080, 
2025-10-18 14:01:23.407  8599-8599  Choreographer           com.example.serenepangolinbeam       I  Skipped 73 frames!  The application may be doing too much work on its main thread.
2025-10-18 14:01:23.539   580-907   InputDispatcher         system_process                       W  Dispatching key to Window{65321ba u0 com.example.serenepangolinbeam/com.example.serenepangolinbeam.MainActivity} even though there are other unprocessed events
2025-10-18 14:01:23.545   580-907   InputDispatcher         system_process                       D  Waiting to send key to Window{65321ba u0 com.example.serenepangolinbeam/com.example.serenepangolinbeam.MainActivity} because there are unprocessed events that may cause focus to change
2025-10-18 14:01:23.738   580-907   InputDispatcher         system_process                       D  Waiting to send key to Window{65321ba u0 com.example.serenepangolinbeam/com.example.serenepangolinbeam.MainActivity} because there are unprocessed events that may cause focus to change
2025-10-18 14:01:23.895  2293-2293  AndroidIME              com...gle.android.inputmethod.latin  I  AbstractIme.onActivate():84 PasswordIme.onActivate() : EditorInfo = Package = com.example.serenepangolinbeam : Type = Text : Learning = Disable : Suggestion = Show : AutoCorrection = Disable : Microphone = Show : NoPersonalizedLearning = Disable : AutoStartVoiceInput = Disable, IncognitoMode = false
2025-10-18 14:01:24.137  2293-2293  Conversati...yExtension com...gle.android.inputmethod.latin  I  ConversationToQueryExtension.isEnabledForHostApp():252 Conv2Query not enabled due to current app [com.example.serenepangolinbeam] not in whitelist
2025-10-18 14:01:24.211   580-907   InputDispatcher         system_process                       D  Waiting to send key to Window{65321ba u0 com.example.serenepangolinbeam/com.example.serenepangolinbeam.MainActivity} because there are unprocessed events that may cause focus to change
2025-10-18 14:01:24.440   580-907   InputDispatcher         system_process                       D  Waiting to send key to Window{65321ba u0 com.example.serenepangolinbeam/com.example.serenepangolinbeam.MainActivity} because there are unprocessed events that may cause focus to change
2025-10-18 14:01:24.633   580-907   InputDispatcher         system_process                       D  Waiting to send key to Window{65321ba u0 com.example.serenepangolinbeam/com.example.serenepangolinbeam.MainActivity} because there are unprocessed events that may cause focus to change
2025-10-18 14:01:25.720  8599-8599  AssistStructure         com.example.serenepangolinbeam       I  Flattened final assist data: 6664 bytes, containing 1 windows, 13 views
2025-10-18 14:01:25.751  8599-8599  Choreographer           com.example.serenepangolinbeam       I  Skipped 30 frames!  The application may be doing too much work on its main thread.
2025-10-18 14:01:26.502  8599-8599  enepangolinbea          com.example.serenepangolinbeam       W  JNI critical lock held for 18.636ms on Thread[1,tid=8599,Runnable,Thread*=0xe9404610,peer=0x72c1d2e0,"main"]
2025-10-18 14:01:26.530  8599-8599  AssistStructure         com.example.serenepangolinbeam       I  Flattened final assist data: 6664 bytes, containing 1 windows, 13 views
2025-10-18 14:01:26.963  8599-8599  AssistStructure         com.example.serenepangolinbeam       I  Flattened final assist data: 6664 bytes, containing 1 windows, 13 views
2025-10-18 14:01:27.290  8599-8853  IInputConnectionWrapper com.example.serenepangolinbeam       W  getSelectedText on inactive InputConnection
2025-10-18 14:01:27.302  8599-8853  IInputConnectionWrapper com.example.serenepangolinbeam       W  getTextAfterCursor on inactive InputConnection
2025-10-18 14:01:27.312  2293-2293  AndroidIME              com...gle.android.inputmethod.latin  I  AbstractIme.onActivate():84 DummyIme.onActivate() : EditorInfo = Package = com.example.serenepangolinbeam : Type = PhoneNumber : Learning = Disable : Suggestion = Hide : AutoCorrection = Disable : Microphone = Hide : NoPersonalizedLearning = Disable : AutoStartVoiceInput = Disable, IncognitoMode = false
2025-10-18 14:01:27.332  2293-2293  Conversati...yExtension com...gle.android.inputmethod.latin  I  ConversationToQueryExtension.isEnabledForHostApp():252 Conv2Query not enabled due to current app [com.example.serenepangolinbeam] not in whitelist
2025-10-18 14:01:29.551  8599-8656  OpenGLRenderer          com.example.serenepangolinbeam       I  Davey! duration=1785ms; Flags=0, IntendedVsync=8337926878798, Vsync=8337926878798, OldestInputEvent=9223372036854775807, NewestInputEvent=0, HandleInputStart=8337930103080, AnimationStart=8337930158580, PerformTraversalsStart=8337943211580, DrawStart=8337943990180, SyncQueued=8337945184580, SyncStart=8337946226980, IssueDrawCommandsStart=8337946416680, SwapBuffers=8339684817580, FrameCompleted=8339713855480, DequeueBufferDuration=855700, QueueBufferDuration=1417100, GpuCompleted=8154899764980, 
2025-10-18 14:01:29.568  8599-8599  Choreographer           com.example.serenepangolinbeam       I  Skipped 97 frames!  The application may be doing too much work on its main thread.
2025-10-18 14:01:29.852  8599-8656  OpenGLRenderer          com.example.serenepangolinbeam       I  Davey! duration=1766ms; Flags=0, IntendedVsync=8338110256220, Vsync=8339726922822, OldestInputEvent=9223372036854775807, NewestInputEvent=0, HandleInputStart=8339731581280, AnimationStart=8339731858780, PerformTraversalsStart=8339746901180, DrawStart=8339747386880, SyncQueued=8339793796980, SyncStart=8339932226780, IssueDrawCommandsStart=8339932495380, SwapBuffers=8340009067780, FrameCompleted=8340014968780, DequeueBufferDuration=362700, QueueBufferDuration=3606800, GpuCompleted=8155166610480, 
2025-10-18 14:01:30.056  8599-8853  IInputConnectionWrapper com.example.serenepangolinbeam       W  getTextBeforeCursor on inactive InputConnection
2025-10-18 14:01:30.065  8599-8853  IInputConnectionWrapper com.example.serenepangolinbeam       W  getSelectedText on inactive InputConnection
2025-10-18 14:01:30.069  8599-8853  IInputConnectionWrapper com.example.serenepangolinbeam       W  getTextAfterCursor on inactive InputConnection
2025-10-18 14:01:30.077  2293-2293  AndroidIME              com...gle.android.inputmethod.latin  I  AbstractIme.onActivate():84 LatinIme.onActivate() : EditorInfo = Package = com.example.serenepangolinbeam : Type = Text : Learning = Enable : Suggestion = Show : AutoCorrection = Enable : Microphone = Show : NoPersonalizedLearning = Disable : AutoStartVoiceInput = Disable, IncognitoMode = false
2025-10-18 14:01:30.086  8599-8853  IInputConnectionWrapper com.example.serenepangolinbeam       W  beginBatchEdit on inactive InputConnection
2025-10-18 14:01:30.087  8599-8853  IInputConnectionWrapper com.example.serenepangolinbeam       W  endBatchEdit on inactive InputConnection
2025-10-18 14:01:30.382  2293-2293  Conversati...yExtension com...gle.android.inputmethod.latin  I  ConversationToQueryExtension.isEnabledForHostApp():252 Conv2Query not enabled due to current app [com.example.serenepangolinbeam] not in whitelist
2025-10-18 14:01:30.447  8599-8853  IInputConnectionWrapper com.example.serenepangolinbeam       W  getTextBeforeCursor on inactive InputConnection
2025-10-18 14:01:30.488  8599-8853  IInputConnectionWrapper com.example.serenepangolinbeam       W  getSelectedText on inactive InputConnection
2025-10-18 14:01:30.513  8599-8853  IInputConnectionWrapper com.example.serenepangolinbeam       W  getTextAfterCursor on inactive InputConnection
2025-10-18 14:01:30.555  2293-2293  AndroidIME              com...gle.android.inputmethod.latin  I  AbstractIme.onActivate():84 LatinIme.onActivate() : EditorInfo = Package = com.example.serenepangolinbeam : Type = Text : Learning = Enable : Suggestion = Show : AutoCorrection = Enable : Microphone = Show : NoPersonalizedLearning = Disable : AutoStartVoiceInput = Disable, IncognitoMode = false
2025-10-18 14:01:30.756  8599-8853  IInputConnectionWrapper com.example.serenepangolinbeam       W  beginBatchEdit on inactive InputConnection
2025-10-18 14:01:30.780  8599-8853  IInputConnectionWrapper com.example.serenepangolinbeam       W  endBatchEdit on inactive InputConnection
2025-10-18 14:01:30.963  2293-2293  Conversati...yExtension com...gle.android.inputmethod.latin  I  ConversationToQueryExtension.isEnabledForHostApp():252 Conv2Query not enabled due to current app [com.example.serenepangolinbeam] not in whitelist
2025-10-18 14:01:53.659  8599-8599  Capacitor/Console       com.example.serenepangolinbeam       E  File: https://localhost/assets/index-Db-mpXyg.js - Line 234 - Msg: [ERROR] Registration error: TypeError: Failed to fetch
2025-10-18 14:01:55.863  8599-8656  OpenGLRenderer          com.example.serenepangolinbeam       I  Davey! duration=1962ms; Flags=0, IntendedVsync=8364060356928, Vsync=8364060356928, OldestInputEvent=9223372036854775807, NewestInputEvent=0, HandleInputStart=8364061908180, AnimationStart=8364061960380, PerformTraversalsStart=8364066473380, DrawStart=8364066749580, SyncQueued=8364067749380, SyncStart=8364070903880, IssueDrawCommandsStart=8364071149680, SwapBuffers=8366009530080, FrameCompleted=8366026094580, DequeueBufferDuration=1253800, QueueBufferDuration=3100500, GpuCompleted=8157532835080, 
2025-10-18 14:01:55.900  8599-8599  Choreographer           com.example.serenepangolinbeam       I  Skipped 113 frames!  The application may be doing too much work on its main thread.
2025-10-18 14:01:56.112  8599-8656  OpenGLRenderer          com.example.serenepangolinbeam       I  Davey! duration=2046ms; Flags=0, IntendedVsync=8364176824178, Vsync=8366060157436, OldestInputEvent=9223372036854775807, NewestInputEvent=0, HandleInputStart=8366064029880, AnimationStart=8366064090980, PerformTraversalsStart=8366095800480, DrawStart=8366096620180, SyncQueued=8366097199880, SyncStart=8366149181980, IssueDrawCommandsStart=8366149427080, SwapBuffers=8366265922780, FrameCompleted=8366275720480, DequeueBufferDuration=1313700, QueueBufferDuration=6914800, GpuCompleted=8157639809380, 
