2025-10-13 16:06:54.928  7455-7455  s.youtube.musi          com...le.android.apps.youtube.music  W  Accessing hidden method Ljava/util/Collections$SynchronizedCollection;-><init>(Ljava/util/Collection;Ljava/lang/Object;)V (greylist-max-o, reflection, denied)
2025-10-13 16:06:54.929  7455-7493  s.youtube.musi          com...le.android.apps.youtube.music  W  Long monitor contention with owner yt-background8-1 (7492) at acqm qmg.c()(PG:11) waiters=1 in acqm qmg.c() for 187ms
2025-10-13 16:06:55.041  2986-3000  .gms.persisten          com.google.android.gms               I  Background young concurrent copying GC freed 32404(1970KB) AllocSpace objects, 19(444KB) LOS objects, 12% free, 15MB/18MB, paused 1.266ms total 190.236ms
2025-10-13 16:06:55.371   580-1631  ConnectivityService     system_process                       D  requestNetwork for uid/pid:10127/7455 NetworkRequest [ TRACK_DEFAULT id=53, [ Capabilities: INTERNET&NOT_RESTRICTED&TRUSTED Uid: 10127 AdministratorUids: [] RequestorUid: 10127 RequestorPackageName: com.google.android.apps.youtube.music] ]
2025-10-13 16:06:55.372   580-953   ConnectivityService     system_process                       D  NetReassign [53 : null → 100]
2025-10-13 16:06:55.379   580-939   UntrustedW...orkFactory system_process                       D  got request NetworkRequest [ TRACK_DEFAULT id=53, [ Capabilities: INTERNET&NOT_RESTRICTED&TRUSTED Uid: 10127 AdministratorUids: [] RequestorUid: 10127 RequestorPackageName: com.google.android.apps.youtube.music] ] with score 20 and providerId 3
2025-10-13 16:06:55.379   580-939   WifiNetworkFactory      system_process                       D  got request NetworkRequest [ TRACK_DEFAULT id=53, [ Capabilities: INTERNET&NOT_RESTRICTED&TRUSTED Uid: 10127 AdministratorUids: [] RequestorUid: 10127 RequestorPackageName: com.google.android.apps.youtube.music] ] with score 20 and providerId 3
2025-10-13 16:06:55.405  2712-2712  PhoneSwitc...stListener com.android.phone                    D  got request NetworkRequest [ TRACK_DEFAULT id=53, [ Capabilities: INTERNET&NOT_RESTRICTED&TRUSTED Uid: 10127 AdministratorUids: [] RequestorUid: 10127 RequestorPackageName: com.google.android.apps.youtube.music] ] with score 20 and providerId 3
2025-10-13 16:06:56.038  1041-1041  KeyguardUpdateMonitor   pid-1041                             V  onSubscriptionInfoChanged()
2025-10-13 16:06:56.383  7455-7479  s.youtube.musi          com...le.android.apps.youtube.music  I  Waiting for a blocking GC ProfileSaver
2025-10-13 16:06:56.423   580-953   ConnectivityService     system_process                       D  NetReassign [no changes]
2025-10-13 16:06:56.429  1041-1041  KeyguardUpdateMonitor   pid-1041                             V  SubInfo:{id=1 iccId=89014103211118510720 simSlotIndex=0 carrierId=1 displayName=T-Mobile carrierName=T-Mobile nameSource=3 iconTint=-16746133 number=+15555215554 dataRoaming=0 iconBitmap=android.graphics.Bitmap@79cf6c3 mcc=310 mnc=260 countryIso=us isEmbedded=false nativeAccessRules=null cardString=89014103211118510720 cardId=-1 isOpportunistic=false groupUUID=null isGroupDisabled=false profileClass=-1 ehplmns=null hplmns=null subscriptionType=0 groupOwner=null carrierConfigAccessRules=null areUiccApplicationsEnabled=true}
2025-10-13 16:06:56.522  2712-2712  Telephony               com.android.phone                    D  isEmergencyPreferredAccount: subId=1, activeData=1
2025-10-13 16:06:56.522  2712-2712  Telephony               com.android.phone                    D  isEmergencyPreferredAccount: Device does not require preference.
2025-10-13 16:06:58.356  6768-6786  WellbeingSettingsProvid com.google.android.apps.wellbeing    W  Call failed: get_actions
                                                                                                    java.util.concurrent.TimeoutException: Waited 5000 milliseconds (plus 147 milliseconds, 27900 nanoseconds delay) for nit@e910ab9[status=PENDING, info=[inputFuture=[njl@91c1efe[status=PENDING, info=[inputFuture=[njl@8dec65f[status=PENDING, info=[inputFuture=[nkv@3c598ac[status=PENDING, info=[futures=[njl@ae9975[status=PENDING, info=[inputFuture=[njl@2972d0a[status=PENDING, info=[inputFuture=[nlt@9d3697b[status=PENDING, info=[delegate=[nmy@9499398[status=PENDING, setFuture=[njl@edc57f1[status=PENDING, info=[inputFuture=[njk@c030fd6[status=PENDING, info=[inputFuture=[nlt@1a52257[status=PENDING, info=[delegate=[nmy@a105144[status=PENDING, info=[task=[running=[NOT STARTED YET], propagating=[cix@4d822d]]]]]]]], function=[propagating=[bjl@a785362]]]]], function=[propagating=[bjm@e6f8cf3]]]]]]]]]], function=[propagating=[bhz@9633db0]]]]], function=[propagating=[edx@22d1429]]]]]]]], function=[propagating=[edq@a0c43ae]]]]], function=[propagating=[bhx@a6c054f]]]]], exceptionType=[class java.lang.Throwable], fallback=[propagating=[bhy@3b684dc]]]]
                                                                                                    	at nji.get(PG:125)
                                                                                                    	at nln.get(PG:4)
                                                                                                    	at com.google.android.apps.wellbeing.api.impl.WellbeingSettingsProvider.a(PG:246)
                                                                                                    	at com.google.android.apps.wellbeing.api.impl.WellbeingSettingsProvider.call(PG:42)
                                                                                                    	at android.content.ContentProvider.call(ContentProvider.java:2448)
                                                                                                    	at android.content.ContentProvider$Transport.call(ContentProvider.java:517)
                                                                                                    	at android.content.ContentProviderNative.onTransact(ContentProviderNative.java:295)
                                                                                                    	at android.os.Binder.execTransactInternal(Binder.java:1154)
                                                                                                    	at android.os.Binder.execTransact(Binder.java:1123)
2025-10-13 16:06:59.998  2167-2178  ocess.gservice          com.google.android.gsf               W  Suspending all threads took: 62.966ms
2025-10-13 16:07:00.294  1041-1041  KeyguardClockSwitch     pid-1041                             D  Updating clock: 407
2025-10-13 16:07:00.318  7455-7479  s.youtube.musi          com...le.android.apps.youtube.music  I  WaitForGcToComplete blocked ProfileSaver on RunEmptyCheckpoint for 3.935s
2025-10-13 16:07:00.649  1041-1697  ndroid.systemu          pid-1041                             W  Long monitor contention with owner SysUiBg (1212) at boolean android.os.MessageQueue.enqueueMessage(android.os.Message, long)(MessageQueue.java:600) waiters=0 in android.os.Message android.os.MessageQueue.next() for 332ms
2025-10-13 16:07:06.003  7455-7467  s.youtube.musi          com...le.android.apps.youtube.music  W  Suspending all threads took: 5.241s
2025-10-13 16:07:06.171  1041-1985  OpenGLRenderer          pid-1041                             I  Davey! duration=5440ms; Flags=0, IntendedVsync=7645526852924, Vsync=7645526852924, OldestInputEvent=9223372036854775807, NewestInputEvent=0, HandleInputStart=7645534357080, AnimationStart=7645534411380, PerformTraversalsStart=7645534768180, DrawStart=7650791897280, SyncQueued=7650792311280, SyncStart=7650798978780, IssueDrawCommandsStart=7650801322280, SwapBuffers=7650804390080, FrameCompleted=7650974398880, DequeueBufferDuration=549400, QueueBufferDuration=165895900, GpuCompleted=2314258439400, 
2025-10-13 16:07:06.477   580-634   system_server           system_process                       W  Long monitor contention with owner Binder:580_1C (2636) at void com.android.server.am.ActivityManagerService.serviceDoneExecuting(android.os.IBinder, int, int, int)(ActivityManagerService.java:15232) waiters=0 in void com.android.server.am.ActiveServices$1.run() for 1.694s
2025-10-13 16:07:06.478   580-872   system_server           system_process                       W  Long monitor contention with owner Binder:580_1C (2636) at void com.android.server.am.ActivityManagerService.serviceDoneExecuting(android.os.IBinder, int, int, int)(ActivityManagerService.java:15232) waiters=1 in boolean com.android.server.am.ActivityManagerService.unbindService(android.app.IServiceConnection) for 1.695s
2025-10-13 16:07:07.007   580-872   ActivityManager         system_process                       W  SLOW OOM ADJ: 524ms for pid 6750 = 935
2025-10-13 16:07:08.684  7455-7509  GEL_DELAYED_EVENT_DEBUG com...le.android.apps.youtube.music  E  Failed delayed event dispatch, no dispatchers.
2025-10-13 16:07:08.796   580-2135  system_server           system_process                       W  Long monitor contention with owner Binder:580_8 (1240) at void com.android.server.am.ActivityManagerService.serviceDoneExecuting(android.os.IBinder, int, int, int)(ActivityManagerService.java:15232) waiters=1 in boolean com.android.server.am.ActivityManagerService.refContentProvider(android.os.IBinder, int, int) for 810ms
2025-10-13 16:07:08.849   580-618   Looper                  system_process                       W  Slow dispatch took 2368ms android.ui h=com.android.server.am.ActivityManagerService$UiHandler c=null m=31
2025-10-13 16:07:08.870   580-618   Looper                  system_process                       W  Slow delivery took 1833ms android.ui h=com.android.server.am.ActivityManagerService$UiHandler c=null m=53
2025-10-13 16:07:09.122  7455-7496  AwarenessClientProvider com...le.android.apps.youtube.music  E  Account associated with identity was null
2025-10-13 16:07:09.150  7455-7520  AwarenessRouterSyncMgr  com...le.android.apps.youtube.music  E  Exception while syncing fences
                                                                                                    java.util.concurrent.ExecutionException: java.lang.IllegalStateException: Account associated with identity was null
                                                                                                    	at zsp.a(PG:135)
                                                                                                    	at zsp.get(PG:82)
                                                                                                    	at zwj.a(PG:1)
                                                                                                    	at zuv.a(PG:4)
                                                                                                    	at fyf.run(Unknown Source:1)
                                                                                                    	at java.util.concurrent.Executors$RunnableAdapter.call(Executors.java:462)
                                                                                                    	at java.util.concurrent.FutureTask.run(FutureTask.java:266)
                                                                                                    	at java.util.concurrent.ScheduledThreadPoolExecutor$ScheduledFutureTask.run(ScheduledThreadPoolExecutor.java:301)
                                                                                                    	at java.util.concurrent.ThreadPoolExecutor.runWorker(ThreadPoolExecutor.java:1167)
                                                                                                    	at java.util.concurrent.ThreadPoolExecutor$Worker.run(ThreadPoolExecutor.java:641)
                                                                                                    	at pqt.run(PG:13)
                                                                                                    	at java.lang.Thread.run(Thread.java:923)
                                                                                                    Caused by: java.lang.IllegalStateException: Account associated with identity was null
                                                                                                    	at fxj.a(Unknown Source:3)
                                                                                                    	at zsr.a(PG:3)
                                                                                                    	at zst.run(PG:23)
                                                                                                    	at zvn.run(PG:2)
                                                                                                    	at java.util.concurrent.Executors$RunnableAdapter.call(Executors.java:462) 
                                                                                                    	at java.util.concurrent.FutureTask.run(FutureTask.java:266) 
                                                                                                    	at java.util.concurrent.ScheduledThreadPoolExecutor$ScheduledFutureTask.run(ScheduledThreadPoolExecutor.java:301) 
                                                                                                    	at java.util.concurrent.ThreadPoolExecutor.runWorker(ThreadPoolExecutor.java:1167) 
                                                                                                    	at java.util.concurrent.ThreadPoolExecutor$Worker.run(ThreadPoolExecutor.java:641) 
                                                                                                    	at pqt.run(PG:13) 
                                                                                                    	at java.lang.Thread.run(Thread.java:923) 
2025-10-13 16:07:14.216  6768-6786  WellbeingSettingsProvid com.google.android.apps.wellbeing    W  Call failed: get_actions
                                                                                                    java.util.concurrent.TimeoutException: Waited 5000 milliseconds (plus 274 milliseconds, 733200 nanoseconds delay) for nit@c86625d[status=PENDING, info=[inputFuture=[njl@81e67d2[status=PENDING, info=[inputFuture=[njl@70060a3[status=PENDING, info=[inputFuture=[nkv@9acffa0[status=PENDING, info=[futures=[njl@a4bc759[status=PENDING, info=[inputFuture=[njl@d72f1e[status=PENDING, info=[inputFuture=[nlt@b2e63ff[status=PENDING, info=[delegate=[nmy@b7275cc[status=PENDING, info=[task=[running=[NOT STARTED YET], propagating=[bjh@7688015]]]]]]]], function=[propagating=[bhz@3c31f2a]]]]], function=[propagating=[edx@20f411b]]]]]]]], function=[propagating=[edq@a0c43ae]]]]], function=[propagating=[bhx@c3722b8]]]]], exceptionType=[class java.lang.Throwable], fallback=[propagating=[bhy@3b684dc]]]]
                                                                                                    	at nji.get(PG:125)
                                                                                                    	at nln.get(PG:4)
                                                                                                    	at com.google.android.apps.wellbeing.api.impl.WellbeingSettingsProvider.a(PG:246)
                                                                                                    	at com.google.android.apps.wellbeing.api.impl.WellbeingSettingsProvider.call(PG:42)
                                                                                                    	at android.content.ContentProvider.call(ContentProvider.java:2448)
                                                                                                    	at android.content.ContentProvider$Transport.call(ContentProvider.java:517)
                                                                                                    	at android.content.ContentProviderNative.onTransact(ContentProviderNative.java:295)
                                                                                                    	at android.os.Binder.execTransactInternal(Binder.java:1154)
                                                                                                    	at android.os.Binder.execTransact(Binder.java:1123)
2025-10-13 16:07:14.286   580-618   Looper                  system_process                       W  Drained
2025-10-13 16:07:14.577   189-191   android.sy....0-service pid-189                              E  Error opening kernel wakelock stats for: wakeup36: Permission denied
2025-10-13 16:07:14.682  7455-7515  s.youtube.musi          com...le.android.apps.youtube.music  I  The ClassLoaderContext is a special shared library.
2025-10-13 16:07:14.480   189-189   Binder:189_1            pid-189                              W  type=1400 audit(0.0:400): avc: denied { read } for name="wakeup36" dev="sysfs" ino=19163 scontext=u:r:system_suspend:s0 tcontext=u:object_r:sysfs:s0 tclass=dir permissive=0
2025-10-13 16:07:14.713   189-191   android.sy....0-service pid-189                              E  Error opening kernel wakelock stats for: wakeup35: Permission denied
2025-10-13 16:07:14.684   189-189   Binder:189_1            pid-189                              W  type=1400 audit(0.0:401): avc: denied { read } for name="wakeup35" dev="sysfs" ino=19100 scontext=u:r:system_suspend:s0 tcontext=u:object_r:sysfs:s0 tclass=dir permissive=0
2025-10-13 16:07:15.018  7455-7543  s.youtube.musi          com...le.android.apps.youtube.music  W  Long monitor contention with owner yt-background8-2 (7493) at java.io.File[] android.app.ContextImpl.getExternalFilesDirs(java.lang.String)(ContextImpl.java:763) waiters=1 in java.io.File android.app.ContextImpl.getDatabasesDir() for 389ms
2025-10-13 16:07:15.143  7455-7534  s.youtube.musi          com...le.android.apps.youtube.music  W  Long monitor contention with owner yt-background8-2 (7493) at java.io.File[] android.app.ContextImpl.getExternalFilesDirs(java.lang.String)(ContextImpl.java:763) waiters=0 in java.io.File android.app.ContextImpl.getFilesDir() for 405ms
2025-10-13 16:07:15.412  7455-7515  s.youtube.musi          com...le.android.apps.youtube.music  I  The ClassLoaderContext is a special shared library.
2025-10-13 16:07:15.560  7455-7515  nativeloader            com...le.android.apps.youtube.music  D  classloader namespace configured for unbundled product apk. library_path=/product/priv-app/PrebuiltGmsCore/lib/x86:/product/priv-app/PrebuiltGmsCore/PrebuiltGmsCore.apk!/lib/x86:/product/lib:/system/product/lib
2025-10-13 16:07:15.749  7455-7499  GoogleTagManager        com...le.android.apps.youtube.music  W  Failed to extract the container from the resource file. Resource is a UTF-8 encoded string but doesn't contain a JSON container
2025-10-13 16:07:15.826  7455-7515  s.youtube.musi          com...le.android.apps.youtube.music  I  Waiting for a blocking GC ClassLinker
2025-10-13 16:07:16.461  7455-7455  MediaRouter             com...le.android.apps.youtube.music  V  Selecting route: RouteInfo{ name=Phone, description=null, status=null, category=RouteCategory{ name=System types=ROUTE_TYPE_LIVE_AUDIO ROUTE_TYPE_LIVE_VIDEO  groupable=false }, supportedTypes=ROUTE_TYPE_LIVE_AUDIO ROUTE_TYPE_LIVE_VIDEO , presentationDisplay=null }
2025-10-13 16:07:16.726   580-2636  ActivityManager         system_process                       W  Slow operation: 101ms so far, now at startProcess: done creating new process record
2025-10-13 16:07:16.726   580-2636  ActivityManager         system_process                       W  Slow operation: 102ms so far, now at startProcess: stepping in to startProcess
2025-10-13 16:07:16.729   580-2636  Compatibil...geReporter system_process                       D  Compat change id reported: 135634846; UID 10144; state: DISABLED
2025-10-13 16:07:16.731   580-635   Compatibil...geReporter system_process                       D  Compat change id reported: 143937733; UID 10144; state: DISABLED
2025-10-13 16:07:16.732   580-2636  ActivityManager         system_process                       W  Slow operation: 107ms so far, now at startProcess: done starting proc!
2025-10-13 16:07:16.779   269-269   Zygote                  pid-269                              D  Forked child process 7551
2025-10-13 16:07:16.811   580-2636  ActivityManager         system_process                       I  Killing 6568:com.google.android.videos/u0a147 (adj 995): empty for 3515s
2025-10-13 16:07:16.812   580-2636  ActivityManager         system_process                       I  Killing 6559:com.google.android.partnersetup/u0a115 (adj 999): empty for 3517s
2025-10-13 16:07:16.817   580-1831  system_server           system_process                       W  Long monitor contention with owner Binder:580_1C (2636) at void com.android.server.am.ActivityManagerService.finishReceiver(android.os.IBinder, int, java.lang.String, android.os.Bundle, boolean, int)(ActivityManagerService.java:16858) waiters=0 in boolean com.android.server.am.ActivityManagerService.refContentProvider(android.os.IBinder, int, int) for 152ms
2025-10-13 16:07:16.949  7551-7551  ndroid.calenda          com.google.android.calendar          W  Unexpected CPU variant for X86 using defaults: x86
2025-10-13 16:07:17.054   580-635   ActivityManager         system_process                       W  Slow operation: 328ms so far, now at startProcess: returned from zygote!
2025-10-13 16:07:17.055   580-635   ActivityManager         system_process                       W  Slow operation: 328ms so far, now at startProcess: done updating battery stats
2025-10-13 16:07:17.055   580-635   ActivityManager         system_process                       W  Slow operation: 329ms so far, now at startProcess: building log message
2025-10-13 16:07:17.055   580-635   ActivityManager         system_process                       I  Start proc 7551:com.google.android.calendar/u0a144 for broadcast {com.google.android.calendar/com.android.calendar.widget.CalendarAppWidgetProvider}
2025-10-13 16:07:17.055   580-635   ActivityManager         system_process                       W  Slow operation: 329ms so far, now at startProcess: starting to update pids map
2025-10-13 16:07:17.056   580-635   ActivityManager         system_process                       W  Slow operation: 330ms so far, now at startProcess: done updating pids map
2025-10-13 16:07:17.136   580-618   Looper                  system_process                       W  Slow dispatch took 303ms android.ui h=com.android.server.am.ActivityManagerService$UiHandler c=null m=53
2025-10-13 16:07:17.146   369-432   adbd                    pid-369                              I  jdwp connection from 7551
2025-10-13 16:07:17.168   580-1831  ConnectivityService     system_process                       D  ConnectivityService NetworkRequestInfo binderDied(NetworkRequest [ TRACK_DEFAULT id=50, [ Capabilities: INTERNET&NOT_RESTRICTED&TRUSTED Uid: 10147 AdministratorUids: [] RequestorUid: 10147 RequestorPackageName: com.google.android.videos] ], android.os.BinderProxy@ca02a85)
2025-10-13 16:07:17.196   580-953   ConnectivityService     system_process                       D  releasing NetworkRequest [ TRACK_DEFAULT id=50, [ Capabilities: INTERNET&NOT_RESTRICTED&TRUSTED Uid: 10147 AdministratorUids: [] RequestorUid: 10147 RequestorPackageName: com.google.android.videos] ] (release request)
2025-10-13 16:07:17.196   269-269   Zygote                  pid-269                              I  Process 6568 exited due to signal 9 (Killed)
2025-10-13 16:07:17.197   580-636   libprocessgroup         system_process                       I  Successfully killed process cgroup uid 10147 pid 6568 in 0ms
2025-10-13 16:07:17.200   580-580   Looper                  system_process                       W  Slow dispatch took 139ms main h=com.android.server.job.controllers.QuotaController$QcHandler c=null m=3
2025-10-13 16:07:17.205  2821-2821  AvrcpMediaPlayerList    com.android.bluetooth                V  onActiveSessionsChanged: number of controllers: 0
2025-10-13 16:07:17.431   269-269   Zygote                  pid-269                              I  Process 6559 exited due to signal 9 (Killed)
2025-10-13 16:07:17.561   580-636   libprocessgroup         system_process                       I  Successfully killed process cgroup uid 10115 pid 6559 in 184ms
2025-10-13 16:07:17.563   580-1239  ActivityManager         system_process                       W  Slow operation: 58ms so far, now at attachApplicationLocked: immediately before bindApplication
2025-10-13 16:07:17.565   580-1239  ActivityManager         system_process                       W  Slow operation: 60ms so far, now at attachApplicationLocked: immediately after bindApplication
2025-10-13 16:07:17.566   580-1239  ActivityManager         system_process                       W  Slow operation: 60ms so far, now at attachApplicationLocked: after updateLruProcessLocked
2025-10-13 16:07:17.566   580-1239  ActivityManager         system_process                       W  Slow operation: 61ms so far, now at attachApplicationLocked: after mServices.attachApplicationLocked
2025-10-13 16:07:17.586  1041-1041  KeyguardUpdateMonitor   pid-1041                             V  onSubscriptionInfoChanged()
2025-10-13 16:07:17.601  7455-7455  MediaRouter             com...le.android.apps.youtube.music  V  Selecting route: RouteInfo{ name=Phone, description=null, status=null, category=RouteCategory{ name=System types=ROUTE_TYPE_LIVE_AUDIO ROUTE_TYPE_LIVE_VIDEO  groupable=false }, supportedTypes=ROUTE_TYPE_LIVE_AUDIO ROUTE_TYPE_LIVE_VIDEO , presentationDisplay=null }
2025-10-13 16:07:17.608  1041-1041  KeyguardUpdateMonitor   pid-1041                             V  SubInfo:{id=1 iccId=89014103211118510720 simSlotIndex=0 carrierId=1 displayName=T-Mobile carrierName=T-Mobile nameSource=3 iconTint=-16746133 number=+15555215554 dataRoaming=0 iconBitmap=android.graphics.Bitmap@1e6dca mcc=310 mnc=260 countryIso=us isEmbedded=false nativeAccessRules=null cardString=89014103211118510720 cardId=-1 isOpportunistic=false groupUUID=null isGroupDisabled=false profileClass=-1 ehplmns=null hplmns=null subscriptionType=0 groupOwner=null carrierConfigAccessRules=null areUiccApplicationsEnabled=true}
2025-10-13 16:07:17.610   580-1239  ActivityManager         system_process                       W  Slow operation: 104ms so far, now at attachApplicationLocked: after sendPendingBroadcastsLocked
2025-10-13 16:07:17.645  2712-2712  Telephony               com.android.phone                    D  isEmergencyPreferredAccount: subId=1, activeData=1
2025-10-13 16:07:17.645  2712-2712  Telephony               com.android.phone                    D  isEmergencyPreferredAccount: Device does not require preference.
2025-10-13 16:07:17.697  7551-7551  ApplicationLoaders      com.google.android.calendar          D  Returning zygote-cached class loader: /system/framework/android.test.base.jar
2025-10-13 16:07:17.806  7551-7551  ndroid.calenda          com.google.android.calendar          I  The ClassLoaderContext is a special shared library.
2025-10-13 16:07:18.178  7551-7551  ndroid.calenda          com.google.android.calendar          I  The ClassLoaderContext is a special shared library.
2025-10-13 16:07:18.180  7551-7551  nativeloader            com.google.android.calendar          D  classloader namespace configured for unbundled product apk. library_path=/product/app/CalendarGooglePrebuilt/lib/x86:/product/lib:/system/product/lib
2025-10-13 16:07:18.438  7551-7551  NetworkSecurityConfig   com.google.android.calendar          D  No Network Security Config specified, using platform default
2025-10-13 16:07:18.439  7551-7551  NetworkSecurityConfig   com.google.android.calendar          D  No Network Security Config specified, using platform default
2025-10-13 16:07:18.506  7455-7515  s.youtube.musi          com...le.android.apps.youtube.music  I  WaitForGcToComplete blocked ClassLinker on HeapTrim for 2.680s
2025-10-13 16:07:19.475   580-2636  ActivityManager         system_process                       W  Slow operation: 129ms so far, now at getContentProviderImpl: before checkContentProviderPermission
2025-10-13 16:07:19.475   580-2636  ActivityManager         system_process                       W  Slow operation: 129ms so far, now at getContentProviderImpl: after checkContentProviderPermission
2025-10-13 16:07:19.476   580-2636  ActivityManager         system_process                       W  Slow operation: 129ms so far, now at getContentProviderImpl: incProviderCountLocked
2025-10-13 16:07:19.476   580-2636  ActivityManager         system_process                       W  Slow operation: 129ms so far, now at getContentProviderImpl: before updateLruProcess
2025-10-13 16:07:19.476   580-2636  ActivityManager         system_process                       W  Slow operation: 129ms so far, now at getContentProviderImpl: after updateLruProcess
2025-10-13 16:07:19.476   580-2636  ActivityManager         system_process                       W  Slow operation: 129ms so far, now at getContentProviderImpl: before updateOomAdj
2025-10-13 16:07:19.476   580-2636  ActivityManager         system_process                       W  Slow operation: 130ms so far, now at getContentProviderImpl: after updateOomAdj
2025-10-13 16:07:19.477   580-2636  ActivityManager         system_process                       W  Slow operation: 130ms so far, now at getContentProviderImpl: done!
2025-10-13 16:07:19.796  7455-7515  DynamiteModule          com...le.android.apps.youtube.music  I  Considering local module com.google.android.gms.ads.dynamite:0 and remote module com.google.android.gms.ads.dynamite:21400
2025-10-13 16:07:19.797  7455-7515  DynamiteModule          com...le.android.apps.youtube.music  I  Selected remote version of com.google.android.gms.ads.dynamite, version >= 21400
2025-10-13 16:07:19.928  7455-7515  s.youtube.musi          com...le.android.apps.youtube.music  W  Verification of java.lang.Object ci.a(ch) took 128.967ms (868.44 bytecodes/s) (2648B approximate peak alloc)
2025-10-13 16:07:20.005  7455-7497  FA                      com...le.android.apps.youtube.music  I  App measurement initialized, version: 28015
2025-10-13 16:07:20.005  7455-7497  FA                      com...le.android.apps.youtube.music  I  To enable debug logging run: adb shell setprop log.tag.FA VERBOSE
2025-10-13 16:07:20.006  7455-7497  FA                      com...le.android.apps.youtube.music  I  To enable faster debug mode event logging run:
                                                                                                      adb shell setprop debug.firebase.analytics.app com.google.android.apps.youtube.music
2025-10-13 16:07:20.146  7455-7515  s.youtube.musi          com...le.android.apps.youtube.music  W  Verification of void cq.<init>(android.content.Context) took 215.852ms (176.05 bytecodes/s) (1368B approximate peak alloc)
2025-10-13 16:07:20.306  7455-7515  s.youtube.musi          com...le.android.apps.youtube.music  W  Verification of ed cq.a(android.content.Context, long) took 158.594ms (3184.22 bytecodes/s) (12528B approximate peak alloc)
2025-10-13 16:07:21.111   580-580   Looper                  system_process                       W  Slow dispatch took 532ms main h=com.android.server.notification.NotificationManagerService$WorkerHandler c=com.android.server.notification.NotificationManagerService$CancelNotificationRunnable@3ba0e83 m=0
2025-10-13 16:07:21.111   580-580   Looper                  system_process                       W  Slow delivery took 541ms main h=com.android.server.job.JobSchedulerService$JobHandler c=null m=4
2025-10-13 16:07:21.338  7455-7515  s.youtube.musi          com...le.android.apps.youtube.music  W  Verification of void ag.<init>(android.content.Context, ag, android.content.res.Resources) took 113.431ms (193.95 bytecodes/s) (1168B approximate peak alloc)
2025-10-13 16:07:21.810  7455-7515  s.youtube.musi          com...le.android.apps.youtube.music  W  Verification of java.lang.ClassLoader az.a() took 173.646ms (305.22 bytecodes/s) (1784B approximate peak alloc)
2025-10-13 16:07:22.821  7455-7515  s.youtube.musi          com...le.android.apps.youtube.music  W  Verification of java.lang.reflect.Method az.a(java.lang.Class, java.lang.String, java.lang.Class[]) took 124.162ms (1264.48 bytecodes/s) (2584B approximate peak alloc)
2025-10-13 16:07:23.547  7551-7571  ndroid.calenda          com.google.android.calendar          I  Waiting for a blocking GC ProfileSaver
2025-10-13 16:07:23.870  1041-1055  ndroid.systemu          pid-1041                             I  Background concurrent copying GC freed 80561(3658KB) AllocSpace objects, 156(3120KB) LOS objects, 49% free, 6612KB/12MB, paused 1.144ms total 2.697s
2025-10-13 16:07:23.871  1041-1055  ndroid.systemu          pid-1041                             W  Reducing the number of considered missed Gc histogram windows from 169 to 100
2025-10-13 16:07:23.964   580-618   system_server           system_process                       W  Long monitor contention with owner Binder:580_17 (2254) at int com.android.server.am.ActivityManagerService.getUidState(int)(ActivityManagerService.java:6027) waiters=0 in void com.android.server.am.ActivityManagerService.dispatchUidsChanged() for 1.327s
2025-10-13 16:07:23.967   580-618   Looper                  system_process                       W  Slow dispatch took 1329ms android.ui h=com.android.server.am.ActivityManagerService$UiHandler c=null m=53
2025-10-13 16:07:23.977   580-618   Looper                  system_process                       W  Slow delivery took 1296ms android.ui h=com.android.server.am.ActivityManagerService$UiHandler c=null m=31
2025-10-13 16:07:23.978   580-2636  system_server           system_process                       W  Long monitor contention with owner Binder:580_17 (2254) at int com.android.server.am.ActivityManagerService.getUidState(int)(ActivityManagerService.java:6027) waiters=1 in void com.android.server.am.ActivityManagerService.serviceDoneExecuting(android.os.IBinder, int, int, int) for 410ms
2025-10-13 16:07:24.018  7455-7515  s.youtube.musi          com...le.android.apps.youtube.music  W  Verification of boolean az.a(java.lang.String, java.lang.String) took 1.195s (43.48 bytecodes/s) (1144B approximate peak alloc)
2025-10-13 16:07:24.026   580-618   Looper                  system_process                       W  Drained
2025-10-13 16:07:24.031   580-580   Looper                  system_process                       W  Drained
2025-10-13 16:07:24.119  7551-7579  ndroid.calenda          com.google.android.calendar          W  Accessing hidden field Ljava/util/Collections$SynchronizedCollection;->mutex:Ljava/lang/Object; (greylist-max-o, reflection, denied)
2025-10-13 16:07:24.120  7551-7579  ndroid.calenda          com.google.android.calendar          W  Accessing hidden method Ljava/util/Collections$SynchronizedSet;-><init>(Ljava/util/Set;Ljava/lang/Object;)V (greylist-max-o, reflection, denied)
2025-10-13 16:07:24.120  7551-7579  ndroid.calenda          com.google.android.calendar          W  Accessing hidden method Ljava/util/Collections$SynchronizedCollection;-><init>(Ljava/util/Collection;Ljava/lang/Object;)V (greylist-max-o, reflection, denied)
2025-10-13 16:07:24.140  7455-7515  s.youtube.musi          com...le.android.apps.youtube.music  W  Unsupported class loader
2025-10-13 16:07:24.224  7551-7571  ndroid.calenda          com.google.android.calendar          I  WaitForGcToComplete blocked ProfileSaver on RunEmptyCheckpoint for 676.520ms
2025-10-13 16:07:25.088  7551-7563  ndroid.calenda          com.google.android.calendar          W  Suspending all threads took: 269.214ms
2025-10-13 16:07:25.523   580-618   Looper                  system_process                       W  Slow dispatch took 125ms android.ui h=com.android.server.am.ActivityManagerService$UiHandler c=null m=53
2025-10-13 16:07:26.238  7455-7515  s.youtube.musi          com...le.android.apps.youtube.music  W  Unsupported class loader
2025-10-13 16:07:26.285   580-1651  system_server           system_process                       E  Invalid class loader spec: =UnsupportedClassLoaderContext=
2025-10-13 16:07:26.285   580-1651  PackageDexUsage         system_process                       E  Unsupported context?
2025-10-13 16:07:26.302  7455-7515  s.youtube.musi          com...le.android.apps.youtube.music  I  WaitForGcToComplete blocked ClassLinker on None for 17.291ms
2025-10-13 16:07:27.268  7455-7515  DynamitePackage         com...le.android.apps.youtube.music  D  Instantiated singleton DynamitePackage.
2025-10-13 16:07:27.273  7455-7515  DynamitePackage         com...le.android.apps.youtube.music  D  Instantiating com.google.android.gms.ads.adshield.ChimeraAdShieldCreatorImpl
2025-10-13 16:07:29.229  7455-7515  s.youtube.musi          com...le.android.apps.youtube.music  W  Verification of void mx.<init>() took 1.407s (4.26 bytecodes/s) (768B approximate peak alloc)
2025-10-13 16:07:29.534  7455-7515  s.youtube.musi          com...le.android.apps.youtube.music  W  Verification of my com.google.android.gms.ads.adshield.internal.a.a(my, my, boolean) took 222.906ms (157.02 bytecodes/s) (1304B approximate peak alloc)
2025-10-13 16:07:30.119  7455-7515  s.youtube.musi          com...le.android.apps.youtube.music  W  Verification of er dq.a(ep, android.view.MotionEvent, android.util.DisplayMetrics) took 150.540ms (325.49 bytecodes/s) (1720B approximate peak alloc)
2025-10-13 16:07:30.209  7455-7467  s.youtube.musi          com...le.android.apps.youtube.music  W  Suspending all threads took: 51.107ms
2025-10-13 16:07:30.365  7455-7515  s.youtube.musi          com...le.android.apps.youtube.music  W  Verification of long dq.a(java.lang.StackTraceElement[]) took 103.442ms (522.03 bytecodes/s) (1760B approximate peak alloc)
2025-10-13 16:07:30.552  7455-7515  s.youtube.musi          com...le.android.apps.youtube.music  W  Verification of void dq.a(int, int, int) took 111.603ms (851.23 bytecodes/s) (2192B approximate peak alloc)
2025-10-13 16:07:30.858  7455-7515  s.youtube.musi          com...le.android.apps.youtube.music  W  Verification of void dq.a(android.view.View) took 255.325ms (144.91 bytecodes/s) (1360B approximate peak alloc)
2025-10-13 16:07:31.218  7455-7497  ConnectionTracker       com...le.android.apps.youtube.music  W  Exception thrown while unbinding
                                                                                                    java.lang.IllegalArgumentException: Service not registered: lbw@c329236
                                                                                                    	at android.app.LoadedApk.forgetServiceDispatcher(LoadedApk.java:1757)
                                                                                                    	at android.app.ContextImpl.unbindService(ContextImpl.java:1874)
                                                                                                    	at android.content.ContextWrapper.unbindService(ContextWrapper.java:792)
                                                                                                    	at kcy.b(PG:30)
                                                                                                    	at kcy.a(PG:26)
                                                                                                    	at lbx.q(PG:48)
                                                                                                    	at lbi.a(PG:5)
                                                                                                    	at ksz.run(PG:5)
                                                                                                    	at java.util.concurrent.Executors$RunnableAdapter.call(Executors.java:462)
                                                                                                    	at java.util.concurrent.FutureTask.run(FutureTask.java:266)
                                                                                                    	at kyl.run(PG:26)
2025-10-13 16:07:31.431  7455-7515  s.youtube.musi          com...le.android.apps.youtube.music  W  Verification of void dq.a(ep, aii, android.view.View, android.app.Activity, boolean) took 572.724ms (2673.19 bytecodes/s) (22240B approximate peak alloc)
2025-10-13 16:07:31.541  7455-7596  s.youtube.musi          com...le.android.apps.youtube.music  W  Long monitor contention with owner yt-background8-14 (7533) at int android.media.AudioManager.updateAudioPortCache(java.util.ArrayList, java.util.ArrayList, java.util.ArrayList)(AudioManager.java:5469) waiters=0 in int android.media.AudioManager.updateAudioPortCache(java.util.ArrayList, java.util.ArrayList, java.util.ArrayList) for 177ms
2025-10-13 16:07:31.701  7455-7515  s.youtube.musi          com...le.android.apps.youtube.music  W  Verification of java.util.List dr.b(ep, android.content.Context, aii, com.google.ads.afma.c) took 236.126ms (190.58 bytecodes/s) (1504B approximate peak alloc)
2025-10-13 16:07:32.182  7455-7598  s.youtube.musi          com...le.android.apps.youtube.music  W  Verification of void lv.b(boolean) took 127.941ms (70.34 bytecodes/s) (864B approximate peak alloc)
2025-10-13 16:07:32.186  7455-7599  s.youtube.musi          com...le.android.apps.youtube.music  W  Verification of void com.google.android.gms.ads.internal.config.o.a(android.content.Context, org.json.JSONObject) took 171.228ms (659.94 bytecodes/s) (2456B approximate peak alloc)
2025-10-13 16:07:32.274  7551-7551  ndroid.calenda          com.google.android.calendar          W  Long monitor contention with owner DISK_0 (7592) at java.lang.Object cal.how.a()(PG:202) waiters=0 in java.lang.Object cal.how.a() for 641ms
2025-10-13 16:07:32.314  7455-7515  s.youtube.musi          com...le.android.apps.youtube.music  W  Verification of android.content.Intent gv.a(android.content.Context, int, java.lang.String) took 433.680ms (253.64 bytecodes/s) (2184B approximate peak alloc)
2025-10-13 16:07:32.322  7455-7599  s.youtube.musi          com...le.android.apps.youtube.music  W  Verification of java.util.List com.google.android.gms.ads.internal.config.o.b() took 136.303ms (410.85 bytecodes/s) (1752B approximate peak alloc)
2025-10-13 16:07:32.437  7455-7515  s.youtube.musi          com...le.android.apps.youtube.music  W  Verification of android.app.PendingIntent gv.b(android.content.Context, int, java.lang.String) took 122.946ms (130.14 bytecodes/s) (944B approximate peak alloc)
2025-10-13 16:07:32.683   580-618   Looper                  system_process                       W  Slow dispatch took 136ms android.ui h=com.android.server.am.ActivityManagerService$UiHandler c=null m=53
2025-10-13 16:07:32.721   580-590   system_server           system_process                       I  Background young concurrent copying GC freed 118067(5461KB) AllocSpace objects, 9(388KB) LOS objects, 18% free, 25MB/30MB, paused 1.551ms total 1.274s
2025-10-13 16:07:33.080  7551-7609  c.uru                   com.google.android.calendar          I  Obtained writable database SQLiteDatabase/44129055 instance with path /data/user/0/com.google.android.calendar/databases/cal_v2a
2025-10-13 16:07:33.337  7551-7608  c.uqa                   com.google.android.calendar          I  The schema version is 15, the database version is 15, and there are 0 migrations
2025-10-13 16:07:33.343  7455-7610  s.youtube.musi          com...le.android.apps.youtube.music  W  Verification of com.google.ads.afma.proto2api.e nv.a(android.content.Context, java.lang.String, java.lang.String) took 101.681ms (265.53 bytecodes/s) (1360B approximate peak alloc)
2025-10-13 16:07:33.844  7455-7610  s.youtube.musi          com...le.android.apps.youtube.music  W  Verification of void mj.a() took 163.407ms (48.96 bytecodes/s) (864B approximate peak alloc)
2025-10-13 16:07:33.894  7455-7515  s.youtube.musi          com...le.android.apps.youtube.music  W  Verification of java.lang.String dv.a(byte[], byte[]) took 542.049ms (208.47 bytecodes/s) (2576B approximate peak alloc)
2025-10-13 16:07:34.070   580-1651  Compatibil...geReporter system_process                       D  Compat change id reported: 135634846; UID 10130; state: DISABLED
2025-10-13 16:07:34.121   580-635   ActivityManager         system_process                       W  Slow operation: 52ms so far, now at startProcess: asking zygote to start proc
2025-10-13 16:07:34.121   580-635   Compatibil...geReporter system_process                       D  Compat change id reported: 143937733; UID 10130; state: DISABLED
2025-10-13 16:07:34.203   269-269   Zygote                  pid-269                              D  Forked child process 7626
2025-10-13 16:07:34.219  7551-7588  ndroid.calenda          com.google.android.calendar          W  Long monitor contention with owner BACKGROUND_1 (7612) at java.lang.String cal.pzb.a()(PG:17) waiters=0 in java.lang.String cal.pzb.a() for 1.158s
2025-10-13 16:07:34.303   580-580   Looper                  system_process                       W  Slow dispatch took 137ms main h=com.android.server.job.JobSchedulerService$JobHandler c=null m=4
2025-10-13 16:07:34.402  7626-7626  droid.deskcloc          com.google.android.deskclock         W  Unexpected CPU variant for X86 using defaults: x86
2025-10-13 16:07:34.546   369-432   adbd                    pid-369                              I  jdwp connection from 7626
2025-10-13 16:07:34.567   580-635   ActivityManager         system_process                       W  Slow operation: 498ms so far, now at startProcess: returned from zygote!
2025-10-13 16:07:34.580   580-618   Looper                  system_process                       W  Slow dispatch took 418ms android.ui h=com.android.server.am.ActivityManagerService$UiHandler c=null m=53
2025-10-13 16:07:34.581   580-618   Looper                  system_process                       W  Slow delivery took 480ms android.ui h=com.android.server.am.ActivityManagerService$UiHandler c=null m=31
2025-10-13 16:07:34.609   580-1239  system_server           system_process                       W  Long monitor contention with owner Binder:580_1C (2636) at void com.android.server.am.ActivityManagerService.publishService(android.os.IBinder, android.content.Intent, android.os.IBinder)(ActivityManagerService.java:15211) waiters=1 in int com.android.server.am.ActivityManagerService.bindIsolatedService(android.app.IApplicationThread, android.os.IBinder, android.content.Intent, java.lang.String, android.app.IServiceConnection, int, java.lang.String, java.lang.String, int) for 387ms
2025-10-13 16:07:34.680   580-2254  system_server           system_process                       W  Long monitor contention with owner Binder:580_1C (2636) at void com.android.server.am.ActivityManagerService.publishService(android.os.IBinder, android.content.Intent, android.os.IBinder)(ActivityManagerService.java:15211) waiters=2 in java.util.List com.android.server.am.ActivityManagerService.getRunningAppProcesses() for 193ms
2025-10-13 16:07:34.723   580-1651  ActivityManager         system_process                       W  Slow operation: 654ms so far, now at startProcess: done updating battery stats
2025-10-13 16:07:34.733   580-1651  ActivityManager         system_process                       W  Slow operation: 664ms so far, now at startProcess: building log message
2025-10-13 16:07:34.733   580-1651  ActivityManager         system_process                       I  Start proc 7626:com.google.android.deskclock/u0a130 for broadcast {com.google.android.deskclock/com.android.deskclock.AlarmInitReceiver}
2025-10-13 16:07:34.734   580-1651  ActivityManager         system_process                       W  Slow operation: 666ms so far, now at startProcess: starting to update pids map
2025-10-13 16:07:34.739   580-1651  ActivityManager         system_process                       W  Slow operation: 670ms so far, now at startProcess: done updating pids map
2025-10-13 16:07:34.751   580-1651  ActivityManager         system_process                       W  Slow operation: 51ms so far, now at attachApplicationLocked: after mServices.attachApplicationLocked
2025-10-13 16:07:34.780   580-1651  ActivityManager         system_process                       W  Slow operation: 80ms so far, now at attachApplicationLocked: after sendPendingBroadcastsLocked
2025-10-13 16:07:34.831   580-618   Looper                  system_process                       W  Drained
2025-10-13 16:07:34.894  7626-7626  ApplicationLoaders      com.google.android.deskclock         D  Returning zygote-cached class loader: /system/framework/android.test.base.jar
2025-10-13 16:07:34.898  7626-7626  droid.deskcloc          com.google.android.deskclock         I  The ClassLoaderContext is a special shared library.
2025-10-13 16:07:34.950  7626-7626  droid.deskcloc          com.google.android.deskclock         I  The ClassLoaderContext is a special shared library.
2025-10-13 16:07:34.951  7626-7626  nativeloader            com.google.android.deskclock         D  classloader namespace configured for unbundled product apk. library_path=/product/app/PrebuiltDeskClockGoogle/lib/x86:/product/lib:/system/product/lib
2025-10-13 16:07:35.253  2403-2426  SQLiteLog               com.google.android.gms               W  (28) double-quoted string literal: "1760191655253"
2025-10-13 16:07:35.254  2403-2426  SQLiteLog               com.google.android.gms               W  (28) double-quoted string literal: "1"
2025-10-13 16:07:35.287  7455-7499  GoogleTagManager        com...le.android.apps.youtube.music  E  Invalid macro: _gtm.loadEventEnabled
