2025-10-18 13:53:35.960   580-2320  ActivityManager         system_process                       I  Force stopping com.example.serenepangolinbeam appid=10168 user=0: from pid 8208
2025-10-18 13:54:38.470   580-666   PackageManager          system_process                       I  Update package com.example.serenepangolinbeam code path from /data/app/~~A-UWrVHHKitm5tQymTS96g==/com.example.serenepangolinbeam-BQJbF33dWl37cD6Y4bkMMg== to /data/app/~~uBW840tFOzeOgeWoLQKnxg==/com.example.serenepangolinbeam-aimhP4dsDHyuHGtnMobdFg==; Retain data and using new
2025-10-18 13:54:38.470   580-666   PackageManager          system_process                       I  Update package com.example.serenepangolinbeam resource path from /data/app/~~A-UWrVHHKitm5tQymTS96g==/com.example.serenepangolinbeam-BQJbF33dWl37cD6Y4bkMMg== to /data/app/~~uBW840tFOzeOgeWoLQKnxg==/com.example.serenepangolinbeam-aimhP4dsDHyuHGtnMobdFg==; Retain data and using new
2025-10-18 13:54:39.335   580-666   AppsFilter              system_process                       I  interaction: PackageSetting{8556540 com.classicpos/10167} -> PackageSetting{55bc15e com.example.serenepangolinbeam/10168} BLOCKED
2025-10-18 13:54:43.900   580-666   AppsFilter              system_process                       I  interaction: PackageSetting{8556540 com.classicpos/10167} -> PackageSetting{b5cc79 com.example.serenepangolinbeam/10168} BLOCKED
2025-10-18 13:54:45.266  1940-1940  GsaVoiceInteractionSrv  com....android.googlequicksearchbox  I  O received Intent { act=android.intent.action.PACKAGE_REMOVED dat=package:com.example.serenepangolinbeam flg=0x4000010 (has extras) }
2025-10-18 13:54:45.905  1918-1918  MediaProvider           com...ndroid.providers.media.module  I  Invalidating LocalCallingIdentity cache for package com.example.serenepangolinbeam. Reason: package android.intent.action.PACKAGE_REMOVED
2025-10-18 13:54:46.050  2821-2821  AvrcpMediaPlayerList    com.android.bluetooth                D  Name of package changed: com.example.serenepangolinbeam
2025-10-18 13:54:46.319  1918-1918  MediaProvider           com...ndroid.providers.media.module  I  Invalidating LocalCallingIdentity cache for package com.example.serenepangolinbeam. Reason: package android.intent.action.PACKAGE_ADDED
2025-10-18 13:54:46.414   580-2111  ActivityManager         system_process                       I  Force stopping com.example.serenepangolinbeam appid=10168 user=0: from pid 8539
2025-10-18 13:54:47.366   580-2637  ActivityTaskManager     system_process                       I  START u0 {act=android.intent.action.MAIN cat=[android.intent.category.LAUNCHER] flg=0x10000000 cmp=com.example.serenepangolinbeam/.MainActivity} from uid 2000
2025-10-18 13:54:47.498  1940-1940  GsaVoiceInteractionSrv  com....android.googlequicksearchbox  I  O received Intent { act=android.intent.action.PACKAGE_ADDED dat=package:com.example.serenepangolinbeam flg=0x4000010 (has extras) }
2025-10-18 13:54:47.606  1940-1940  GsaVoiceInteractionSrv  com....android.googlequicksearchbox  I  O received Intent { act=android.intent.action.PACKAGE_REPLACED dat=package:com.example.serenepangolinbeam flg=0x4000010 (has extras) }
2025-10-18 13:54:50.889  8599-8599  enepangolinbea          com.example.serenepangolinbeam       I  Late-enabling -Xcheck:jni
2025-10-18 13:54:51.651   580-635   ActivityManager         system_process                       I  Start proc 8599:com.example.serenepangolinbeam/u0a168 for pre-top-activity {com.example.serenepangolinbeam/com.example.serenepangolinbeam.MainActivity}
2025-10-18 13:54:51.667  8599-8599  enepangolinbea          com.example.serenepangolinbeam       I  Unquickening 12 vdex files!
2025-10-18 13:54:51.686  8599-8599  enepangolinbea          com.example.serenepangolinbeam       W  Unexpected CPU variant for X86 using defaults: x86
2025-10-18 13:54:53.103  8599-8628  enepangolinbea          com.example.serenepangolinbeam       W  Long monitor contention with owner main (8599) at android.view.Display android.app.ResourcesManager.getAdjustedDisplay(int, android.view.DisplayAdjustments)(ResourcesManager.java:315) waiters=0 in void android.app.ActivityThread.updatePendingConfiguration(android.content.res.Configuration) for 287ms
2025-10-18 13:54:56.617  2403-8632  ChromeSync              com.google.android.gms               I  [Sync,SyncIntentOperation] Handling the intent: Intent { act=android.intent.action.PACKAGE_ADDED dat=package:com.example.serenepangolinbeam flg=0x4000010 cmp=com.google.android.gms/.chimera.GmsIntentOperationService (has extras) }.
2025-10-18 13:54:57.138  8599-8599  enepangolinbea          com.example.serenepangolinbeam       I  Waiting for a blocking GC ClassLinker
2025-10-18 13:54:57.148  8599-8599  enepangolinbea          com.example.serenepangolinbeam       I  WaitForGcToComplete blocked ClassLinker on HeapTrim for 10.365ms
2025-10-18 13:54:59.586  8599-8599  NetworkSecurityConfig   com.example.serenepangolinbeam       D  No Network Security Config specified, using platform default
2025-10-18 13:54:59.588  8599-8599  NetworkSecurityConfig   com.example.serenepangolinbeam       D  No Network Security Config specified, using platform default
2025-10-18 13:54:59.597  2403-8646  FontsPackageChangeOp    com.google.android.gms               I  Package com.example.serenepangolinbeam has no metadata
2025-10-18 13:55:01.583  8599-8659  libEGL                  com.example.serenepangolinbeam       D  loaded /vendor/lib/egl/libEGL_emulation.so
2025-10-18 13:55:02.018  8599-8659  libEGL                  com.example.serenepangolinbeam       D  loaded /vendor/lib/egl/libGLESv1_CM_emulation.so
2025-10-18 13:55:02.067  8599-8659  libEGL                  com.example.serenepangolinbeam       D  loaded /vendor/lib/egl/libGLESv2_emulation.so
2025-10-18 13:55:02.247  2403-8632  ChromeSync              com.google.android.gms               I  [Persistence,AffiliationManager] One of affiliation or grouping data for android://dH1RGnRwlfGU2oUckqTg-2W-bpUAtKkZ_F_GsQYNxrV1MwdUl2PrueP4snIDMVrolpQC2QgK-S8Ada7vvGQtbA==@com.example.serenepangolinbeam/ was not found. Marking affiliation data as stale...
2025-10-18 13:55:02.306  8599-8649  enepangolinbea          com.example.serenepangolinbeam       I  Waiting for a blocking GC ProfileSaver
2025-10-18 13:55:02.415  8599-8599  AppCompatDelegate       com.example.serenepangolinbeam       D  Checking for metadata for AppLocalesMetadataHolderService : Service not found
2025-10-18 13:55:03.279  8599-8649  enepangolinbea          com.example.serenepangolinbeam       I  WaitForGcToComplete blocked ProfileSaver on RunEmptyCheckpoint for 973.282ms
2025-10-18 13:55:03.713  8599-8599  enepangolinbea          com.example.serenepangolinbeam       W  Accessing hidden method Landroid/view/ViewGroup;->makeOptionalFitsSystemWindows()V (greylist, reflection, allowed)
2025-10-18 13:55:04.302  8599-8599  WebViewFactory          com.example.serenepangolinbeam       I  Loading com.google.android.webview version 83.0.4103.106 (code 410410681)
2025-10-18 13:55:04.377  8599-8599  enepangolinbea          com.example.serenepangolinbeam       I  The ClassLoaderContext is a special shared library.
2025-10-18 13:55:04.389  8599-8599  nativeloader            com.example.serenepangolinbeam       D  classloader namespace configured for unbundled product apk. library_path=/product/app/WebViewGoogle/lib/x86:/product/app/WebViewGoogle/WebViewGoogle.apk!/lib/x86:/product/app/TrichromeLibrary/TrichromeLibrary.apk!/lib/x86:/product/lib:/system/product/lib
2025-10-18 13:55:04.654   580-634   BroadcastQueue          system_process                       W  Background execution not allowed: receiving Intent { act=android.intent.action.PACKAGE_REMOVED dat=package:com.example.serenepangolinbeam flg=0x4000010 (has extras) } to com.google.android.gms/.games.chimera.GamesSystemBroadcastReceiverProxy
2025-10-18 13:55:04.654   580-634   BroadcastQueue          system_process                       W  Background execution not allowed: receiving Intent { act=android.intent.action.PACKAGE_REMOVED dat=package:com.example.serenepangolinbeam flg=0x4000010 (has extras) } to com.google.android.gms/.chimera.GmsIntentOperationService$PersistentTrustedReceiver
2025-10-18 13:55:04.655   580-634   BroadcastQueue          system_process                       W  Background execution not allowed: receiving Intent { act=android.intent.action.PACKAGE_REMOVED dat=package:com.example.serenepangolinbeam flg=0x4000010 (has extras) } to com.google.android.googlequicksearchbox/com.google.android.apps.gsa.googlequicksearchbox.GelStubAppWatcher
2025-10-18 13:55:04.656   580-634   BroadcastQueue          system_process                       W  Background execution not allowed: receiving Intent { act=android.intent.action.PACKAGE_ADDED dat=package:com.example.serenepangolinbeam flg=0x4000010 (has extras) } to com.google.android.packageinstaller/com.android.packageinstaller.PackageInstalledReceiver
2025-10-18 13:55:04.656   580-634   BroadcastQueue          system_process                       W  Background execution not allowed: receiving Intent { act=android.intent.action.PACKAGE_ADDED dat=package:com.example.serenepangolinbeam flg=0x4000010 (has extras) } to com.google.android.gms/.games.chimera.GamesSystemBroadcastReceiverProxy
2025-10-18 13:55:04.657   580-634   BroadcastQueue          system_process                       W  Background execution not allowed: receiving Intent { act=android.intent.action.PACKAGE_ADDED dat=package:com.example.serenepangolinbeam flg=0x4000010 (has extras) } to com.google.android.gms/.gass.chimera.PackageChangeBroadcastReceiver
2025-10-18 13:55:04.658   580-634   BroadcastQueue          system_process                       W  Background execution not allowed: receiving Intent { act=android.intent.action.PACKAGE_ADDED dat=package:com.example.serenepangolinbeam flg=0x4000010 (has extras) } to com.google.android.gms/.chimera.GmsIntentOperationService$PersistentTrustedReceiver
2025-10-18 13:55:04.660   580-634   BroadcastQueue          system_process                       W  Background execution not allowed: receiving Intent { act=android.intent.action.PACKAGE_ADDED dat=package:com.example.serenepangolinbeam flg=0x4000010 (has extras) } to com.google.android.googlequicksearchbox/com.google.android.apps.gsa.googlequicksearchbox.GelStubAppWatcher
2025-10-18 13:55:04.666   580-634   BroadcastQueue          system_process                       W  Background execution not allowed: receiving Intent { act=android.intent.action.PACKAGE_ADDED dat=package:com.example.serenepangolinbeam flg=0x4000010 (has extras) } to com.google.android.ims/.receivers.RcsAutoStartReceiver
2025-10-18 13:55:04.670   580-634   BroadcastQueue          system_process                       W  Background execution not allowed: receiving Intent { act=android.intent.action.PACKAGE_REPLACED dat=package:com.example.serenepangolinbeam flg=0x4000010 (has extras) } to com.google.android.gms/.gass.chimera.PackageChangeBroadcastReceiver
2025-10-18 13:55:04.670   580-634   BroadcastQueue          system_process                       W  Background execution not allowed: receiving Intent { act=android.intent.action.PACKAGE_REPLACED dat=package:com.example.serenepangolinbeam flg=0x4000010 (has extras) } to com.google.android.gms/.chimera.GmsIntentOperationService$PersistentTrustedReceiver
2025-10-18 13:55:04.670   580-634   BroadcastQueue          system_process                       W  Background execution not allowed: receiving Intent { act=android.intent.action.PACKAGE_REPLACED dat=package:com.example.serenepangolinbeam flg=0x4000010 (has extras) } to com.google.android.googlequicksearchbox/com.google.android.apps.gsa.googlequicksearchbox.GelStubAppWatcher
2025-10-18 13:55:04.671   580-634   BroadcastQueue          system_process                       W  Background execution not allowed: receiving Intent { act=android.intent.action.PACKAGE_REPLACED dat=package:com.example.serenepangolinbeam flg=0x4000010 (has extras) } to com.google.android.ims/.receivers.RcsAutoStartReceiver
2025-10-18 13:55:04.755  8599-8599  enepangolinbea          com.example.serenepangolinbeam       I  The ClassLoaderContext is a special shared library.
2025-10-18 13:55:04.766  8599-8599  nativeloader            com.example.serenepangolinbeam       D  classloader namespace configured for unbundled product apk. library_path=/product/app/WebViewGoogle/lib/x86:/product/app/WebViewGoogle/WebViewGoogle.apk!/lib/x86:/product/app/TrichromeLibrary/TrichromeLibrary.apk!/lib/x86:/product/lib:/system/product/lib
2025-10-18 13:55:05.402  2403-8641  SQLiteLog               com.google.android.gms               W  (28) double-quoted string literal: "com.example.serenepangolinbeam"
2025-10-18 13:55:07.030  8599-8599  cr_LibraryLoader        com.example.serenepangolinbeam       I  Loaded native library version number "83.0.4103.106"
2025-10-18 13:55:07.070  8599-8599  cr_CachingUmaRecorder   com.example.serenepangolinbeam       I  Flushed 3 samples from 3 histograms.
2025-10-18 13:55:07.119  8599-8599  cr_VariationsSeedLoader com.example.serenepangolinbeam       E  Failed loading variations seed. Variations disabled.
2025-10-18 13:55:07.146  8599-8677  cr_VariationsUtils      com.example.serenepangolinbeam       I  Requesting new seed from IVariationsSeedServer
2025-10-18 13:55:07.951  8599-8599  TetheringManager        com.example.serenepangolinbeam       I  registerTetheringEventCallback:com.example.serenepangolinbeam
2025-10-18 13:55:08.196  8599-8700  chromium                com.example.serenepangolinbeam       W  [WARNING:dns_config_service_posix.cc(341)] Failed to read DnsConfig.
2025-10-18 13:55:08.197  8599-8599  enepangolinbea          com.example.serenepangolinbeam       I  IncrementDisableThreadFlip blocked for 41.930ms
2025-10-18 13:55:08.528   580-635   ActivityManager         system_process                       I  Start proc 8707:com.google.android.webview:sandboxed_process0:org.chromium.content.app.SandboxedProcessService0:0/u0i1 for  {com.example.serenepangolinbeam/org.chromium.content.app.SandboxedProcessService0:0}
2025-10-18 13:55:08.572  8707-8707  ocessService0:          com.example.serenepangolinbeam       W  Unexpected CPU variant for X86 using defaults: x86
2025-10-18 13:55:09.249  8599-8599  Capacitor               com.example.serenepangolinbeam       D  Starting BridgeActivity
2025-10-18 13:55:09.453  8599-8599  enepangolinbea          com.example.serenepangolinbeam       I  Waiting for a blocking GC ClassLinker
2025-10-18 13:55:09.472  8599-8599  enepangolinbea          com.example.serenepangolinbeam       I  WaitForGcToComplete blocked ClassLinker on ClassLinker for 18.998ms
2025-10-18 13:55:09.511  8599-8613  enepangolinbea          com.example.serenepangolinbeam       W  Suspending all threads took: 37.774ms
2025-10-18 13:55:09.806  8599-8599  Capacitor               com.example.serenepangolinbeam       D  Registering plugin instance: CapacitorCookies
2025-10-18 13:55:09.984  8599-8599  Capacitor               com.example.serenepangolinbeam       D  Registering plugin instance: WebView
2025-10-18 13:55:10.074  8707-8707  NetworkSecurityConfig   com.example.serenepangolinbeam       D  No Network Security Config specified, using platform default
2025-10-18 13:55:10.078  8707-8707  NetworkSecurityConfig   com.example.serenepangolinbeam       D  No Network Security Config specified, using platform default
2025-10-18 13:55:10.099  8599-8599  Capacitor               com.example.serenepangolinbeam       D  Registering plugin instance: CapacitorHttp
2025-10-18 13:55:10.335  8707-8707  cr_ChildProcessService  com.example.serenepangolinbeam       I  Creating new ChildProcessService pid=8707
2025-10-18 13:55:10.514  8599-8599  Capacitor               com.example.serenepangolinbeam       W  Unable to read file at path public/plugins
2025-10-18 13:55:10.532  8599-8599  Capacitor               com.example.serenepangolinbeam       D  Loading app at https://localhost
2025-10-18 13:55:11.155  8599-8696  enepangolinbea          com.example.serenepangolinbeam       W  Accessing hidden method Landroid/media/AudioManager;->getOutputLatency(I)I (greylist, reflection, allowed)
2025-10-18 13:55:11.621  8599-8758  HostConnection          com.example.serenepangolinbeam       D  HostConnection::get() New Host Connection established 0xf7222590, tid 8758
2025-10-18 13:55:12.254  8599-8599  Capacitor               com.example.serenepangolinbeam       D  App started
2025-10-18 13:55:12.267  8599-8599  Capacitor               com.example.serenepangolinbeam       D  App resumed
2025-10-18 13:55:12.470  8707-8720  ocessService0:          com.example.serenepangolinbeam       I  Background concurrent copying GC freed 864(137KB) AllocSpace objects, 0(0B) LOS objects, 49% free, 1738KB/3477KB, paused 1.187ms total 1.947s
2025-10-18 13:55:12.523  8599-8696  cr_media                com.example.serenepangolinbeam       W  Requires BLUETOOTH permission
2025-10-18 13:55:12.755  8707-8754  cr_LibraryLoader        com.example.serenepangolinbeam       I  Loaded native library version number "83.0.4103.106"
2025-10-18 13:55:12.862  8599-8599  Choreographer           com.example.serenepangolinbeam       I  Skipped 748 frames!  The application may be doing too much work on its main thread.
2025-10-18 13:55:12.954  8707-8754  cr_CachingUmaRecorder   com.example.serenepangolinbeam       I  Flushed 1 samples from 1 histograms.
2025-10-18 13:55:12.982  8599-8700  Capacitor               com.example.serenepangolinbeam       D  Handling local request: https://localhost/
2025-10-18 13:55:13.352   580-8745  ActivityManager         system_process                       E    0% 387/iorapd: 0% user + 0% kernel / faults: 37 minor 28 major
                                                                                                      0.2% 6937/kworker/u4:0-kverityd: 0% user + 0.2% kernel
                                                                                                      0.2% 436/mdnsd: 0% user + 0.2% kernel / faults: 8 minor
                                                                                                      0.2% 1918/com.google.android.providers.media.module: 0.1% user + 0% kernel / faults: 3 minor 3 major
                                                                                                      0.2% 16/ksoftirqd/1: 0% user + 0.2% kernel
                                                                                                      0.1% 289/ip6tables-restore: 0% user + 0% kernel / faults: 3 minor
                                                                                                      0.2% 1012/wpa_supplicant: 0.1% user + 0.1% kernel / faults: 10 minor 6 major
                                                                                                      0.2% 285/android.hardware.graphics.allocator@3.0-service: 0% user + 0.1% kernel
                                                                                                      0.2% 393/wificond: 0.1% user + 0.1% kernel / faults: 2 major
                                                                                                      0.2% 1179/android.hardware.gnss@2.0-service.ranchu: 0% user + 0.1% kernel
                                                                                                      0% 386/installd: 0% user + 0% kernel / faults: 1 minor 2 major
                                                                                                      0.1% 330/android.hardware.wifi@1.0-service: 0.1% user + 0% kernel / faults: 1 major
                                                                                                      0.1% 363/logcat: 0% user + 0.1% kernel
                                                                                                      0.1% 220/loop14: 0% user + 0.1% kernel
                                                                                                      0.1% 9/ksoftirqd/0: 0% user + 0.1% kernel
                                                                                                      0.1% 156/servicemanager: 0% user + 0.1% kernel
                                                                                                      0.1% 1997/com.android.ims.rcsservice: 0.1% user + 0% kernel
                                                                                                      0.1% 402/audioserver: 0% user + 0% kernel
                                                                                                      0% 1121/webview_zygote: 0% user + 0% kernel / faults: 147 minor
                                                                                                      0.1% 1285/com.android.se: 0% user + 0% kernel / faults: 1 minor
                                                                                                      0% 1/init: 0% user + 0% kernel
                                                                                                      0.1% 395/libgoldfish-rild: 0% user + 0% kernel / faults: 16 minor
                                                                                                      0% 381/cameraserver: 0% user + 0% kernel
                                                                                                      0% 158/psimon: 0% user + 0% kernel
                                                                                                      0% 2027/com.android.emulator.multidisplay: 0% user + 0% kernel / faults: 3 minor
                                                                                                      0% 114/kworker/1:1H-kblockd: 0% user + 0% kernel
                                                                                                      0% 380/traced: 0% user + 0% kernel / faults: 26 minor 17 major
                                                                                                      0% 157/hwservicemanager: 0% user + 0% kernel
                                                                                                      0% 8113/com.google.android.partnersetup: 0% user + 0% kernel / faults: 5 minor
                                                                                                      0% 165/vold: 0% user + 0% kernel / faults: 1 minor 1 major
                                                                                                      0% 242/loop25: 0% user + 0% kernel
                                                                                                      0% 347/gpuservice: 0% user + 0% kernel / faults: 1 minor 2 major
                                                                                                      0% 115/kworker/0:1H-kblockd: 0% user + 0% kernel
                                                                                                      0% 374/dhcpclient: 0% user + 0% kernel
                                                                                                      0% 7451/kworker/u5:1-blk_crypto_wq: 0% user + 0% kernel
                                                                                                      0% 11/migration/0: 0% user + 0% kernel
                                                                                                      0% 181/kworker/u5:2-blk_crypto_wq: 0% user + 0% kernel
                                                                                                      0% 214/loop11: 0% user + 0% kernel
                                                                                                      0% 288/android.hardware.health@2.1-service: 0% user + 0% kernel
                                                                                                      0% 392/storaged: 0% user + 0% kernel
                                                                                                      0% 7749/kworker/1:1-mm_percpu_wq: 0% user + 0% kernel
                                                                                                      0% 228/loop18: 0% user + 0% kernel
                                                                                                      0% 234/loop21: 0% user + 0% kernel
                                                                                                      0% 378/dhcpclient: 0% user + 0% kernel
                                                                                                      0% 400/android.hardware.biometrics.fingerprint@2.1-service: 0% user + 0% kernel
                                                                                                      0% 7242/kworker/0:0-sock_diag_events: 0% user + 0% kernel
                                                                                                      0% 7305/kworker/1:0-events: 0% user + 0% kernel
                                                                                                     +0% 8195/kworker/0:4-events: 0% user + 0% kernel
                                                                                                     +0% 8196/kworker/0:5-events: 0% user + 0% kernel
                                                                                                     +0% 8198/kworker/0:6: 0% user + 0% kernel
                                                                                                     +0% 8200/kworker/1:2-mm_percpu_wq: 0% user + 0% kernel
                                                                                                     +0% 8462/sh: 0% user + 0% kernel
                                                                                                     +0% 8464/installer: 0% user + 0% kernel
                                                                                                     +0% 8499/com.google.android.apps.wallpaper: 0% user + 0% kernel
                                                                                                     +0% 8533/com.android.keychain: 0% user + 0% kernel
                                                                                                     +0% 8575/com.google.android.gms.ui: 0% user + 0% kernel
                                                                                                     +0% 8599/com.example.serenepangolinbeam: 0% user + 0% kernel
                                                                                                     +0% 8620/com.google.android.permissioncontroller: 0% user + 0% kernel
                                                                                                     +0% 8707/com.google.android.webview:sandboxed_process0:org.chromium.content.app.Sand: 0% user + 0% kernel
                                                                                                     +0% 8726/com.google.android.webview:webview_service: 0% user + 0% kernel
                                                                                                    99% TOTAL: 49% user + 49% kernel + 0% iowait + 0.5% softirq
                                                                                                    CPU usage from 7959571ms to 7959571ms ago (1970-01-01 02:00:00.000 to 1970-01-01 02:00:00.000) with 0% awake:
                                                                                                    0% TOTAL: 0% user + 0% kernel
2025-10-18 13:55:13.430  8599-8599  enepangolinbea          com.example.serenepangolinbeam       W  Verification of void androidx.core.view.WindowInsetsCompat$Builder.<init>() took 247.626ms (161.53 bytecodes/s) (1416B approximate peak alloc)
2025-10-18 13:55:13.553  8599-8758  HostConnection          com.example.serenepangolinbeam       D  HostComposition ext ANDROID_EMU_CHECKSUM_HELPER_v1 ANDROID_EMU_native_sync_v2 ANDROID_EMU_native_sync_v3 ANDROID_EMU_native_sync_v4 ANDROID_EMU_dma_v1 ANDROID_EMU_direct_mem ANDROID_EMU_host_composition_v1 ANDROID_EMU_host_composition_v2 ANDROID_EMU_vulkan ANDROID_EMU_deferred_vulkan_commands ANDROID_EMU_vulkan_null_optional_strings ANDROID_EMU_vulkan_create_resources_with_requirements ANDROID_EMU_YUV_Cache ANDROID_EMU_vulkan_ignored_handles ANDROID_EMU_has_shared_slots_host_memory_allocator ANDROID_EMU_vulkan_free_memory_sync ANDROID_EMU_vulkan_shader_float16_int8 ANDROID_EMU_vulkan_async_queue_submit ANDROID_EMU_sync_buffer_data ANDROID_EMU_vulkan_async_qsri ANDROID_EMU_read_color_buffer_dma GL_OES_vertex_array_object ANDROID_EMU_host_side_tracing ANDROID_EMU_gles_max_version_2 
2025-10-18 13:55:13.590  8599-8613  enepangolinbea          com.example.serenepangolinbeam       I  Background concurrent copying GC freed 6960(642KB) AllocSpace objects, 10(344KB) LOS objects, 49% free, 3189KB/6378KB, paused 4.688ms total 4.001s
2025-10-18 13:55:13.704  8599-8758  chromium                com.example.serenepangolinbeam       E  [ERROR:gl_surface_egl.cc(549)] eglChooseConfig failed with error EGL_SUCCESS
2025-10-18 13:55:13.822  8599-8758  EGL_emulation           com.example.serenepangolinbeam       D  eglCreateContext: 0xf7207400: maj 2 min 0 rcv 2
2025-10-18 13:55:13.877  8599-8758  EGL_emulation           com.example.serenepangolinbeam       D  eglMakeCurrent: 0xf7207400: ver 2 0 (tinfo 0xc7ca3d90) (first time)
2025-10-18 13:55:14.011  8599-8656  HostConnection          com.example.serenepangolinbeam       D  HostConnection::get() New Host Connection established 0xf72039d0, tid 8656
2025-10-18 13:55:14.098  8599-8656  HostConnection          com.example.serenepangolinbeam       D  HostComposition ext ANDROID_EMU_CHECKSUM_HELPER_v1 ANDROID_EMU_native_sync_v2 ANDROID_EMU_native_sync_v3 ANDROID_EMU_native_sync_v4 ANDROID_EMU_dma_v1 ANDROID_EMU_direct_mem ANDROID_EMU_host_composition_v1 ANDROID_EMU_host_composition_v2 ANDROID_EMU_vulkan ANDROID_EMU_deferred_vulkan_commands ANDROID_EMU_vulkan_null_optional_strings ANDROID_EMU_vulkan_create_resources_with_requirements ANDROID_EMU_YUV_Cache ANDROID_EMU_vulkan_ignored_handles ANDROID_EMU_has_shared_slots_host_memory_allocator ANDROID_EMU_vulkan_free_memory_sync ANDROID_EMU_vulkan_shader_float16_int8 ANDROID_EMU_vulkan_async_queue_submit ANDROID_EMU_sync_buffer_data ANDROID_EMU_vulkan_async_qsri ANDROID_EMU_read_color_buffer_dma GL_OES_vertex_array_object ANDROID_EMU_host_side_tracing ANDROID_EMU_gles_max_version_2 
2025-10-18 13:55:14.098  8599-8656  OpenGLRenderer          com.example.serenepangolinbeam       W  Failed to choose config with EGL_SWAP_BEHAVIOR_PRESERVED, retrying without...
2025-10-18 13:55:14.204  8599-8656  EGL_emulation           com.example.serenepangolinbeam       D  eglCreateContext: 0xf72211e0: maj 2 min 0 rcv 2
2025-10-18 13:55:14.233  8599-8656  EGL_emulation           com.example.serenepangolinbeam       D  eglMakeCurrent: 0xf72211e0: ver 2 0 (tinfo 0xf755a010) (first time)
2025-10-18 13:55:14.320  8599-8656  Gralloc4                com.example.serenepangolinbeam       I  mapper 4.x is not supported
2025-10-18 13:55:14.332  8599-8656  HostConnection          com.example.serenepangolinbeam       D  createUnique: call
2025-10-18 13:55:14.334  8599-8656  HostConnection          com.example.serenepangolinbeam       D  HostConnection::get() New Host Connection established 0xf7206750, tid 8656
2025-10-18 13:55:14.752  8599-8656  HostConnection          com.example.serenepangolinbeam       D  HostComposition ext ANDROID_EMU_CHECKSUM_HELPER_v1 ANDROID_EMU_native_sync_v2 ANDROID_EMU_native_sync_v3 ANDROID_EMU_native_sync_v4 ANDROID_EMU_dma_v1 ANDROID_EMU_direct_mem ANDROID_EMU_host_composition_v1 ANDROID_EMU_host_composition_v2 ANDROID_EMU_vulkan ANDROID_EMU_deferred_vulkan_commands ANDROID_EMU_vulkan_null_optional_strings ANDROID_EMU_vulkan_create_resources_with_requirements ANDROID_EMU_YUV_Cache ANDROID_EMU_vulkan_ignored_handles ANDROID_EMU_has_shared_slots_host_memory_allocator ANDROID_EMU_vulkan_free_memory_sync ANDROID_EMU_vulkan_shader_float16_int8 ANDROID_EMU_vulkan_async_queue_submit ANDROID_EMU_sync_buffer_data ANDROID_EMU_vulkan_async_qsri ANDROID_EMU_read_color_buffer_dma GL_OES_vertex_array_object ANDROID_EMU_host_side_tracing ANDROID_EMU_gles_max_version_2 
2025-10-18 13:55:15.018  8599-8758  chromium                com.example.serenepangolinbeam       E  [ERROR:gl_surface_egl.cc(549)] eglChooseConfig failed with error EGL_SUCCESS
2025-10-18 13:55:16.213  8599-8656  OpenGLRenderer          com.example.serenepangolinbeam       I  Davey! duration=15668ms; Flags=1, IntendedVsync=7950543560138, Vsync=7963010226306, OldestInputEvent=9223372036854775807, NewestInputEvent=0, HandleInputStart=7963026098280, AnimationStart=7963026197280, PerformTraversalsStart=7963032884980, DrawStart=7964942592980, SyncQueued=7965016724080, SyncStart=7965179980680, IssueDrawCommandsStart=7965191663880, SwapBuffers=7966118951380, FrameCompleted=7966375372680, DequeueBufferDuration=825200, QueueBufferDuration=5590900, GpuCompleted=72904454231491230, 
2025-10-18 13:55:16.357  8599-8599  Choreographer           com.example.serenepangolinbeam       I  Skipped 208 frames!  The application may be doing too much work on its main thread.
2025-10-18 13:55:16.449  8599-8656  OpenGLRenderer          com.example.serenepangolinbeam       I  Davey! duration=3551ms; Flags=0, IntendedVsync=7963043769348, Vsync=7966510435876, OldestInputEvent=9223372036854775807, NewestInputEvent=0, HandleInputStart=7966524695980, AnimationStart=7966524763880, PerformTraversalsStart=7966527826680, DrawStart=7966529447280, SyncQueued=7966532193380, SyncStart=7966533418480, IssueDrawCommandsStart=7966533640080, SwapBuffers=7966566529180, FrameCompleted=7966596025280, DequeueBufferDuration=1161700, QueueBufferDuration=10080100, GpuCompleted=43984843964424, 
2025-10-18 13:55:17.023  8599-8758  VideoCapabilities       com.example.serenepangolinbeam       I  Unsupported profile 4 for video/mp4v-es
2025-10-18 13:55:17.067  8599-8758  cr_MediaCodecUtil       com.example.serenepangolinbeam       W  HW encoder for video/avc is not available on this device.
2025-10-18 13:55:17.551  8599-8758  EGL_emulation           com.example.serenepangolinbeam       D  eglCreateContext: 0xf7224ba0: maj 2 min 0 rcv 2
2025-10-18 13:55:18.298  8599-8786  ProfileInstaller        com.example.serenepangolinbeam       D  Installing profile for com.example.serenepangolinbeam
2025-10-18 13:55:18.664  8599-8695  Capacitor               com.example.serenepangolinbeam       D  Handling local request: https://localhost/assets/index-Db-mpXyg.js
2025-10-18 13:55:18.678  8599-8700  Capacitor               com.example.serenepangolinbeam       D  Handling local request: https://localhost/assets/index-D1R19V2e.css
2025-10-18 13:55:18.970  8599-8695  enepangolinbea          com.example.serenepangolinbeam       W  Long monitor contention with owner ThreadPoolForeg (8700) at java.lang.Object libcore.content.type.MimeMap$MemoizingSupplier.get()(MimeMap.java:403) waiters=0 in java.lang.Object libcore.content.type.MimeMap$MemoizingSupplier.get() for 247ms
2025-10-18 13:55:24.117  8599-8599  Capacitor/Console       com.example.serenepangolinbeam       I  File: https://localhost/assets/index-Db-mpXyg.js - Line 203 - Msg: %cDownload the React DevTools for a better development experience: https://reactjs.org/link/react-devtools font-weight:bold
2025-10-18 13:55:26.763  8599-8695  Capacitor               com.example.serenepangolinbeam       D  Handling local request: https://localhost/api/sales/held
2025-10-18 13:55:26.779  8599-8700  Capacitor               com.example.serenepangolinbeam       D  Handling local request: https://localhost/api/sales/completed
2025-10-18 13:55:27.230  8599-8599  Capacitor/Console       com.example.serenepangolinbeam       W  File: https://localhost/assets/index-Db-mpXyg.js - Line 224 - Msg: ⚠️ React Router Future Flag Warning: React Router will begin wrapping state updates in `React.startTransition` in v7. You can use the `v7_startTransition` future flag to opt-in early. For more information, see https://reactrouter.com/v6/upgrading/future#v7_starttransition.
2025-10-18 13:55:27.231  8599-8599  Capacitor/Console       com.example.serenepangolinbeam       W  File: https://localhost/assets/index-Db-mpXyg.js - Line 224 - Msg: ⚠️ React Router Future Flag Warning: Relative route resolution within Splat routes is changing in v7. You can use the `v7_relativeSplatPath` future flag to opt-in early. For more information, see https://reactrouter.com/v6/upgrading/future#v7_relativesplatpath.
2025-10-18 13:55:27.256  8599-8695  Capacitor               com.example.serenepangolinbeam       D  Handling local request: https://localhost/favicon.ico
2025-10-18 13:55:27.284  8599-8599  Capacitor/Console       com.example.serenepangolinbeam       E  File: https://localhost/assets/index-Db-mpXyg.js - Line 234 - Msg: [ERROR] Error in load: TypeError: Failed to fetch
2025-10-18 13:55:27.288  8599-8613  enepangolinbea          com.example.serenepangolinbeam       I  Background young concurrent copying GC freed 14247(721KB) AllocSpace objects, 25(2660KB) LOS objects, 7% free, 5920KB/6378KB, paused 35.318ms total 515.660ms
2025-10-18 13:55:28.716  8599-8613  enepangolinbea          com.example.serenepangolinbeam       I  Background concurrent copying GC freed 2160(251KB) AllocSpace objects, 25(2900KB) LOS objects, 49% free, 2800KB/5601KB, paused 2.895ms total 134.909ms
2025-10-18 13:55:29.230  8599-8691  Capacitor               com.example.serenepangolinbeam       D  Handling local request: https://localhost/favicon.ico
2025-10-18 13:55:29.237  8599-8695  Capacitor               com.example.serenepangolinbeam       D  Handling local request: https://localhost/favicon.ico
2025-10-18 13:55:29.288  8599-8599  Capacitor/Console       com.example.serenepangolinbeam       E  File: https://localhost/assets/index-Db-mpXyg.js - Line 234 - Msg: [ERROR] Error in load: TypeError: Failed to fetch
2025-10-18 13:55:29.300  8599-8599  chatty                  com.example.serenepangolinbeam       I  uid=10168(com.example.serenepangolinbeam) identical 2 lines
2025-10-18 13:55:29.306  8599-8599  Capacitor/Console       com.example.serenepangolinbeam       E  File: https://localhost/assets/index-Db-mpXyg.js - Line 234 - Msg: [ERROR] Error in load: TypeError: Failed to fetch
2025-10-18 13:55:29.313  8599-8599  Capacitor/Console       com.example.serenepangolinbeam       E  File: https://localhost/assets/index-Db-mpXyg.js - Line 234 - Msg: Uncaught (in promise) TypeError: Failed to fetch
2025-10-18 13:55:29.333  8599-8599  Capacitor/Console       com.example.serenepangolinbeam       E  File: https://localhost/assets/index-Db-mpXyg.js - Line 234 - Msg: [ERROR] Error in load: TypeError: Failed to fetch
2025-10-18 13:55:29.347  8599-8599  Capacitor/Console       com.example.serenepangolinbeam       E  File: https://localhost/assets/index-Db-mpXyg.js - Line 234 - Msg: [ERROR] Error in load: TypeError: Failed to fetch
2025-10-18 13:55:29.382  8599-8599  Capacitor/Console       com.example.serenepangolinbeam       E  File: https://localhost/assets/index-Db-mpXyg.js - Line 234 - Msg: [ERROR] Error loading printer settings: TypeError: Failed to fetch
2025-10-18 13:55:29.650  8599-8599  Capacitor/Console       com.example.serenepangolinbeam       E  File: https://localhost/assets/index-Db-mpXyg.js - Line 234 - Msg: [ERROR] Error loading receipt settings: TypeError: Failed to fetch
2025-10-18 13:55:29.661  8599-8599  Capacitor/Console       com.example.serenepangolinbeam       E  File: https://localhost/assets/index-Db-mpXyg.js - Line 234 - Msg: [ERROR] Error in load: TypeError: Failed to fetch
2025-10-18 13:55:29.714  8599-8599  Capacitor/Console       com.example.serenepangolinbeam       E  File: https://localhost/assets/index-Db-mpXyg.js - Line 234 - Msg: [ERROR] Error loading currency settings: TypeError: Failed to fetch
2025-10-18 13:55:29.716  8599-8599  Capacitor/Console       com.example.serenepangolinbeam       E  File: https://localhost/assets/index-Db-mpXyg.js - Line 234 - Msg: [ERROR] Error loading loyalty settings: TypeError: Failed to fetch
2025-10-18 13:55:29.717  8599-8599  Capacitor/Console       com.example.serenepangolinbeam       E  File: https://localhost/assets/index-Db-mpXyg.js - Line 234 - Msg: [ERROR] Error in load: TypeError: Failed to fetch
2025-10-18 13:55:29.719  8599-8599  chatty                  com.example.serenepangolinbeam       I  uid=10168(com.example.serenepangolinbeam) identical 1 line
2025-10-18 13:55:29.720  8599-8599  Capacitor/Console       com.example.serenepangolinbeam       E  File: https://localhost/assets/index-Db-mpXyg.js - Line 234 - Msg: [ERROR] Error in load: TypeError: Failed to fetch
2025-10-18 13:55:29.732  8599-8599  Capacitor/Console       com.example.serenepangolinbeam       E  File: https://localhost/assets/index-Db-mpXyg.js - Line 234 - Msg: [ERROR] Error refreshing auth: TypeError: Failed to fetch
2025-10-18 13:55:29.837  8599-8599  Capacitor/Console       com.example.serenepangolinbeam       E  File: https://localhost/assets/index-Db-mpXyg.js - Line 234 - Msg: Uncaught (in promise) TypeError: Failed to fetch
2025-10-18 13:55:29.863  8599-8599  chatty                  com.example.serenepangolinbeam       I  uid=10168(com.example.serenepangolinbeam) identical 4 lines
2025-10-18 13:55:29.878  8599-8599  Capacitor/Console       com.example.serenepangolinbeam       E  File: https://localhost/assets/index-Db-mpXyg.js - Line 234 - Msg: Uncaught (in promise) TypeError: Failed to fetch
2025-10-18 13:55:29.896  8599-8599  Capacitor/Console       com.example.serenepangolinbeam       E  File: https://localhost/assets/index-Db-mpXyg.js - Line 234 - Msg: [ERROR] Error loading held sales: SyntaxError: Unexpected token < in JSON at position 0
2025-10-18 13:55:29.922  8599-8599  Capacitor/Console       com.example.serenepangolinbeam       E  File: https://localhost/assets/index-Db-mpXyg.js - Line 234 - Msg: Uncaught (in promise) TypeError: Failed to fetch
2025-10-18 13:55:29.955  8599-8599  Capacitor/Console       com.example.serenepangolinbeam       E  File: https://localhost/assets/index-Db-mpXyg.js - Line 234 - Msg: [ERROR] Error loading completed sales: SyntaxError: Unexpected token < in JSON at position 0
2025-10-18 13:55:29.989  8599-8599  Capacitor/Console       com.example.serenepangolinbeam       E  File: https://localhost/assets/index-Db-mpXyg.js - Line 234 - Msg: Uncaught (in promise) TypeError: Failed to fetch
2025-10-18 13:55:29.999  8599-8599  chatty                  com.example.serenepangolinbeam       I  uid=10168(com.example.serenepangolinbeam) identical 1 line
2025-10-18 13:55:30.002  8599-8599  Capacitor/Console       com.example.serenepangolinbeam       E  File: https://localhost/assets/index-Db-mpXyg.js - Line 234 - Msg: Uncaught (in promise) TypeError: Failed to fetch
2025-10-18 13:55:32.706  8599-8599  Capacitor/Console       com.example.serenepangolinbeam       E  File: https://localhost/assets/index-Db-mpXyg.js - Line 234 - Msg: [ERROR] Error in load: TypeError: Failed to fetch
2025-10-18 13:55:32.719  8599-8599  Capacitor/Console       com.example.serenepangolinbeam       E  File: https://localhost/assets/index-Db-mpXyg.js - Line 234 - Msg: Uncaught (in promise) TypeError: Failed to fetch
2025-10-18 13:57:19.329  8599-8599  AssistStructure         com.example.serenepangolinbeam       I  Flattened final assist data: 6620 bytes, containing 1 windows, 13 views
2025-10-18 13:57:22.592  8599-8599  AssistStructure         com.example.serenepangolinbeam       I  Flattened final assist data: 6620 bytes, containing 1 windows, 13 views
2025-10-18 13:57:22.967  2293-2293  AndroidIME              com...gle.android.inputmethod.latin  I  AbstractIme.onActivate():84 LatinIme.onActivate() : EditorInfo = Package = com.example.serenepangolinbeam : Type = Email : Learning = Disable : Suggestion = Show : AutoCorrection = Disable : Microphone = DisabledMic : NoPersonalizedLearning = Disable : AutoStartVoiceInput = Disable, IncognitoMode = false
2025-10-18 13:57:24.380  2293-2293  Conversati...yExtension com...gle.android.inputmethod.latin  I  ConversationToQueryExtension.isEnabledForHostApp():252 Conv2Query not enabled due to current app [com.example.serenepangolinbeam] not in whitelist
2025-10-18 13:57:26.358  8599-8656  OpenGLRenderer          com.example.serenepangolinbeam       I  Davey! duration=1376ms; Flags=0, IntendedVsync=8095143537196, Vsync=8095143537196, OldestInputEvent=9223372036854775807, NewestInputEvent=0, HandleInputStart=8095145889480, AnimationStart=8095145943780, PerformTraversalsStart=8095160840580, DrawStart=8095161203280, SyncQueued=8095162230280, SyncStart=8095163115880, IssueDrawCommandsStart=8095163215280, SwapBuffers=8096514130980, FrameCompleted=8096521307580, DequeueBufferDuration=485300, QueueBufferDuration=1523100, GpuCompleted=0, 
2025-10-18 13:57:28.967  8599-8656  OpenGLRenderer          com.example.serenepangolinbeam       I  Davey! duration=2182ms; Flags=0, IntendedVsync=8096760201991, Vsync=8096760201991, OldestInputEvent=9223372036854775807, NewestInputEvent=0, HandleInputStart=8096761301780, AnimationStart=8096761357880, PerformTraversalsStart=8096764294580, DrawStart=8096769287380, SyncQueued=8096770124180, SyncStart=8096958222380, IssueDrawCommandsStart=8097170322980, SwapBuffers=8099039285880, FrameCompleted=8099130738780, DequeueBufferDuration=38349500, QueueBufferDuration=4311900, GpuCompleted=74318928695787528, 
2025-10-18 13:57:32.060   580-907   InputDispatcher         system_process                       D  Waiting to send key to Window{65321ba u0 com.example.serenepangolinbeam/com.example.serenepangolinbeam.MainActivity} because there are unprocessed events that may cause focus to change
2025-10-18 13:57:32.763   580-907   InputDispatcher         system_process                       D  Waiting to send key to Window{65321ba u0 com.example.serenepangolinbeam/com.example.serenepangolinbeam.MainActivity} because there are unprocessed events that may cause focus to change
2025-10-18 13:57:33.017   580-907   InputDispatcher         system_process                       D  Waiting to send key to Window{65321ba u0 com.example.serenepangolinbeam/com.example.serenepangolinbeam.MainActivity} because there are unprocessed events that may cause focus to change
2025-10-18 13:57:33.124   580-907   InputDispatcher         system_process                       D  Waiting to send key to Window{65321ba u0 com.example.serenepangolinbeam/com.example.serenepangolinbeam.MainActivity} because there are unprocessed events that may cause focus to change
2025-10-18 13:57:33.579   580-907   InputDispatcher         system_process                       D  Waiting to send key to Window{65321ba u0 com.example.serenepangolinbeam/com.example.serenepangolinbeam.MainActivity} because there are unprocessed events that may cause focus to change
2025-10-18 13:57:34.084   580-907   InputDispatcher         system_process                       D  Waiting to send key to Window{65321ba u0 com.example.serenepangolinbeam/com.example.serenepangolinbeam.MainActivity} because there are unprocessed events that may cause focus to change
2025-10-18 13:57:34.495   580-907   InputDispatcher         system_process                       D  Waiting to send key to Window{65321ba u0 com.example.serenepangolinbeam/com.example.serenepangolinbeam.MainActivity} because there are unprocessed events that may cause focus to change
2025-10-18 13:57:35.549   580-907   InputDispatcher         system_process                       D  Waiting to send key to Window{65321ba u0 com.example.serenepangolinbeam/com.example.serenepangolinbeam.MainActivity} because there are unprocessed events that may cause focus to change
2025-10-18 13:57:35.710   580-907   InputDispatcher         system_process                       D  Waiting to send key to Window{65321ba u0 com.example.serenepangolinbeam/com.example.serenepangolinbeam.MainActivity} because there are unprocessed events that may cause focus to change
2025-10-18 13:57:38.399   580-907   InputDispatcher         system_process                       D  Waiting to send key to Window{65321ba u0 com.example.serenepangolinbeam/com.example.serenepangolinbeam.MainActivity} because there are unprocessed events that may cause focus to change
2025-10-18 13:57:38.926   580-907   InputDispatcher         system_process                       D  Waiting to send key to Window{65321ba u0 com.example.serenepangolinbeam/com.example.serenepangolinbeam.MainActivity} because there are unprocessed events that may cause focus to change
2025-10-18 13:57:39.212   580-907   InputDispatcher         system_process                       D  Waiting to send key to Window{65321ba u0 com.example.serenepangolinbeam/com.example.serenepangolinbeam.MainActivity} because there are unprocessed events that may cause focus to change
2025-10-18 13:57:40.040   580-907   InputDispatcher         system_process                       D  Waiting to send key to Window{65321ba u0 com.example.serenepangolinbeam/com.example.serenepangolinbeam.MainActivity} because there are unprocessed events that may cause focus to change
2025-10-18 13:57:40.448   580-907   InputDispatcher         system_process                       D  Waiting to send key to Window{65321ba u0 com.example.serenepangolinbeam/com.example.serenepangolinbeam.MainActivity} because there are unprocessed events that may cause focus to change
2025-10-18 13:57:40.848   580-907   InputDispatcher         system_process                       D  Waiting to send key to Window{65321ba u0 com.example.serenepangolinbeam/com.example.serenepangolinbeam.MainActivity} because there are unprocessed events that may cause focus to change
