2025-10-13 16:07:35.660  7455-7515  s.youtube.musi          com...le.android.apps.youtube.music  W  Verification of void df.a(int, int, long, java.lang.String, java.lang.Exception) took 225.153ms (803.89 bytecodes/s) (3312B approximate peak alloc)
2025-10-13 16:07:35.862  7626-7626  NetworkSecurityConfig   com.google.android.deskclock         D  No Network Security Config specified, using platform default
2025-10-13 16:07:35.863  7626-7626  NetworkSecurityConfig   com.google.android.deskclock         D  No Network Security Config specified, using platform default
2025-10-13 16:07:35.934  7455-7599  s.youtube.musi          com...le.android.apps.youtube.music  I  Waiting for a blocking GC ClassLinker
2025-10-13 16:07:35.937  7455-7598  s.youtube.musi          com...le.android.apps.youtube.music  I  Waiting for a blocking GC ClassLinker
2025-10-13 16:07:36.376   580-618   Looper                  system_process                       W  Slow dispatch took 101ms android.ui h=com.android.server.am.ActivityManagerService$UiHandler c=null m=53
2025-10-13 16:07:36.513  7626-7626  PrimesInit              com.google.android.deskclock         W  Primes instant initialization
2025-10-13 16:07:36.521  7626-7652  Primes                  com.google.android.deskclock         W  background initialization
2025-10-13 16:07:36.570  7626-7653  GAv4                    com.google.android.deskclock         I  Google Analytics 18.5.89 is starting up. To enable debug logging on a device run:
                                                                                                      adb shell setprop log.tag.GAv4 DEBUG
                                                                                                      adb logcat -s GAv4
2025-10-13 16:07:36.617  7455-7620  s.youtube.musi          com...le.android.apps.youtube.music  W  Verification of void ajd.<clinit>() took 212.881ms (70.46 bytecodes/s) (864B approximate peak alloc)
2025-10-13 16:07:36.619  7455-7647  s.youtube.musi          com...le.android.apps.youtube.music  I  Waiting for a blocking GC ClassLinker
2025-10-13 16:07:36.648  7455-7651  s.youtube.musi          com...le.android.apps.youtube.music  I  Waiting for a blocking GC ClassLinker
2025-10-13 16:07:36.650  7455-7648  s.youtube.musi          com...le.android.apps.youtube.music  I  Waiting for a blocking GC ClassLinker
2025-10-13 16:07:37.043  7626-7662  GAv4                    com.google.android.deskclock         W  AnalyticsReceiver is not registered or is disabled. Register the receiver for reliable dispatching on non-Google Play devices. See http://goo.gl/8Rd3yj for instructions.
2025-10-13 16:07:37.202  7626-7626  FontsContract           com.google.android.deskclock         W  Remote font fetch timed out: com.google.android.gms.fonts/Google Sans:500
2025-10-13 16:07:37.333  7455-7620  s.youtube.musi          com...le.android.apps.youtube.music  W  Verification of int ajt.a(java.lang.Object, byte[], int, int, int, int, int, int, long, int, long, agz) took 453.867ms (2582.25 bytecodes/s) (20104B approximate peak alloc)
2025-10-13 16:07:37.411  7455-7657  s.youtube.musi          com...le.android.apps.youtube.music  I  Waiting for a blocking GC ClassLinker
2025-10-13 16:07:37.480  7626-7662  GAv4                    com.google.android.deskclock         W  CampaignTrackingReceiver is not registered, not exported or is disabled. Installation campaign tracking is not possible. See http://goo.gl/8Rd3yj for instructions.
2025-10-13 16:07:37.531  2403-2426  FontsContentProvider    com.google.android.gms               I  Received query Google Sans:500, URI content://com.google.android.gms.fonts
2025-10-13 16:07:37.535  2403-2426  FontsContentProvider    com.google.android.gms               I  Query [Google Sans:500] resolved to {Google Sans, wdth 100.0, wght 500, ital 0.0, bestEffort false}
2025-10-13 16:07:37.562  7455-7656  s.youtube.musi          com...le.android.apps.youtube.music  I  Waiting for a blocking GC ClassLinker
2025-10-13 16:07:37.622  7455-7658  s.youtube.musi          com...le.android.apps.youtube.music  I  Waiting for a blocking GC ClassLinker
2025-10-13 16:07:37.629  7455-7650  s.youtube.musi          com...le.android.apps.youtube.music  I  Waiting for a blocking GC ClassLinker
2025-10-13 16:07:37.630  7455-7649  s.youtube.musi          com...le.android.apps.youtube.music  I  Waiting for a blocking GC ClassLinker
2025-10-13 16:07:37.631  2403-2426  FontsContentProvider    com.google.android.gms               I  Fetch {Google Sans, wdth 100.0, wght 500, ital 0.0, bestEffort false} end status Status{statusCode=SUCCESS, resolution=null}
2025-10-13 16:07:37.712  7626-7662  GAv4                    com.google.android.deskclock         W  AnalyticsService not registered in the app manifest. Hits might not be delivered reliably. See http://goo.gl/8Rd3yj for instructions.
2025-10-13 16:07:37.861  7626-7626  FontsContract           com.google.android.deskclock         W  Remote font fetch timed out: com.google.android.gms.fonts/Google Sans
2025-10-13 16:07:37.882  7626-7626  AlarmClock              com.google.android.deskclock         I  AlarmInitReceiver android.intent.action.TIME_SET
2025-10-13 16:07:37.919  2403-2426  FontsContentProvider    com.google.android.gms               I  Pulling font file for id = 8, cache size = 7
2025-10-13 16:07:37.984  7455-7659  s.youtube.musi          com...le.android.apps.youtube.music  I  Waiting for a blocking GC ClassLinker
2025-10-13 16:07:38.128  7455-7660  s.youtube.musi          com...le.android.apps.youtube.music  I  Waiting for a blocking GC ClassLinker
2025-10-13 16:07:38.196  7626-7652  PrimesTesting           com.google.android.deskclock         I  GserviceFlagsSupplier.get()
2025-10-13 16:07:38.201  7455-7668  s.youtube.musi          com...le.android.apps.youtube.music  I  Waiting for a blocking GC ClassLinker
2025-10-13 16:07:38.202  7455-7667  s.youtube.musi          com...le.android.apps.youtube.music  I  Waiting for a blocking GC ClassLinker
2025-10-13 16:07:38.202  7455-7669  s.youtube.musi          com...le.android.apps.youtube.music  I  Waiting for a blocking GC ClassLinker
2025-10-13 16:07:38.436  3820-3927  BatteryMetricService    com.google.android.ims               V  log start: StatsRecord:
                                                                                                      elapsed: 4082878
                                                                                                      current: 1760339308651
                                                                                                      Primes version: 299346402
                                                                                                      version name #: 1941631920
                                                                                                      customName: hourlySnapshot
                                                                                                    
                                                                                                    end: StatsRecord:
                                                                                                      elapsed: 7683034
                                                                                                      current: 1760364458230
                                                                                                      Primes version: 299346402
                                                                                                      version name #: 1941631920
                                                                                                      customName: hourlySnapshot
2025-10-13 16:07:38.437  3820-3927  BatteryCapture          com.google.android.ims               D  inconsistent stats
2025-10-13 16:07:39.897   580-1239  ActivityManager         system_process                       W  SLOW OOM ADJ: 578ms for pid 7455 = 925
2025-10-13 16:07:39.938   580-618   system_server           system_process                       W  Long monitor contention with owner Binder:580_7 (1239) at void com.android.server.am.ActivityManagerService.removeContentProvider(android.os.IBinder, boolean)(ActivityManagerService.java:7638) waiters=0 in void com.android.server.am.ActivityManagerService.dispatchProcessesChanged() for 672ms
2025-10-13 16:07:39.939   580-618   Looper                  system_process                       W  Slow dispatch took 674ms android.ui h=com.android.server.am.ActivityManagerService$UiHandler c=null m=31
2025-10-13 16:07:40.871  7626-7655  droid.deskcloc          com.google.android.deskclock         W  Long monitor contention with owner Primes-init-1 (7652) at boolean android.app.ActivityThread.releaseProvider(android.content.IContentProvider, boolean)(ActivityThread.java:7029) waiters=0 in android.content.IContentProvider android.app.ActivityThread.acquireExistingProvider(android.content.Context, java.lang.String, int, boolean) for 1.582s
2025-10-13 16:07:41.266  7626-7645  droid.deskcloc          com.google.android.deskclock         I  Waiting for a blocking GC ProfileSaver
2025-10-13 16:07:41.317   580-881   ActivityManager         system_process                       W  Slow operation: 432ms so far, now at getContentProviderImpl: after updateOomAdj
2025-10-13 16:07:41.318   580-881   ActivityManager         system_process                       W  Slow operation: 432ms so far, now at getContentProviderImpl: done!
2025-10-13 16:07:41.464  2403-2426  FontsContentProvider    com.google.android.gms               I  Received query Google Sans, URI content://com.google.android.gms.fonts
2025-10-13 16:07:41.504  2403-2426  FontsContentProvider    com.google.android.gms               I  Query [Google Sans] resolved to {Google Sans, wdth 100.0, wght 400, ital 0.0, bestEffort false}
2025-10-13 16:07:41.537  7455-7620  s.youtube.musi          com...le.android.apps.youtube.music  W  Verification of byte[] aho.a(byte[], int, int) took 3.032s (2.31 bytecodes/s) (800B approximate peak alloc)
2025-10-13 16:07:41.682  2403-2426  FontsContentProvider    com.google.android.gms               I  Fetch {Google Sans, wdth 100.0, wght 400, ital 0.0, bestEffort false} end status Status{statusCode=SUCCESS, resolution=null}
2025-10-13 16:07:41.716   580-1239  system_server           system_process                       W  Long monitor contention with owner android.bg (633) at void com.android.server.am.ActivityManagerService$5.handleMessage(android.os.Message)(ActivityManagerService.java:1973) waiters=1 in boolean com.android.server.am.ActivityManagerService.unbindService(android.app.IServiceConnection) for 109ms
2025-10-13 16:07:41.899  3820-3926  HashedNamesTransmitter  com.google.android.ims               V  unhashed: # mdq@d6b3602
2025-10-13 16:07:41.900  3820-3926  GmsHeadClearcutMetricTr com.google.android.ims               V  # mdq@d6b3602
2025-10-13 16:07:41.900  3820-3926  GmsHeadClearcutMetricTr com.google.android.ims               V  Sending Primes memory metric
2025-10-13 16:07:41.902  3820-3926  GmsHeadClearcutMetricTr com.google.android.ims               V  ClQKQQo/CJcYEOQhGJeLASCkFyiUITCUGTjcU0C4pAFI1FNQAFjUHGD0VWiABnAAeMwLgAG6IIgBxOxGkAG9D5gB4sUBEgkKBwiFNxAAGB4YACICCAEqSgoWY29tLmdvb2dsZS5hbmRyb2lkLmltcxIoMzkuMC4zMDg5MTc2NTMtY2FycmllcnNlcnZpY2VzX1YzOVdfUkMwNxgBIOLT3o4BigEOaG91cmx5U25hcHNob3S6AQoI5M7kAhDgnPMC
2025-10-13 16:07:41.920  7455-7610  s.youtube.musi          com...le.android.apps.youtube.music  W  Verification of void aii.a(aii) took 2.018s (23.78 bytecodes/s) (1280B approximate peak alloc)
2025-10-13 16:07:42.053   580-1651  system_server           system_process                       W  Long monitor contention with owner android.bg (633) at void com.android.server.am.ActivityManagerService$5.handleMessage(android.os.Message)(ActivityManagerService.java:2067) waiters=0 in int com.android.server.am.ActivityManagerService.bindIsolatedService(android.app.IApplicationThread, android.os.IBinder, android.content.Intent, java.lang.String, android.app.IServiceConnection, int, java.lang.String, java.lang.String, int) for 139ms
2025-10-13 16:07:42.068  7626-7652  droid.deskcloc          com.google.android.deskclock         W  Long monitor contention with owner fonts (7655) at boolean android.app.ActivityThread.releaseProvider(android.content.IContentProvider, boolean)(ActivityThread.java:7029) waiters=0 in boolean android.app.ActivityThread.releaseProvider(android.content.IContentProvider, boolean) for 206ms
2025-10-13 16:07:42.080  7551-7563  ndroid.calenda          com.google.android.calendar          W  Suspending all threads took: 300.378ms
2025-10-13 16:07:42.296  2403-2426  FontsContentProvider    com.google.android.gms               I  Pulling font file for id = 9, cache size = 6
2025-10-13 16:07:42.419   580-617   Looper                  system_process                       W  Slow dispatch took 148ms android.fg h=android.os.Handler c=com.android.server.Watchdog$HandlerChecker@bf473a3 m=0
2025-10-13 16:07:42.744   580-1239  system_server           system_process                       W  Long monitor contention with owner android.bg (633) at void com.android.server.am.ActivityManagerService$5.handleMessage(android.os.Message)(ActivityManagerService.java:2067) waiters=0 in void com.android.server.am.ActivityManagerService.removeContentProvider(android.os.IBinder, boolean) for 323ms
2025-10-13 16:07:42.913  7626-7645  droid.deskcloc          com.google.android.deskclock         I  WaitForGcToComplete blocked ProfileSaver on ClassLinker for 1.646s
2025-10-13 16:07:42.995  7626-7638  droid.deskcloc          com.google.android.deskclock         W  Suspending all threads took: 9.392ms
2025-10-13 16:07:43.495  7455-7610  s.youtube.musi          com...le.android.apps.youtube.music  I  Waiting for a blocking GC ClassLinker
2025-10-13 16:07:43.647  7455-7671  s.youtube.musi          com...le.android.apps.youtube.music  I  Waiting for a blocking GC ClassLinker
2025-10-13 16:07:43.682  7455-7674  s.youtube.musi          com...le.android.apps.youtube.music  I  Waiting for a blocking GC ClassLinker
2025-10-13 16:07:43.779  3820-3820  GmsHeadClearcutMetricTr com.google.android.ims               V  handleResult, success: true
2025-10-13 16:07:43.920  7455-7672  s.youtube.musi          com...le.android.apps.youtube.music  I  Waiting for a blocking GC ClassLinker
2025-10-13 16:07:44.103  7626-7665  AlarmClock              com.google.android.deskclock         I  Connected Dock: null
2025-10-13 16:07:44.348  7626-7665  AlarmClock              com.google.android.deskclock         I  Removing AlarmClockInfo
2025-10-13 16:07:45.034   580-618   system_server           system_process                       W  Long monitor contention with owner Binder:580_1C (2636) at void com.android.server.am.ActivityManagerService.notifyPackageUse(java.lang.String, int)(ActivityManagerService.java:3134) waiters=0 in void com.android.server.am.ActivityManagerService.dispatchProcessesChanged() for 238ms
2025-10-13 16:07:45.036   580-618   Looper                  system_process                       W  Slow delivery took 228ms android.ui h=com.android.server.am.ActivityManagerService$UiHandler c=null m=31
2025-10-13 16:07:45.044   580-618   Looper                  system_process                       W  Slow dispatch took 240ms android.ui h=com.android.server.am.ActivityManagerService$UiHandler c=null m=31
2025-10-13 16:07:45.263  7455-7676  s.youtube.musi          com...le.android.apps.youtube.music  I  Waiting for a blocking GC ClassLinker
2025-10-13 16:07:45.316  7455-7677  s.youtube.musi          com...le.android.apps.youtube.music  I  Waiting for a blocking GC ClassLinker
2025-10-13 16:07:45.321  7455-7679  s.youtube.musi          com...le.android.apps.youtube.music  I  Waiting for a blocking GC ClassLinker
2025-10-13 16:07:45.375   580-580   Looper                  system_process                       W  Slow dispatch took 267ms main h=com.android.server.job.JobSchedulerService$JobHandler c=null m=4
2025-10-13 16:07:45.580   580-618   Looper                  system_process                       W  Slow dispatch took 532ms android.ui h=com.android.server.am.ActivityManagerService$UiHandler c=null m=53
2025-10-13 16:07:45.671  2403-7684  SystemUpdate            com.google.android.gms               I  [Installation,ReceiverIntentOperation] Received intent: Intent { act=android.intent.action.TIME_SET flg=0x25200010 cmp=com.google.android.gms/.chimera.GmsIntentOperationService$PersistentTrustedReceiver }.
2025-10-13 16:07:45.700  7455-7515  s.youtube.musi          com...le.android.apps.youtube.music  W  Verification of byte[] cn.a(java.lang.String, java.lang.String) took 388.513ms (298.57 bytecodes/s) (2448B approximate peak alloc)
2025-10-13 16:07:45.703   580-618   Looper                  system_process                       W  Drained
2025-10-13 16:07:45.915   580-617   Looper                  system_process                       W  Slow delivery took 780ms android.fg h=com.android.server.AppStateTracker$MyHandler c=null m=11
2025-10-13 16:07:46.389   580-617   Looper                  system_process                       W  Drained
2025-10-13 16:07:46.553  7455-7678  s.youtube.musi          com...le.android.apps.youtube.music  I  Waiting for a blocking GC ClassLinker
2025-10-13 16:07:46.554  7455-7675  s.youtube.musi          com...le.android.apps.youtube.music  I  Waiting for a blocking GC ClassLinker
2025-10-13 16:07:46.560  7455-7681  s.youtube.musi          com...le.android.apps.youtube.music  I  Waiting for a blocking GC ClassLinker
2025-10-13 16:07:47.137   580-2636  ActivityManager         system_process                       W  SLOW OOM ADJ: 571ms for pid 7551 = 925
2025-10-13 16:07:47.139   580-618   system_server           system_process                       W  Long monitor contention with owner Binder:580_1C (2636) at boolean com.android.server.am.ActivityManagerService.unbindService(android.app.IServiceConnection)(ActivityManagerService.java:15196) waiters=0 in void com.android.server.am.ActivityManagerService.dispatchProcessesChanged() for 579ms
2025-10-13 16:07:47.162   580-1239  system_server           system_process                       W  Long monitor contention with owner Binder:580_1C (2636) at boolean com.android.server.am.ActivityManagerService.unbindService(android.app.IServiceConnection)(ActivityManagerService.java:15196) waiters=1 in android.app.ContentProviderHolder com.android.server.am.ActivityManagerService.getContentProviderImpl(android.app.IApplicationThread, java.lang.String, android.os.IBinder, int, java.lang.String, java.lang.String, boolean, int) for 522ms
2025-10-13 16:07:47.310   580-881   system_server           system_process                       W  Long monitor contention with owner Binder:580_1C (2636) at boolean com.android.server.am.ActivityManagerService.unbindService(android.app.IServiceConnection)(ActivityManagerService.java:15196) waiters=2 in void com.android.server.am.ActivityManagerService.finishReceiver(android.os.IBinder, int, java.lang.String, android.os.Bundle, boolean, int) for 427ms
2025-10-13 16:07:47.315   580-618   Looper                  system_process                       W  Slow dispatch took 756ms android.ui h=com.android.server.am.ActivityManagerService$UiHandler c=null m=31
2025-10-13 16:07:47.329  2403-2426  SQLiteLog               com.google.android.gms               W  (28) double-quoted string literal: "1760191667329"
2025-10-13 16:07:47.330  2403-2426  SQLiteLog               com.google.android.gms               W  (28) double-quoted string literal: "1"
2025-10-13 16:07:47.410   580-2636  ActivityManager         system_process                       W  Slow operation: 81ms so far, now at getContentProviderImpl: after updateOomAdj
2025-10-13 16:07:47.411   580-2636  ActivityManager         system_process                       W  Slow operation: 81ms so far, now at getContentProviderImpl: done!
2025-10-13 16:07:47.413  7455-7479  s.youtube.musi          com...le.android.apps.youtube.music  I  Waiting for a blocking GC ProfileSaver
2025-10-13 16:07:47.416  7455-7515  s.youtube.musi          com...le.android.apps.youtube.music  W  Verification of byte[] cn.a(byte[], java.lang.String, boolean) took 1.522s (134.00 bytecodes/s) (3088B approximate peak alloc)
2025-10-13 16:07:47.514  6768-6778  .apps.wellbein          com.google.android.apps.wellbeing    W  Suspending all threads took: 634.713ms
2025-10-13 16:07:48.867  7455-7515  s.youtube.musi          com...le.android.apps.youtube.music  W  Verification of android.net.Uri ds.a(android.net.Uri, java.lang.String) took 729.310ms (349.65 bytecodes/s) (3184B approximate peak alloc)
2025-10-13 16:07:49.215  7455-7515  s.youtube.musi          com...le.android.apps.youtube.music  W  Verification of android.net.Uri ds.a(android.net.Uri, android.content.Context, android.view.View, android.app.Activity) took 345.953ms (75.15 bytecodes/s) (1200B approximate peak alloc)
2025-10-13 16:07:49.229   580-881   system_server           system_process                       W  Long monitor contention with owner Binder:580_7 (1239) at android.content.ComponentName com.android.server.am.ActivityManagerService.startService(android.app.IApplicationThread, android.content.Intent, java.lang.String, boolean, java.lang.String, java.lang.String, int)(ActivityManagerService.java:15036) waiters=0 in void com.android.server.am.ActivityManagerService.finishReceiver(android.os.IBinder, int, java.lang.String, android.os.Bundle, boolean, int) for 617ms
2025-10-13 16:07:49.232   580-881   Compatibil...geReporter system_process                       D  Compat change id reported: 135634846; UID 10147; state: DISABLED
2025-10-13 16:07:49.233   580-635   Compatibil...geReporter system_process                       D  Compat change id reported: 143937733; UID 10147; state: DISABLED
2025-10-13 16:07:49.236  2712-2712  m.android.phon          com.android.phone                    W  Long monitor contention with owner HwBinder:2712_1 (2872) at boolean android.os.MessageQueue.enqueueMessage(android.os.Message, long)(MessageQueue.java:600) waiters=0 in android.os.Message android.os.MessageQueue.next() for 980ms
2025-10-13 16:07:49.361   269-269   Zygote                  pid-269                              D  Forked child process 7689
2025-10-13 16:07:49.389   580-635   ActivityManager         system_process                       W  Slow operation: 159ms so far, now at startProcess: returned from zygote!
2025-10-13 16:07:49.501   580-618   Looper                  system_process                       W  Slow dispatch took 258ms android.ui h=com.android.server.am.ActivityManagerService$UiHandler c=null m=31
2025-10-13 16:07:49.518  7689-7689  .android.video          com.google.android.videos            W  Unexpected CPU variant for X86 using defaults: x86
2025-10-13 16:07:49.717   369-432   adbd                    pid-369                              I  jdwp connection from 7689
2025-10-13 16:07:49.781  7455-7524  s.youtube.musi          com...le.android.apps.youtube.music  W  Long monitor contention with owner yt-background8-9 (7515) at java.lang.Object zcs.get()(PG:4) waiters=0 in java.lang.Object zcs.get() for 24.590s
2025-10-13 16:07:49.790   580-635   system_server           system_process                       W  Long monitor contention with owner Binder:580_D (1651) at android.content.ComponentName com.android.server.am.ActivityManagerService.startService(android.app.IApplicationThread, android.content.Intent, java.lang.String, boolean, java.lang.String, java.lang.String, int)(ActivityManagerService.java:15036) waiters=4 in void com.android.server.am.ProcessList.handleProcessStart(com.android.server.am.ProcessRecord, java.lang.String, int[], int, int, int, java.lang.String, java.lang.String, java.lang.String, long) for 397ms
2025-10-13 16:07:49.792   580-635   ActivityManager         system_process                       W  Slow operation: 561ms so far, now at startProcess: done updating battery stats
2025-10-13 16:07:49.792   580-635   ActivityManager         system_process                       W  Slow operation: 561ms so far, now at startProcess: building log message
2025-10-13 16:07:49.793   580-635   ActivityManager         system_process                       I  Start proc 7689:com.google.android.videos/u0a147 for broadcast {com.google.android.videos/androidx.work.impl.background.systemalarm.RescheduleReceiver}
2025-10-13 16:07:49.793   580-635   ActivityManager         system_process                       W  Slow operation: 563ms so far, now at startProcess: starting to update pids map
2025-10-13 16:07:49.794   580-635   ActivityManager         system_process                       W  Slow operation: 563ms so far, now at startProcess: done updating pids map
2025-10-13 16:07:49.795   580-881   system_server           system_process                       W  Long monitor contention with owner Binder:580_D (1651) at android.content.ComponentName com.android.server.am.ActivityManagerService.startService(android.app.IApplicationThread, android.content.Intent, java.lang.String, boolean, java.lang.String, java.lang.String, int)(ActivityManagerService.java:15036) waiters=3 in boolean com.android.server.am.ActivityManagerService.refContentProvider(android.os.IBinder, int, int) for 481ms
2025-10-13 16:07:49.798   580-618   Looper                  system_process                       W  Slow delivery took 274ms android.ui h=com.android.server.am.ActivityManagerService$UiHandler c=null m=53
2025-10-13 16:07:49.799   580-618   Looper                  system_process                       W  Slow dispatch took 280ms android.ui h=com.android.server.am.ActivityManagerService$UiHandler c=null m=53
2025-10-13 16:07:49.951   580-618   Looper                  system_process                       W  Drained
2025-10-13 16:07:50.031  7689-7689  ApplicationLoaders      com.google.android.videos            D  Returning zygote-cached class loader: /system/framework/android.test.base.jar
2025-10-13 16:07:50.042  7455-7515  s.youtube.musi          com...le.android.apps.youtube.music  W  Verification of java.util.concurrent.atomic.AtomicReference com.google.android.ads.tasks.ab.a(java.lang.String) took 126.317ms (253.33 bytecodes/s) (1352B approximate peak alloc)
2025-10-13 16:07:50.051  7689-7689  .android.video          com.google.android.videos            I  The ClassLoaderContext is a special shared library.
2025-10-13 16:07:50.095  2403-7685  gle.android.gm          com.google.android.gms               W  Long monitor contention with owner [com.google.android.gms.chimera.GmsIntentOperationService$ChimeraService-Executor] processing qgf for action android.intent.action.TIME_SET (7684) at java.util.Map bdzd.a()(:com.google.android.gms@201817022@20.18.17 (040700-311416286):14) waiters=0 in java.util.Map bdzd.a() for 2.794s
2025-10-13 16:07:50.097  2403-7685  SystemUpdate            com.google.android.gms               I  [Execution,InstallationEventIntentOperation] Handling event of type 6.
2025-10-13 16:07:50.107  2403-7683  SystemUpdate            com.google.android.gms               I  [Execution,InstallationIntentOperation] Received intent: Intent { act=com.google.android.gms.update.INSTALL_UPDATE cat=[targeted_intent_op_prefix:.update.execution.InstallationIntentOperation] cmp=com.google.android.gms/.chimera.GmsIntentOperationService }.
2025-10-13 16:07:50.120  7689-7689  .android.video          com.google.android.videos            I  The ClassLoaderContext is a special shared library.
2025-10-13 16:07:50.178  7689-7689  nativeloader            com.google.android.videos            D  classloader namespace configured for unbundled product apk. library_path=/product/app/Videos/lib/x86:/product/app/Videos/Videos.apk!/lib/x86:/product/lib:/system/product/lib
2025-10-13 16:07:50.262  2403-7683  SystemUpdate            com.google.android.gms               I  [Execution,ExecutionManager] Action finished-execution executed for 0.00 seconds.
2025-10-13 16:07:50.282  7689-7689  NetworkSecurityConfig   com.google.android.videos            D  No Network Security Config specified, using platform default
2025-10-13 16:07:50.283  7455-7515  s.youtube.musi          com...le.android.apps.youtube.music  W  Verification of void com.google.android.ads.tasks.q.a() took 226.336ms (746.67 bytecodes/s) (3104B approximate peak alloc)
2025-10-13 16:07:50.301  7689-7689  NetworkSecurityConfig   com.google.android.videos            D  No Network Security Config specified, using platform default
2025-10-13 16:07:53.586   580-580   Looper                  system_process                       W  Slow delivery took 2587ms main h=android.os.Handler c=android.telecom.Logging.-$$Lambda$SessionManager$VyH2gT1EjIvzDy_C9JfTT60CISM@c764267 m=0
2025-10-13 16:07:53.989  7689-7689  .android.video          com.google.android.videos            I  WaitForGcToComplete blocked ClassLinker on None for 3.605s
2025-10-13 16:07:54.251  7455-7515  s.youtube.musi          com...le.android.apps.youtube.music  W  Verification of void com.google.android.ads.tasks.v.a() took 3.886s (18.27 bytecodes/s) (2080B approximate peak alloc)
2025-10-13 16:07:54.463  2403-7684  SharedPreferencesImpl   com.google.android.gms               D  Time required to fsync /data/user/0/com.google.android.gms/shared_prefs/com.google.android.gms.update.storage.xml: [<1: 0, <2: 0, <4: 0, <8: 1, <16: 4, <32: 2, <64: 5, <128: 3, <256: 0, <512: 0, <1024: 0, <2048: 0, <4096: 0, <8192: 1, <16384: 0, >=16384: 0]
2025-10-13 16:07:54.472  7455-7515  s.youtube.musi          com...le.android.apps.youtube.music  W  Verification of void com.google.android.ads.tasks.o.<init>(ep, java.lang.String, java.lang.String, aii, int) took 219.424ms (50.13 bytecodes/s) (944B approximate peak alloc)
2025-10-13 16:07:54.513   580-1651  ActivityManager         system_process                       W  SLOW OOM ADJ: 381ms for pid 7455 = 945
2025-10-13 16:07:54.517   580-2135  system_server           system_process                       W  Long monitor contention with owner Binder:580_D (1651) at boolean com.android.server.am.ActivityManagerService.unbindService(android.app.IServiceConnection)(ActivityManagerService.java:15196) waiters=0 in void com.android.server.am.ActivityManagerService.removeContentProvider(android.os.IBinder, boolean) for 613ms
2025-10-13 16:07:54.520   580-2646  system_server           system_process                       W  Long monitor contention with owner Binder:580_D (1651) at boolean com.android.server.am.ActivityManagerService.unbindService(android.app.IServiceConnection)(ActivityManagerService.java:15196) waiters=1 in boolean com.android.server.am.ActivityManagerService.unbindService(android.app.IServiceConnection) for 390ms
2025-10-13 16:07:54.549   580-580   Looper                  system_process                       W  Drained
2025-10-13 16:07:54.563  7455-7644  GoogleTagManager        com...le.android.apps.youtube.music  E  Invalid macro: _gtm.loadEventEnabled
2025-10-13 16:07:54.586   580-618   Looper                  system_process                       W  Slow delivery took 372ms android.ui h=com.android.server.am.ActivityManagerService$UiHandler c=null m=31
2025-10-13 16:07:54.586   580-618   Looper                  system_process                       W  Slow dispatch took 100ms android.ui h=com.android.server.am.ActivityManagerService$UiHandler c=null m=31
2025-10-13 16:07:54.657  7455-7599  s.youtube.musi          com...le.android.apps.youtube.music  I  WaitForGcToComplete blocked ClassLinker on HeapTrim for 18.722s
2025-10-13 16:07:54.657  7455-7647  s.youtube.musi          com...le.android.apps.youtube.music  I  WaitForGcToComplete blocked ClassLinker on ClassLinker for 18.038s
2025-10-13 16:07:54.658  7455-7651  s.youtube.musi          com...le.android.apps.youtube.music  I  WaitForGcToComplete blocked ClassLinker on ClassLinker for 18.010s
2025-10-13 16:07:54.667  7455-7598  s.youtube.musi          com...le.android.apps.youtube.music  I  WaitForGcToComplete blocked ClassLinker on ClassLinker for 18.727s
2025-10-13 16:07:54.671  7455-7658  s.youtube.musi          com...le.android.apps.youtube.music  I  WaitForGcToComplete blocked ClassLinker on ClassLinker for 17.048s
2025-10-13 16:07:54.683  7455-7649  s.youtube.musi          com...le.android.apps.youtube.music  I  WaitForGcToComplete blocked ClassLinker on ClassLinker for 17.051s
2025-10-13 16:07:54.684  7455-7660  s.youtube.musi          com...le.android.apps.youtube.music  I  Waiting for a blocking GC ClassLinker
2025-10-13 16:07:54.685  7455-7667  s.youtube.musi          com...le.android.apps.youtube.music  I  Waiting for a blocking GC ClassLinker
2025-10-13 16:07:54.685  7455-7669  s.youtube.musi          com...le.android.apps.youtube.music  I  Waiting for a blocking GC ClassLinker
2025-10-13 16:07:54.685  7455-7668  s.youtube.musi          com...le.android.apps.youtube.music  I  Waiting for a blocking GC ClassLinker
2025-10-13 16:07:54.685  7455-7610  s.youtube.musi          com...le.android.apps.youtube.music  I  Waiting for a blocking GC ClassLinker
2025-10-13 16:07:54.686  7455-7671  s.youtube.musi          com...le.android.apps.youtube.music  I  Waiting for a blocking GC ClassLinker
2025-10-13 16:07:54.686  7455-7674  s.youtube.musi          com...le.android.apps.youtube.music  I  Waiting for a blocking GC ClassLinker
2025-10-13 16:07:54.696  7455-7672  s.youtube.musi          com...le.android.apps.youtube.music  I  Waiting for a blocking GC ClassLinker
2025-10-13 16:07:54.697  7455-7676  s.youtube.musi          com...le.android.apps.youtube.music  I  Waiting for a blocking GC ClassLinker
2025-10-13 16:07:54.697  7455-7677  s.youtube.musi          com...le.android.apps.youtube.music  I  Waiting for a blocking GC ClassLinker
2025-10-13 16:07:54.697  7455-7679  s.youtube.musi          com...le.android.apps.youtube.music  I  Waiting for a blocking GC ClassLinker
2025-10-13 16:07:54.698  7455-7678  s.youtube.musi          com...le.android.apps.youtube.music  I  Waiting for a blocking GC ClassLinker
2025-10-13 16:07:54.698  7455-7675  s.youtube.musi          com...le.android.apps.youtube.music  I  Waiting for a blocking GC ClassLinker
2025-10-13 16:07:54.698  7455-7681  s.youtube.musi          com...le.android.apps.youtube.music  I  Waiting for a blocking GC ClassLinker
2025-10-13 16:07:54.698  7455-7479  s.youtube.musi          com...le.android.apps.youtube.music  I  Waiting for a blocking GC ProfileSaver
2025-10-13 16:07:54.698  7455-7648  s.youtube.musi          com...le.android.apps.youtube.music  I  Waiting for a blocking GC ClassLinker
2025-10-13 16:07:54.704  7455-7657  s.youtube.musi          com...le.android.apps.youtube.music  I  Waiting for a blocking GC ClassLinker
2025-10-13 16:07:54.719  7455-7656  s.youtube.musi          com...le.android.apps.youtube.music  I  Waiting for a blocking GC ClassLinker
2025-10-13 16:07:54.719  7455-7659  s.youtube.musi          com...le.android.apps.youtube.music  I  Waiting for a blocking GC ClassLinker
2025-10-13 16:07:54.726  7455-7650  s.youtube.musi          com...le.android.apps.youtube.music  I  WaitForGcToComplete blocked ClassLinker on ClassLinker for 17.096s
2025-10-13 16:07:54.726  7455-7667  s.youtube.musi          com...le.android.apps.youtube.music  I  WaitForGcToComplete blocked ClassLinker on ClassLinker for 16.524s
2025-10-13 16:07:54.727  7455-7656  s.youtube.musi          com...le.android.apps.youtube.music  I  WaitForGcToComplete blocked ClassLinker on ClassLinker for 17.165s
2025-10-13 16:07:54.727  7455-7660  s.youtube.musi          com...le.android.apps.youtube.music  I  Waiting for a blocking GC ClassLinker
2025-10-13 16:07:54.729  7455-7669  s.youtube.musi          com...le.android.apps.youtube.music  I  WaitForGcToComplete blocked ClassLinker on ClassLinker for 16.526s
2025-10-13 16:07:54.731  7455-7668  s.youtube.musi          com...le.android.apps.youtube.music  I  WaitForGcToComplete blocked ClassLinker on ClassLinker for 16.597s
2025-10-13 16:07:54.733  7455-7610  s.youtube.musi          com...le.android.apps.youtube.music  I  WaitForGcToComplete blocked ClassLinker on ClassLinker for 11.237s
2025-10-13 16:07:54.734  7455-7671  s.youtube.musi          com...le.android.apps.youtube.music  I  WaitForGcToComplete blocked ClassLinker on ClassLinker for 11.170s
2025-10-13 16:07:54.736  7455-7674  s.youtube.musi          com...le.android.apps.youtube.music  I  WaitForGcToComplete blocked ClassLinker on ClassLinker for 11.053s
2025-10-13 16:07:54.738  7455-7676  s.youtube.musi          com...le.android.apps.youtube.music  I  WaitForGcToComplete blocked ClassLinker on ClassLinker for 9.474s
2025-10-13 16:07:54.740  7455-7677  s.youtube.musi          com...le.android.apps.youtube.music  I  WaitForGcToComplete blocked ClassLinker on ClassLinker for 9.424s
2025-10-13 16:07:54.741  7455-7660  s.youtube.musi          com...le.android.apps.youtube.music  I  WaitForGcToComplete blocked ClassLinker on ClassLinker for 16.612s
2025-10-13 16:07:54.741  7455-7657  s.youtube.musi          com...le.android.apps.youtube.music  I  WaitForGcToComplete blocked ClassLinker on ClassLinker for 17.330s
2025-10-13 16:07:54.742  7455-7679  s.youtube.musi          com...le.android.apps.youtube.music  I  WaitForGcToComplete blocked ClassLinker on ClassLinker for 9.421s
2025-10-13 16:07:54.743  7455-7659  s.youtube.musi          com...le.android.apps.youtube.music  I  WaitForGcToComplete blocked ClassLinker on ClassLinker for 16.758s
2025-10-13 16:07:54.752  7455-7675  s.youtube.musi          com...le.android.apps.youtube.music  I  WaitForGcToComplete blocked ClassLinker on ClassLinker for 8.198s
2025-10-13 16:07:54.768  7455-7681  s.youtube.musi          com...le.android.apps.youtube.music  I  WaitForGcToComplete blocked ClassLinker on ClassLinker for 8.206s
2025-10-13 16:07:54.770  7455-7479  s.youtube.musi          com...le.android.apps.youtube.music  I  WaitForGcToComplete blocked ProfileSaver on ClassLinker for 7.356s
2025-10-13 16:07:54.776  7455-7648  s.youtube.musi          com...le.android.apps.youtube.music  I  Waiting for a blocking GC ClassLinker
2025-10-13 16:07:54.776  7455-7672  s.youtube.musi          com...le.android.apps.youtube.music  I  Waiting for a blocking GC ClassLinker
2025-10-13 16:07:54.787  7455-7467  s.youtube.musi          com...le.android.apps.youtube.music  I  WaitForGcToComplete blocked HeapTrim on ProfileSaver for 88.600ms
2025-10-13 16:07:54.787  7455-7648  s.youtube.musi          com...le.android.apps.youtube.music  I  Waiting for a blocking GC ClassLinker
2025-10-13 16:07:54.787  7455-7672  s.youtube.musi          com...le.android.apps.youtube.music  I  Waiting for a blocking GC ClassLinker
2025-10-13 16:07:54.788  7455-7678  s.youtube.musi          com...le.android.apps.youtube.music  I  Waiting for a blocking GC ClassLinker
2025-10-13 16:07:54.910  7455-7467  s.youtube.musi          com...le.android.apps.youtube.music  W  Suspending all threads took: 122.886ms
2025-10-13 16:07:54.931  7455-7648  s.youtube.musi          com...le.android.apps.youtube.music  I  WaitForGcToComplete blocked ClassLinker on HeapTrim for 18.266s
2025-10-13 16:07:54.931  7455-7672  s.youtube.musi          com...le.android.apps.youtube.music  I  Waiting for a blocking GC ClassLinker
2025-10-13 16:07:54.931  7455-7678  s.youtube.musi          com...le.android.apps.youtube.music  I  Waiting for a blocking GC ClassLinker
2025-10-13 16:07:55.063  7455-7672  s.youtube.musi          com...le.android.apps.youtube.music  I  WaitForGcToComplete blocked ClassLinker on ClassLinker for 11.143s
2025-10-13 16:07:55.066  7455-7678  s.youtube.musi          com...le.android.apps.youtube.music  I  WaitForGcToComplete blocked ClassLinker on ClassLinker for 8.513s
2025-10-13 16:07:55.396  7689-7708  .android.video          com.google.android.videos            I  Waiting for a blocking GC ProfileSaver
2025-10-13 16:07:55.454  7455-7675  s.youtube.musi          com...le.android.apps.youtube.music  W  Long monitor contention with owner gads-13 (7660) at void com.google.android.ads.tasks.t.a()(:com.google.android.gms.policy_ads_fdr_dynamite@21460000@21460000.297791526.297791526:6) waiters=1 in void com.google.android.ads.tasks.q.a() for 196ms
2025-10-13 16:07:55.463  7455-7648  s.youtube.musi          com...le.android.apps.youtube.music  W  Long monitor contention with owner gads-13 (7660) at void com.google.android.ads.tasks.t.a()(:com.google.android.gms.policy_ads_fdr_dynamite@21460000@21460000.297791526.297791526:6) waiters=3 in void com.google.android.ads.tasks.w.a() for 194ms
2025-10-13 16:07:55.466  7455-7659  s.youtube.musi          com...le.android.apps.youtube.music  W  Long monitor contention with owner gads-13 (7660) at void com.google.android.ads.tasks.t.a()(:com.google.android.gms.policy_ads_fdr_dynamite@21460000@21460000.297791526.297791526:6) waiters=4 in void com.google.android.ads.tasks.j.a() for 186ms
2025-10-13 16:07:55.483  7689-7708  .android.video          com.google.android.videos            I  WaitForGcToComplete blocked ProfileSaver on ClassLinker for 87.113ms
2025-10-13 16:07:55.499  7689-7701  .android.video          com.google.android.videos            I  WaitForGcToComplete blocked RunEmptyCheckpoint on None for 9.115ms
2025-10-13 16:07:55.986   580-993   ClipboardService        system_process                       E  Denying clipboard access to com.example.serenepangolinbeam, application is not in focus nor is it a system service for user 0
2025-10-13 16:07:56.510   580-618   Looper                  system_process                       W  Drained
2025-10-13 16:07:57.436   580-1651  ActivityManager         system_process                       W  Slow operation: 390ms so far, now at getContentProviderImpl: after updateOomAdj
2025-10-13 16:07:57.436   580-1651  ActivityManager         system_process                       W  Slow operation: 392ms so far, now at getContentProviderImpl: done!
2025-10-13 16:07:57.770  1219-7715  NetworkMonitor/102      com.google.android.networkstack      D  PROBE_DNS www.google.com 488ms OK 142.251.47.132,2c0f:fb50:4002:81e::2004
2025-10-13 16:07:58.819  7455-7515  s.youtube.musi          com...le.android.apps.youtube.music  W  Verification of void ahv.e(int, long) took 1.355s (5.90 bytecodes/s) (704B approximate peak alloc)
2025-10-13 16:07:59.482  7455-7515  s.youtube.musi          com...le.android.apps.youtube.music  W  Verification of int alk.a(int) took 634.217ms (9.46 bytecodes/s) (712B approximate peak alloc)
2025-10-13 16:07:59.817   580-580   Looper                  system_process                       W  Slow dispatch took 282ms main h=com.android.server.power.Notifier$NotifierHandler c=null m=1
2025-10-13 16:07:59.830  7455-7515  s.youtube.musi          com...le.android.apps.youtube.music  W  Verification of void cp.a(byte[], byte[]) took 239.883ms (18563.15 bytecodes/s) (23856B approximate peak alloc)
2025-10-13 16:07:59.950  7689-7689  TetheringManager        com.google.android.videos            I  registerTetheringEventCallback:com.google.android.videos
2025-10-13 16:07:59.959  7455-7515  s.youtube.musi          com...le.android.apps.youtube.music  W  Verification of void ct.<init>(db) took 124.727ms (48.10 bytecodes/s) (768B approximate peak alloc)
2025-10-13 16:08:00.035  1219-7716  NetworkMonitor/102      com.google.android.networkstack      D  PROBE_DNS connectivitycheck.gstatic.com 2755ms OK 192.178.54.3,2c0f:fb50:4002:807::2003
2025-10-13 16:08:00.106   580-7729  CCodec                  system_process                       D  allocate(c2.android.vorbis.decoder)
2025-10-13 16:08:00.156   580-1651  system_server           system_process                       W  Long monitor contention with owner Binder:580_16 (2135) at java.util.List com.android.server.pm.ComponentResolver.queryActivities(android.content.Intent, java.lang.String, int, java.util.List, int)(ComponentResolver.java:273) waiters=3 in int com.android.server.pm.permission.PermissionManagerService.checkUidPermission(java.lang.String, int) for 119ms
2025-10-13 16:08:00.162   580-634   system_server           system_process                       W  Long monitor contention with owner Binder:580_16 (2135) at java.util.List com.android.server.pm.ComponentResolver.queryActivities(android.content.Intent, java.lang.String, int, java.util.List, int)(ComponentResolver.java:273) waiters=4 in boolean com.android.server.pm.PackageManagerService$PackageManagerInternalImpl.isPermissionsReviewRequired(java.lang.String, int) for 111ms
2025-10-13 16:08:00.179   580-1832  OpenGLRenderer          system_process                       I  Davey! duration=3680ms; Flags=0, IntendedVsync=7701293517360, Vsync=7701293517360, OldestInputEvent=9223372036854775807, NewestInputEvent=0, HandleInputStart=7701297896080, AnimationStart=7701297943780, PerformTraversalsStart=7701298316780, DrawStart=7701299366980, SyncQueued=7701300125080, SyncStart=7701308673280, IssueDrawCommandsStart=7701308895180, SwapBuffers=7701619993280, FrameCompleted=7704982949380, DequeueBufferDuration=50468500, QueueBufferDuration=2675781100, GpuCompleted=4120847771510862962, 
2025-10-13 16:08:00.547  1219-7715  NetworkMonitor/102      com.google.android.networkstack      D  PROBE_HTTPS https://www.google.com/generate_204 time=1879ms ret=204 request={Connection=[close], User-Agent=[Mozilla/5.0 (X11; Linux x86_64) AppleWebKit/537.36 (KHTML, like Gecko) Chrome/60.0.3112.32 Safari/537.36]} headers={null=[HTTP/1.1 204 No Content], Alt-Svc=[h3=":443"; ma=2592000,h3-29=":443"; ma=2592000], Connection=[close], Content-Length=[0], Cross-Origin-Resource-Policy=[cross-origin], Date=[Mon, 13 Oct 2025 14:08:00 GMT], X-Android-Received-Millis=[1760364480470], X-Android-Response-Source=[NETWORK 204], X-Android-Selected-Protocol=[http/1.1], X-Android-Sent-Millis=[1760364480302]}
2025-10-13 16:08:00.554  7689-7689  .android.video          com.google.android.videos            W  Verification of void nun.<init>(android.content.Context, java.lang.String) took 280.874ms (548.29 bytecodes/s) (2600B approximate peak alloc)
2025-10-13 16:08:00.731  7689-7689  .android.video          com.google.android.videos            W  Verification of org.apache.http.impl.client.RequestWrapper nun.a(org.apache.http.HttpRequest) took 176.762ms (164.06 bytecodes/s) (1272B approximate peak alloc)
2025-10-13 16:08:00.779  1041-1041  KeyguardClockSwitch     pid-1041                             D  Updating clock: 408
2025-10-13 16:08:00.795   580-618   Looper                  system_process                       W  Slow dispatch took 4216ms android.ui h=android.view.Choreographer$FrameHandler c=android.view.Choreographer$FrameDisplayEventReceiver@7b4b029 m=0
2025-10-13 16:08:00.864  1219-7716  NetworkMonitor/102      com.google.android.networkstack      D  PROBE_HTTP http://connectivitycheck.gstatic.com/generate_204 Probe failed with exception java.io.IOException: unexpected end of stream on com.android.okhttp.Address@6ea43110
2025-10-13 16:08:01.581  1219-7714  NetworkMonitor/102      com.google.android.networkstack      D  PROBE_FALLBACK http://play.googleapis.com/generate_204 time=1131ms ret=204 request={Connection=[close], User-Agent=[Mozilla/5.0 (X11; Linux x86_64) AppleWebKit/537.36 (KHTML, like Gecko) Chrome/60.0.3112.32 Safari/537.36]} headers={null=[HTTP/1.1 204 No Content], Connection=[close], Content-Length=[0], Cross-Origin-Resource-Policy=[cross-origin], Date=[Mon, 13 Oct 2025 14:08:01 GMT], X-Android-Received-Millis=[1760364481537], X-Android-Response-Source=[NETWORK 204], X-Android-Selected-Protocol=[http/1.1], X-Android-Sent-Millis=[1760364481331]}
2025-10-13 16:08:02.086   580-1832  OpenGLRenderer          system_process                       I  Davey! duration=1370ms; Flags=0, IntendedVsync=7701310184026, Vsync=7701376850690, OldestInputEvent=9223372036854775807, NewestInputEvent=0, HandleInputStart=7701382726280, AnimationStart=7701382782980, PerformTraversalsStart=7701383314680, DrawStart=7701383451180, SyncQueued=7701385729580, SyncStart=7705595277480, IssueDrawCommandsStart=7705621555180, SwapBuffers=7705717896780, FrameCompleted=7706890185680, DequeueBufferDuration=315300, QueueBufferDuration=305081000, GpuCompleted=3966085176569704037, 
2025-10-13 16:08:02.206   396-396   C2Store                 pid-396                              V  in init
2025-10-13 16:08:02.206   396-396   C2Store                 pid-396                              V  loading dll
2025-10-13 16:08:02.324  7455-7524  s.youtube.musi          com...le.android.apps.youtube.music  W  Long monitor contention with owner yt-background8-9 (7515) at java.lang.String otg.a()(PG:26) waiters=0 in java.lang.String otg.a() for 12.112s
2025-10-13 16:08:03.415   580-1247  CCodec                  system_process                       W  previous call to allocate exceeded timeout
2025-10-13 16:08:03.499   580-1832  OpenGLRenderer          system_process                       D  endAllActiveAnimators on 0xf0e0c770 (RippleDrawable) with handle 0xc1f30a70
2025-10-13 16:08:03.618   189-191   android.sy....0-service pid-189                              E  Error opening kernel wakelock stats for: wakeup36: Permission denied
2025-10-13 16:08:03.592   189-189   Binder:189_1            pid-189                              W  type=1400 audit(0.0:402): avc: denied { read } for name="wakeup36" dev="sysfs" ino=19163 scontext=u:r:system_suspend:s0 tcontext=u:object_r:sysfs:s0 tclass=dir permissive=0
