2025-10-13 16:08:09.052   396-396   FMQ                     pid-396                              E  grantorIdx must be less than 3
2025-10-13 16:08:08.884  2738-7800  LocationOracle          com....android.googlequicksearchbox  W  getBestLocation(): no location is available
2025-10-13 16:08:09.127  6750-7802  Bugle                   com.google.android.apps.messaging    I  CountryCodeDetector: updateMainDeviceCountry from default subscription network country. detected country: us
2025-10-13 16:08:09.127   396-7806  FMQ                     pid-396                              E  grantorIdx must be less than 3
2025-10-13 16:08:09.137   580-7782  FMQ                     system_process                       E  grantorIdx must be less than 3
2025-10-13 16:08:09.438   580-7805  CCodecBufferChannel     system_process                       D  [c2.android.vorbis.decoder#650] MediaCodec discarded an unknown buffer
2025-10-13 16:08:09.439   580-7805  CCodecBufferChannel     system_process                       D  [c2.android.vorbis.decoder#650] MediaCodec discarded an unknown buffer
2025-10-13 16:08:09.456   580-7805  hw-BpHwBinder           system_process                       I  onLastStrongRef automatically unlinking death recipients
2025-10-13 16:08:09.459   396-396   hw-BpHwBinder           pid-396                              I  onLastStrongRef automatically unlinking death recipients
2025-10-13 16:08:09.500   396-396   C2Store                 pid-396                              V  in ~ComponentModule
2025-10-13 16:08:09.500   396-396   C2Store                 pid-396                              V  unloading dll
2025-10-13 16:08:09.673   580-580   Looper                  system_process                       W  Slow dispatch took 355ms main h=com.android.server.job.JobSchedulerService$JobHandler c=null m=3
2025-10-13 16:08:09.681   580-580   Looper                  system_process                       W  Slow delivery took 335ms main h=com.android.server.job.JobSchedulerService$JobHandler c=null m=4
2025-10-13 16:08:09.701  2293-2374  PeriodicStatsRunner     com...gle.android.inputmethod.latin  I  PeriodicStatsRunner.call():180 call()
2025-10-13 16:08:09.702  2293-2374  PeriodicStatsRunner     com...gle.android.inputmethod.latin  I  PeriodicStatsRunner.call():184 No submit PeriodicStats since input started.
2025-10-13 16:08:09.761  7455-7496  GoogleTagManager        com...le.android.apps.youtube.music  E  Unsupported Value Escaping: 3
2025-10-13 16:08:09.761   580-7810  CCodec                  system_process                       D  allocate(c2.android.vorbis.decoder)
2025-10-13 16:08:09.762   396-7747  C2Store                 pid-396                              V  in init
2025-10-13 16:08:09.763   396-7747  C2Store                 pid-396                              V  loading dll
2025-10-13 16:08:09.768   580-7810  CCodec                  system_process                       I  Created component [c2.android.vorbis.decoder]
2025-10-13 16:08:09.770   580-7810  CCodecConfig            system_process                       D  read media type: audio/vorbis
2025-10-13 16:08:09.786   580-7810  ReflectedParamUpdater   system_process                       D  extent() != 1 for single value type: algo.buffers.max-count.values
2025-10-13 16:08:09.798   580-7810  ReflectedParamUpdater   system_process                       D  extent() != 1 for single value type: output.subscribed-indices.values
2025-10-13 16:08:09.801   580-7810  ReflectedParamUpdater   system_process                       D  extent() != 1 for single value type: input.buffers.allocator-ids.values
2025-10-13 16:08:09.803   580-7810  ReflectedParamUpdater   system_process                       D  extent() != 1 for single value type: output.buffers.allocator-ids.values
2025-10-13 16:08:09.807   580-7810  ReflectedParamUpdater   system_process                       D  extent() != 1 for single value type: algo.buffers.allocator-ids.values
2025-10-13 16:08:09.811   580-7810  ReflectedParamUpdater   system_process                       D  extent() != 1 for single value type: output.buffers.pool-ids.values
2025-10-13 16:08:09.812   580-7810  ReflectedParamUpdater   system_process                       D  extent() != 1 for single value type: algo.buffers.pool-ids.values
2025-10-13 16:08:09.828   580-7810  CCodecConfig            system_process                       I  query failed after returning 7 values (BAD_INDEX)
2025-10-13 16:08:09.828   580-7810  CCodecConfig            system_process                       D  c2 config diff is Dict {
                                                                                                      c2::u32 coded.bitrate.value = 64000
                                                                                                      c2::u32 input.buffers.max-size.value = 32768
                                                                                                      c2::u32 input.delay.value = 0
                                                                                                      string input.media-type.value = "audio/vorbis"
                                                                                                      string output.media-type.value = "audio/raw"
                                                                                                      c2::u32 raw.channel-count.value = 1
                                                                                                      c2::u32 raw.sample-rate.value = 48000
                                                                                                    }
2025-10-13 16:08:09.831   580-7810  CCodec                  system_process                       D  [c2.android.vorbis.decoder] buffers are bound to CCodec for this session
2025-10-13 16:08:09.831   580-7810  CCodecConfig            system_process                       D  no c2 equivalents for durationUs
2025-10-13 16:08:09.831   580-7810  CCodecConfig            system_process                       D  no c2 equivalents for track-id
2025-10-13 16:08:09.831   580-7810  CCodecConfig            system_process                       D  no c2 equivalents for csd-1
2025-10-13 16:08:09.831   580-7810  CCodecConfig            system_process                       D  no c2 equivalents for channel-mask
2025-10-13 16:08:09.831   580-7810  CCodecConfig            system_process                       D  no c2 equivalents for flags
2025-10-13 16:08:09.838   580-7810  CCodecConfig            system_process                       D  c2 config diff is   c2::u32 raw.sample-rate.value = 44100
2025-10-13 16:08:09.847   580-7810  Codec2Client            system_process                       W  query -- param skipped: index = 1107298332.
2025-10-13 16:08:09.847   580-7810  CCodec                  system_process                       D  setup formats input: AMessage(what = 0x00000000) = {
                                                                                                      int32_t channel-count = 1
                                                                                                      int32_t max-input-size = 32768
                                                                                                      string mime = "audio/vorbis"
                                                                                                      int32_t sample-rate = 44100
                                                                                                    } and output: AMessage(what = 0x00000000) = {
                                                                                                      int32_t channel-count = 1
                                                                                                      string mime = "audio/raw"
                                                                                                      int32_t sample-rate = 44100
                                                                                                      int32_t channel-mask = 1
                                                                                                    }
2025-10-13 16:08:09.852   580-7810  Codec2Client            system_process                       W  query -- param skipped: index = 1342179345.
2025-10-13 16:08:09.852   580-7810  Codec2Client            system_process                       W  query -- param skipped: index = 2415921170.
2025-10-13 16:08:09.853   580-7810  FMQ                     system_process                       E  grantorIdx must be less than 3
2025-10-13 16:08:09.854   580-7810  FMQ                     system_process                       E  grantorIdx must be less than 3
2025-10-13 16:08:09.857   580-7810  CCodecBufferChannel     system_process                       D  [c2.android.vorbis.decoder#697] Created input block pool with allocatorID 16 => poolID 23 - OK (0)
2025-10-13 16:08:09.859   396-7747  FMQ                     pid-396                              E  grantorIdx must be less than 3
2025-10-13 16:08:09.860   396-7747  FMQ                     pid-396                              E  grantorIdx must be less than 3
2025-10-13 16:08:09.862   580-7810  CCodecBufferChannel     system_process                       I  [c2.android.vorbis.decoder#697] Created output block pool with allocatorID 16 => poolID 26 - OK
2025-10-13 16:08:09.863   580-7810  CCodecBufferChannel     system_process                       D  [c2.android.vorbis.decoder#697] Configured output block pool ids 26 => OK
2025-10-13 16:08:09.868   396-7811  SimpleC2Component       pid-396                              D  Using output block pool with poolID 26 => got 26 - 0
2025-10-13 16:08:09.872   580-7810  FMQ                     system_process                       E  grantorIdx must be less than 3
2025-10-13 16:08:09.874   396-396   FMQ                     pid-396                              E  grantorIdx must be less than 3
2025-10-13 16:08:09.902   396-7811  FMQ                     pid-396                              E  grantorIdx must be less than 3
2025-10-13 16:08:09.903   580-645   FMQ                     system_process                       E  grantorIdx must be less than 3
2025-10-13 16:08:10.061   396-1171  BufferPoolAccessor2.0   pid-396                              D  evictor expired: 2, evicted: 0
2025-10-13 16:08:10.134   580-7810  CCodecBufferChannel     system_process                       D  [c2.android.vorbis.decoder#697] MediaCodec discarded an unknown buffer
2025-10-13 16:08:10.134   580-7810  chatty                  system_process                       I  uid=1000(system) Binder:580_3 identical 1 line
2025-10-13 16:08:10.135   580-7810  CCodecBufferChannel     system_process                       D  [c2.android.vorbis.decoder#697] MediaCodec discarded an unknown buffer
2025-10-13 16:08:10.139  7689-7809  .android.video          com.google.android.videos            W  Accessing hidden field Ljava/util/Collections$SynchronizedCollection;->mutex:Ljava/lang/Object; (greylist-max-o, reflection, denied)
2025-10-13 16:08:10.144  7689-7809  .android.video          com.google.android.videos            W  Accessing hidden method Ljava/util/Collections$SynchronizedSet;-><init>(Ljava/util/Set;Ljava/lang/Object;)V (greylist-max-o, reflection, denied)
2025-10-13 16:08:10.146  7689-7809  .android.video          com.google.android.videos            W  Accessing hidden method Ljava/util/Collections$SynchronizedCollection;-><init>(Ljava/util/Collection;Ljava/lang/Object;)V (greylist-max-o, reflection, denied)
2025-10-13 16:08:10.146   580-7810  hw-BpHwBinder           system_process                       I  onLastStrongRef automatically unlinking death recipients
2025-10-13 16:08:10.146   396-396   hw-BpHwBinder           pid-396                              I  onLastStrongRef automatically unlinking death recipients
2025-10-13 16:08:10.147   396-396   C2Store                 pid-396                              V  in ~ComponentModule
2025-10-13 16:08:10.147   396-396   C2Store                 pid-396                              V  unloading dll
2025-10-13 16:08:10.285   402-2706  AudioFlinger            pid-402                              W  createTrack_l(): mismatch between requested flags (00000004) and output flags (00000002)
2025-10-13 16:08:10.292  7455-7570  YouTubeMusic            com...le.android.apps.youtube.music  W  Could not register for notifications with InnerTube: 
                                                                                                    rff: java.util.concurrent.ExecutionException: bjk
                                                                                                    	at rex.b(PG:18)
                                                                                                    	at uqp.f(PG:65)
                                                                                                    	at uqp.g(PG:134)
                                                                                                    	at uqp.b(PG:99)
                                                                                                    	at uqn.run(Unknown Source:1)
                                                                                                    	at java.util.concurrent.Executors$RunnableAdapter.call(Executors.java:462)
                                                                                                    	at java.util.concurrent.FutureTask.run(FutureTask.java:266)
                                                                                                    	at ywx.run(Unknown Source:1)
                                                                                                    	at java.util.concurrent.ThreadPoolExecutor.runWorker(ThreadPoolExecutor.java:1167)
                                                                                                    	at java.util.concurrent.ThreadPoolExecutor$Worker.run(ThreadPoolExecutor.java:641)
                                                                                                    	at pqt.run(PG:13)
                                                                                                    	at java.lang.Thread.run(Thread.java:923)
                                                                                                    Caused by: java.util.concurrent.ExecutionException: bjk
                                                                                                    	at zsp.a(PG:135)
                                                                                                    	at zsp.get(PG:91)
                                                                                                    	at rex.b(PG:17)
                                                                                                    	at uqp.f(PG:65) 
                                                                                                    	at uqp.g(PG:134) 
                                                                                                    	at uqp.b(PG:99) 
                                                                                                    	at uqn.run(Unknown Source:1) 
                                                                                                    	at java.util.concurrent.Executors$RunnableAdapter.call(Executors.java:462) 
                                                                                                    	at java.util.concurrent.FutureTask.run(FutureTask.java:266) 
                                                                                                    	at ywx.run(Unknown Source:1) 
                                                                                                    	at java.util.concurrent.ThreadPoolExecutor.runWorker(ThreadPoolExecutor.java:1167) 
                                                                                                    	at java.util.concurrent.ThreadPoolExecutor$Worker.run(ThreadPoolExecutor.java:641) 
                                                                                                    	at pqt.run(PG:13) 
                                                                                                    	at java.lang.Thread.run(Thread.java:923) 
                                                                                                    Caused by: bjk
                                                                                                    	at pxo.run(Unknown Source:10)
                                                                                                    	at java.util.concurrent.ThreadPoolExecutor.runWorker(ThreadPoolExecutor.java:1167) 
                                                                                                    	at java.util.concurrent.ThreadPoolExecutor$Worker.run(ThreadPoolExecutor.java:641) 
                                                                                                    	at pqt.run(PG:13) 
                                                                                                    	at java.lang.Thread.run(Thread.java:923) 
                                                                                                    Caused by: anil: Exception in CronetUrlRequest: net::ERR_NETWORK_CHANGED, ErrorCode=3, InternalErrorCode=-21, Retryable=true, QuicDetailedErrorCode=0
                                                                                                    	at org.chromium.net.impl.CronetUrlRequest.onError(PG:60)
2025-10-13 16:08:10.398   402-2706  AF::TrackHandle         pid-402                              D  OpPlayAudio: track:55 usage:13 not muted
2025-10-13 16:08:10.560   580-963   AudioTrack              system_process                       D  createTrack_l(310): AUDIO_OUTPUT_FLAG_FAST denied by server; frameCount 0 -> 4512
2025-10-13 16:08:10.593   580-880   system_server           system_process                       I  oneway function results will be dropped but finished with status OK and parcel size 4
2025-10-13 16:08:10.594   580-2635  system_server           system_process                       I  oneway function results will be dropped but finished with status OK and parcel size 4
2025-10-13 16:08:10.684   580-880   system_server           system_process                       I  oneway function results will be dropped but finished with status OK and parcel size 4
2025-10-13 16:08:10.735   274-1405  FMQ                     pid-274                              E  grantorIdx must be less than 3
2025-10-13 16:08:10.737   274-1405  FMQ                     pid-274                              E  grantorIdx must be less than 3
2025-10-13 16:08:10.768  7689-7689  PlayMovies              com.google.android.videos            W  bjc.onCreate:76 Installer Package: null
2025-10-13 16:08:10.798   402-467   FMQ                     pid-402                              E  grantorIdx must be less than 3
2025-10-13 16:08:10.799   402-467   FMQ                     pid-402                              E  grantorIdx must be less than 3
2025-10-13 16:08:10.859  7759-7777  TelephonyR...tryManager com.android.systemui                 D  onSubscriptionsChangedListener callback received.
2025-10-13 16:08:11.147   580-1249  BufferPoolAccessor2.0   system_process                       D  bufferpool2 0xf6e2b5f8 : 0(0 size) total buffers - 0(0 size) used buffers - 3/9 (recycle/alloc) - 6/18 (fetch/transfer)
2025-10-13 16:08:11.147   580-1249  BufferPoolAccessor2.0   system_process                       D  evictor expired: 1, evicted: 1
2025-10-13 16:08:11.151   396-1171  BufferPoolAccessor2.0   pid-396                              D  evictor expired: 2, evicted: 0
2025-10-13 16:08:11.155   580-620   ActivityTaskManager     system_process                       W  Sleep timeout!  Sleeping now.
2025-10-13 10:09:01.708     0-0     snd_hda_intel 0000      kernel                               I  00:02.0: IRQ timing workaround is activated for card #0. Suggest a bigger bdl_pos_adj.
2025-10-13 16:08:11.218  7689-7722  SharedPreferencesImpl   com.google.android.videos            D  Time required to fsync /data/user/0/com.google.android.videos/shared_prefs/FirebaseAppHeartBeat.xml: [<1: 0, <2: 0, <4: 0, <8: 0, <16: 0, <32: 0, <64: 0, <128: 0, <256: 0, <512: 1, <1024: 0, <2048: 0, <4096: 0, <8192: 0, <16384: 0, >=16384: 0]
2025-10-13 16:08:11.239  5878-5893  ocessService0:          pid-5878                             W  Reducing the number of considered missed Gc histogram windows from 709 to 100
2025-10-13 16:08:11.268   580-620   system_server           system_process                       W  Long monitor contention with owner main (580) at void com.android.server.appop.HistoricalRegistry.incrementOpAccessedCount(int, int, java.lang.String, java.lang.String, int, int)(HistoricalRegistry.java:463) waiters=0 in android.app.AppOpsManager$RestrictionBypass com.android.server.appop.AppOpsService.verifyAndGetBypass(int, java.lang.String, java.lang.String) for 112ms
2025-10-13 16:08:11.310   580-2319  system_server           system_process                       I  oneway function results will be dropped but finished with status OK and parcel size 4
2025-10-13 16:08:11.340  5803-5815  enepangolinbea          pid-5803                             W  Reducing the number of considered missed Gc histogram windows from 708 to 100
2025-10-13 16:08:11.419  7759-7759  Compatibil...geReporter com.android.systemui                 D  Compat change id reported: 147600208; UID 10157; state: ENABLED
2025-10-13 16:08:11.518   580-580   Looper                  system_process                       W  Drained
2025-10-13 16:08:11.519   580-580   Looper                  system_process                       W  Slow dispatch took 681ms main h=com.android.server.job.JobSchedulerService$JobHandler c=null m=3
2025-10-13 16:08:11.519   580-580   Looper                  system_process                       W  Slow delivery took 672ms main h=com.android.server.job.JobSchedulerService$JobHandler c=null m=4
2025-10-13 16:08:11.535  7759-7759  skia                    com.android.systemui                 D  --- Failed to create image decoder with message 'unimplemented'
2025-10-13 10:09:02.074     0-0     binder                  kernel                               I  580:580 transaction failed 29189/-22, size 92-0 line 3053
2025-10-13 16:08:11.546   580-580   TrustManagerService     system_process                       D  Removing dead TrustListener.
2025-10-13 16:08:11.563  7689-7689  MediaRouter             com.google.android.videos            V  Selecting route: RouteInfo{ name=Phone, description=null, status=null, category=RouteCategory{ name=System types=ROUTE_TYPE_LIVE_AUDIO ROUTE_TYPE_LIVE_VIDEO  groupable=false }, supportedTypes=ROUTE_TYPE_LIVE_AUDIO ROUTE_TYPE_LIVE_VIDEO , presentationDisplay=null }
2025-10-13 16:08:11.619  7689-7689  MediaSessionCompat      com.google.android.videos            W  Couldn't find a unique registered media button receiver in the given context.
2025-10-13 16:08:11.667  2821-2821  AvrcpMediaPlayerList    com.android.bluetooth                V  onActiveSessionsChanged: number of controllers: 0
2025-10-13 16:08:11.698   580-580   Looper                  system_process                       W  Drained
2025-10-13 16:08:11.914   580-2635  ConnectivityService     system_process                       D  requestNetwork for uid/pid:10147/7689 NetworkRequest [ TRACK_DEFAULT id=55, [ Capabilities: INTERNET&NOT_RESTRICTED&TRUSTED Uid: 10147 AdministratorUids: [] RequestorUid: 10147 RequestorPackageName: com.google.android.videos] ]
2025-10-13 16:08:11.917   580-953   ConnectivityService     system_process                       D  NetReassign [55 : null → 102]
2025-10-13 16:08:11.919   580-939   UntrustedW...orkFactory system_process                       D  got request NetworkRequest [ TRACK_DEFAULT id=55, [ Capabilities: INTERNET&NOT_RESTRICTED&TRUSTED Uid: 10147 AdministratorUids: [] RequestorUid: 10147 RequestorPackageName: com.google.android.videos] ] with score 50 and providerId 8
2025-10-13 16:08:11.919   580-939   WifiNetworkFactory      system_process                       D  got request NetworkRequest [ TRACK_DEFAULT id=55, [ Capabilities: INTERNET&NOT_RESTRICTED&TRUSTED Uid: 10147 AdministratorUids: [] RequestorUid: 10147 RequestorPackageName: com.google.android.videos] ] with score 50 and providerId 8
2025-10-13 16:08:11.921  2712-2712  PhoneSwitc...stListener com.android.phone                    D  got request NetworkRequest [ TRACK_DEFAULT id=55, [ Capabilities: INTERNET&NOT_RESTRICTED&TRUSTED Uid: 10147 AdministratorUids: [] RequestorUid: 10147 RequestorPackageName: com.google.android.videos] ] with score 50 and providerId 8
2025-10-13 16:08:11.957   580-2135  Compatibil...geReporter system_process                       D  Compat change id reported: 135634846; UID 10140; state: DISABLED
2025-10-13 16:08:11.960   580-635   Compatibil...geReporter system_process                       D  Compat change id reported: 143937733; UID 10140; state: DISABLED
2025-10-13 16:08:11.966  2712-2712  Telephony               com.android.phone                    D  isEmergencyPreferredAccount: subId=1, activeData=1
2025-10-13 16:08:11.967  2712-2712  Telephony               com.android.phone                    D  isEmergencyPreferredAccount: Device does not require preference.
2025-10-13 16:08:12.085  7759-7759  MediaResumeListener     com.android.systemui                 D  loaded resume components []
2025-10-13 16:08:12.136   269-269   Zygote                  pid-269                              D  Forked child process 7846
2025-10-13 16:08:12.149   580-1249  BufferPoolAccessor2.0   system_process                       D  bufferpool2 0xf6e25328 : 0(0 size) total buffers - 0(0 size) used buffers - 1/9 (recycle/alloc) - 8/24 (fetch/transfer)
2025-10-13 16:08:12.149   580-1249  BufferPoolAccessor2.0   system_process                       D  evictor expired: 1, evicted: 1
2025-10-13 16:08:12.154   396-1171  BufferPoolAccessor2.0   pid-396                              D  bufferpool2 0xf06c3218 : 0(0 size) total buffers - 0(0 size) used buffers - 4/7 (recycle/alloc) - 3/6 (fetch/transfer)
2025-10-13 16:08:12.155   396-1171  BufferPoolAccessor2.0   pid-396                              D  bufferpool2 0xf06c2558 : 0(0 size) total buffers - 0(0 size) used buffers - 9/10 (recycle/alloc) - 1/9 (fetch/transfer)
2025-10-13 16:08:12.155   396-1171  BufferPoolAccessor2.0   pid-396                              D  evictor expired: 2, evicted: 2
2025-10-13 16:08:12.168  7846-7846  android.youtub          com.google.android.youtube           W  Unexpected CPU variant for X86 using defaults: x86
2025-10-13 16:08:12.184   580-635   ActivityManager         system_process                       W  Slow operation: 228ms so far, now at startProcess: returned from zygote!
2025-10-13 16:08:12.187   580-635   ActivityManager         system_process                       W  Slow operation: 231ms so far, now at startProcess: done updating battery stats
2025-10-13 16:08:12.187   580-635   ActivityManager         system_process                       W  Slow operation: 231ms so far, now at startProcess: building log message
2025-10-13 16:08:12.187   580-635   ActivityManager         system_process                       I  Start proc 7846:com.google.android.youtube/u0a140 for broadcast {com.google.android.youtube/androidx.work.impl.background.systemalarm.RescheduleReceiver}
2025-10-13 16:08:12.187   580-635   ActivityManager         system_process                       W  Slow operation: 232ms so far, now at startProcess: starting to update pids map
2025-10-13 16:08:12.191   369-432   adbd                    pid-369                              I  jdwp connection from 7846
2025-10-13 16:08:12.194   580-635   ActivityManager         system_process                       W  Slow operation: 238ms so far, now at startProcess: done updating pids map
2025-10-13 16:08:12.218  7759-7759  AlarmManager            com.android.systemui                 W  Unrecognized alarm listener com.android.systemui.keyguard.-$$Lambda$KeyguardSliceProvider$IhzByd8TsqFuOrSyuGurVskyPLo@baf887a
2025-10-13 16:08:12.286  7846-7846  ApplicationLoaders      com.google.android.youtube           D  Returning zygote-cached class loader: /system/framework/android.test.base.jar
2025-10-13 16:08:12.287  7759-7759  SystemUIService         com.android.systemui                 V  SystemUIApplication created.
2025-10-13 16:08:12.295  7759-7759  SystemUIBootTiming      com.android.systemui                 D  DependencyInjection took to complete: 7ms
2025-10-13 16:08:12.303  7846-7846  android.youtub          com.google.android.youtube           I  The ClassLoaderContext is a special shared library.
2025-10-13 16:08:12.331   580-580   WindowManager           system_process                       W  addWindowToken: Attempted to add binder token: android.os.Binder@c0a0f5c for already created window token: WallpaperWindowToken{e1ec265 token=android.os.Binder@c0a0f5c} displayId=0
2025-10-13 16:08:12.345  7846-7846  android.youtub          com.google.android.youtube           I  The ClassLoaderContext is a special shared library.
2025-10-13 16:08:12.383  7759-7759  SystemUIService         com.android.systemui                 V  Starting SystemUI services for user 0.
2025-10-13 16:08:12.396  7689-7828  LibraryVersion          com.google.android.videos            W  Failed to get app version for libraryName: firebase-iid
2025-10-13 16:08:12.409  7689-7838  PlayMovies              com.google.android.videos            W  MoviesWorkerWrapper.e:2 Worker was stopped for task with tags: [refresh_license_delayed_forced, com.google.android.apps.play.movies.common.service.workmanager.MoviesWorkerWrapper]
2025-10-13 16:08:12.415  7846-7846  android.youtub          com.google.android.youtube           I  The ClassLoaderContext is a special shared library.
2025-10-13 16:08:12.418  7846-7846  nativeloader            com.google.android.youtube           D  classloader namespace configured for unbundled product apk. library_path=/product/app/YouTube/lib/x86:/product/app/YouTube/YouTube.apk!/lib/x86:/product/lib:/system/product/lib
2025-10-13 16:08:12.455  7759-7759  SystemUIBootTiming      com.android.systemui                 D  StartServicescom.android.systemui.util.NotificationChannels took to complete: 71ms
2025-10-13 16:08:12.487  7846-7846  NetworkSecurityConfig   com.google.android.youtube           D  Using Network Security Config from resource network_security_config debugBuild: false
2025-10-13 16:08:12.492  7846-7846  NetworkSecurityConfig   com.google.android.youtube           D  Using Network Security Config from resource network_security_config debugBuild: false
2025-10-13 16:08:12.548  7759-7788  ndroid.systemu          com.android.systemui                 I  Waiting for a blocking GC ProfileSaver
2025-10-13 16:08:12.559  7759-7788  ndroid.systemu          com.android.systemui                 I  WaitForGcToComplete blocked ProfileSaver on RunEmptyCheckpoint for 11.602ms
2025-10-13 16:08:12.612  7759-7759  ActivityThread          com.android.systemui                 E  Failed to find provider info for com.google.android.apps.turbo.estimated_time_remaining
2025-10-13 16:08:12.643  2738-7800  LocationOracle          com....android.googlequicksearchbox  W  getBestLocation(): no location is available
2025-10-13 16:08:12.688  7759-7759  Interrupti...teProvider com.android.systemui                 D  heads up is enabled
2025-10-13 16:08:12.720  7759-7759  FalsingManager          com.android.systemui                 I  xdpi, ydpi: 440.0, 440.0
2025-10-13 16:08:12.734  7759-7759  FalsingManager          com.android.systemui                 I  width, height: 1080, 2072
2025-10-13 16:08:12.780   580-580   Looper                  system_process                       W  Slow dispatch took 213ms main h=com.android.server.job.JobSchedulerService$JobHandler c=null m=1
2025-10-13 16:08:12.809  7759-7759  Navigation...Controller com.android.systemui                 D  getCurrentUserContext: contextUser=0 currentUser=0
2025-10-13 16:08:12.809  7759-7759  Navigation...Controller com.android.systemui                 D  getCurrentInteractionMode: mode=0 contextUser=0
2025-10-13 16:08:12.810  7759-7759  Navigation...Controller com.android.systemui                 E  updateCurrentInteractionMode: mode=0
2025-10-13 16:08:12.810  7759-7759  Navigation...Controller com.android.systemui                 D    contextUser=0
2025-10-13 16:08:12.811  7759-7759  Navigation...Controller com.android.systemui                 D    assetPaths=
2025-10-13 16:08:12.811  7759-7759  Navigation...Controller com.android.systemui                 D      /system/framework/framework-res.apk
2025-10-13 16:08:12.811  7759-7759  Navigation...Controller com.android.systemui                 D      /product/overlay/GoogleConfigOverlay.apk
2025-10-13 16:08:12.812  7759-7759  Navigation...Controller com.android.systemui                 D      /product/overlay/GoogleWebViewOverlay.apk
2025-10-13 16:08:12.842  7759-7759  Navigation...Controller com.android.systemui                 D      /product/overlay/PixelConfigOverlayCommon.apk
2025-10-13 16:08:12.842  7759-7759  Navigation...Controller com.android.systemui                 D      /product/overlay/framework-res__auto_generated_rro_product.apk
2025-10-13 16:08:12.842  7759-7759  Navigation...Controller com.android.systemui                 D      /product/overlay/EmulatorConfigOverlay.apk
2025-10-13 16:08:12.842  7759-7759  Navigation...Controller com.android.systemui                 D      /system_ext/priv-app/SystemUIGoogle/SystemUIGoogle.apk
2025-10-13 16:08:12.842  7759-7759  Navigation...Controller com.android.systemui                 D      /product/overlay/EmulationPixel5/EmulationPixel5Overlay.apk
2025-10-13 16:08:12.842  7759-7759  Navigation...Controller com.android.systemui                 D      /product/overlay/SystemUIGoogle__auto_generated_rro_product.apk
2025-10-13 16:08:12.842  7759-7759  Navigation...Controller com.android.systemui                 D      /product/overlay/SystemUIEmulationPixel5/SystemUIEmulationPixel5Overlay.apk
2025-10-13 16:08:12.847  7759-7759  Navigation...Controller com.android.systemui                 D  getCurrentInteractionMode: mode=0 contextUser=0
2025-10-13 16:08:12.850  7689-7689  MediaRouter             com.google.android.videos            V  Selecting route: RouteInfo{ name=Phone, description=null, status=null, category=RouteCategory{ name=System types=ROUTE_TYPE_LIVE_AUDIO ROUTE_TYPE_LIVE_VIDEO  groupable=false }, supportedTypes=ROUTE_TYPE_LIVE_AUDIO ROUTE_TYPE_LIVE_VIDEO , presentationDisplay=null }
2025-10-13 16:08:13.016  7689-7827  WM-WorkerWrapper        com.google.android.videos            E  Didn't find WorkSpec for id ad6f56d9-541e-4225-9a99-24dd370eacd1
2025-10-13 16:08:13.029  7759-7759  MediaRouter             com.android.systemui                 V  Selecting route: RouteInfo{ name=Phone, description=null, status=null, category=RouteCategory{ name=System types=ROUTE_TYPE_LIVE_AUDIO ROUTE_TYPE_LIVE_VIDEO  groupable=false }, supportedTypes=ROUTE_TYPE_LIVE_AUDIO ROUTE_TYPE_LIVE_VIDEO , presentationDisplay=null }
2025-10-13 16:08:13.079  7759-7877  KeyguardViewMediator    com.android.systemui                 D  updateActivityLockScreenState(false, false)
2025-10-13 16:08:13.083   580-1651  ActivityTaskManager     system_process                       D  Top Process State changed to PROCESS_STATE_TOP
2025-10-13 16:08:13.136  5803-5803  Capacitor               pid-5803                             D  App restarted
2025-10-13 16:08:13.143  5803-5803  Capacitor               pid-5803                             D  App started
2025-10-13 16:08:13.151   580-1249  BufferPoolAccessor2.0   system_process                       D  bufferpool2 0xf6e280d8 : 0(0 size) total buffers - 0(0 size) used buffers - 3/9 (recycle/alloc) - 6/26 (fetch/transfer)
2025-10-13 16:08:13.151   580-1249  BufferPoolAccessor2.0   system_process                       D  evictor expired: 1, evicted: 1
2025-10-13 16:08:13.156   396-1171  BufferPoolAccessor2.0   pid-396                              D  bufferpool2 0xf06c0bd8 : 0(0 size) total buffers - 0(0 size) used buffers - 10/11 (recycle/alloc) - 1/10 (fetch/transfer)
2025-10-13 16:08:13.156   396-1171  BufferPoolAccessor2.0   pid-396                              D  evictor expired: 1, evicted: 1
2025-10-13 16:08:13.155  5803-5803  Capacitor               pid-5803                             D  App resumed
2025-10-13 16:08:13.194   286-286   EmuHWC2                 pid-286                              W  No layers, exit, buffer 0x0
2025-10-13 16:08:13.444   286-286   chatty                  pid-286                              I  uid=1000(system) composer@2.3-se identical 4 lines
2025-10-13 16:08:13.493   286-286   EmuHWC2                 pid-286                              W  No layers, exit, buffer 0x0
2025-10-13 16:08:13.710  7759-7882  CCodec                  com.android.systemui                 D  allocate(c2.android.vorbis.decoder)
2025-10-13 16:08:13.719  7759-7882  Codec2Client            com.android.systemui                 I  Available Codec2 services: "software"
2025-10-13 16:08:13.732   396-500   C2Store                 pid-396                              V  in init
2025-10-13 16:08:13.732   396-500   C2Store                 pid-396                              V  loading dll
2025-10-13 16:08:13.738  7759-7882  CCodec                  com.android.systemui                 I  Created component [c2.android.vorbis.decoder]
2025-10-13 16:08:13.742  7759-7882  CCodecConfig            com.android.systemui                 D  read media type: audio/vorbis
2025-10-13 16:08:13.762  7759-7882  ReflectedParamUpdater   com.android.systemui                 D  extent() != 1 for single value type: algo.buffers.max-count.values
2025-10-13 16:08:13.766  7759-7882  ReflectedParamUpdater   com.android.systemui                 D  extent() != 1 for single value type: output.subscribed-indices.values
2025-10-13 16:08:13.767  7759-7882  ReflectedParamUpdater   com.android.systemui                 D  extent() != 1 for single value type: input.buffers.allocator-ids.values
2025-10-13 16:08:13.768  7759-7882  ReflectedParamUpdater   com.android.systemui                 D  extent() != 1 for single value type: output.buffers.allocator-ids.values
2025-10-13 16:08:13.770  7759-7882  ReflectedParamUpdater   com.android.systemui                 D  extent() != 1 for single value type: algo.buffers.allocator-ids.values
2025-10-13 16:08:13.770  7759-7882  ReflectedParamUpdater   com.android.systemui                 D  extent() != 1 for single value type: output.buffers.pool-ids.values
2025-10-13 16:08:13.770  7759-7882  ReflectedParamUpdater   com.android.systemui                 D  extent() != 1 for single value type: algo.buffers.pool-ids.values
2025-10-13 16:08:13.777  7759-7882  CCodecConfig            com.android.systemui                 I  query failed after returning 7 values (BAD_INDEX)
2025-10-13 16:08:13.778  7759-7882  CCodecConfig            com.android.systemui                 D  c2 config diff is Dict {
                                                                                                      c2::u32 coded.bitrate.value = 64000
                                                                                                      c2::u32 input.buffers.max-size.value = 32768
                                                                                                      c2::u32 input.delay.value = 0
                                                                                                      string input.media-type.value = "audio/vorbis"
                                                                                                      string output.media-type.value = "audio/raw"
                                                                                                      c2::u32 raw.channel-count.value = 1
                                                                                                      c2::u32 raw.sample-rate.value = 48000
                                                                                                    }
2025-10-13 16:08:13.780  7759-7882  CCodec                  com.android.systemui                 D  [c2.android.vorbis.decoder] buffers are bound to CCodec for this session
2025-10-13 16:08:13.781  7759-7882  CCodecConfig            com.android.systemui                 D  no c2 equivalents for durationUs
2025-10-13 16:08:13.781  7759-7882  CCodecConfig            com.android.systemui                 D  no c2 equivalents for track-id
2025-10-13 16:08:13.781  7759-7882  CCodecConfig            com.android.systemui                 D  no c2 equivalents for csd-1
2025-10-13 16:08:13.782  7759-7882  CCodecConfig            com.android.systemui                 D  no c2 equivalents for channel-mask
2025-10-13 16:08:13.782  7759-7882  CCodecConfig            com.android.systemui                 D  no c2 equivalents for flags
2025-10-13 16:08:13.791  7759-7882  CCodecConfig            com.android.systemui                 D  c2 config diff is   c2::u32 raw.channel-count.value = 2
                                                                                                      c2::u32 raw.sample-rate.value = 44100
2025-10-13 16:08:13.792  7759-7882  Codec2Client            com.android.systemui                 W  query -- param skipped: index = 1107298332.
2025-10-13 16:08:13.792  7759-7882  CCodec                  com.android.systemui                 D  setup formats input: AMessage(what = 0x00000000) = {
                                                                                                      int32_t channel-count = 2
                                                                                                      int32_t max-input-size = 32768
                                                                                                      string mime = "audio/vorbis"
                                                                                                      int32_t sample-rate = 44100
                                                                                                    } and output: AMessage(what = 0x00000000) = {
                                                                                                      int32_t channel-count = 2
                                                                                                      string mime = "audio/raw"
                                                                                                      int32_t sample-rate = 44100
                                                                                                      int32_t channel-mask = 3
                                                                                                    }
2025-10-13 16:08:13.798  7759-7882  Codec2Client            com.android.systemui                 W  query -- param skipped: index = 1342179345.
2025-10-13 16:08:13.798  7759-7882  Codec2Client            com.android.systemui                 W  query -- param skipped: index = 2415921170.
2025-10-13 16:08:13.801  7759-7882  FMQ                     com.android.systemui                 E  grantorIdx must be less than 3
2025-10-13 16:08:13.802  7759-7882  FMQ                     com.android.systemui                 E  grantorIdx must be less than 3
2025-10-13 16:08:13.803  7759-7882  CCodecBufferChannel     com.android.systemui                 D  [c2.android.vorbis.decoder#202] Created input block pool with allocatorID 16 => poolID 17 - OK (0)
2025-10-13 16:08:13.804   396-1243  FMQ                     pid-396                              E  grantorIdx must be less than 3
2025-10-13 16:08:13.805   396-1243  FMQ                     pid-396                              E  grantorIdx must be less than 3
2025-10-13 16:08:13.813  7759-7882  CCodecBufferChannel     com.android.systemui                 I  [c2.android.vorbis.decoder#202] Created output block pool with allocatorID 16 => poolID 27 - OK
2025-10-13 16:08:13.814  7759-7882  CCodecBufferChannel     com.android.systemui                 D  [c2.android.vorbis.decoder#202] Configured output block pool ids 27 => OK
2025-10-13 16:08:13.816  7759-7882  ion                     com.android.systemui                 E  ioctl c0044901 failed with code -1: Inappropriate ioctl for device
2025-10-13 16:08:13.818   396-7887  SimpleC2Component       pid-396                              D  Using output block pool with poolID 27 => got 27 - 0
2025-10-13 16:08:13.822  7759-7882  FMQ                     com.android.systemui                 E  grantorIdx must be less than 3
2025-10-13 16:08:13.826   396-1243  FMQ                     pid-396                              E  grantorIdx must be less than 3
2025-10-13 16:08:13.889   396-7887  FMQ                     pid-396                              E  grantorIdx must be less than 3
2025-10-13 16:08:13.891  7759-7886  FMQ                     com.android.systemui                 E  grantorIdx must be less than 3
2025-10-13 16:08:14.152   580-1249  BufferPoolAccessor2.0   system_process                       D  bufferpool2 0xf6e12348 : 0(0 size) total buffers - 0(0 size) used buffers - 3/9 (recycle/alloc) - 6/24 (fetch/transfer)
2025-10-13 16:08:14.153   580-1249  BufferPoolAccessor2.0   system_process                       D  bufferpool2 0xf6e27fc8 : 0(0 size) total buffers - 0(0 size) used buffers - 3/9 (recycle/alloc) - 6/34 (fetch/transfer)
2025-10-13 16:08:14.153   580-1249  BufferPoolAccessor2.0   system_process                       D  evictor expired: 2, evicted: 2
2025-10-13 16:08:14.158   396-1171  BufferPoolAccessor2.0   pid-396                              D  bufferpool2 0xf06c3328 : 0(0 size) total buffers - 0(0 size) used buffers - 9/10 (recycle/alloc) - 1/9 (fetch/transfer)
2025-10-13 16:08:14.159   396-1171  BufferPoolAccessor2.0   pid-396                              D  bufferpool2 0xf06c1458 : 0(0 size) total buffers - 0(0 size) used buffers - 12/15 (recycle/alloc) - 3/14 (fetch/transfer)
2025-10-13 16:08:14.159   396-1171  BufferPoolAccessor2.0   pid-396                              D  evictor expired: 2, evicted: 2
2025-10-13 16:08:14.193  7759-7882  CCodecBufferChannel     com.android.systemui                 D  [c2.android.vorbis.decoder#202] MediaCodec discarded an unknown buffer
2025-10-13 16:08:14.193  7759-7882  chatty                  com.android.systemui                 I  uid=10157(com.android.systemui) identical 1 line
2025-10-13 16:08:14.193  7759-7882  CCodecBufferChannel     com.android.systemui                 D  [c2.android.vorbis.decoder#202] MediaCodec discarded an unknown buffer
2025-10-13 16:08:14.208  7759-7882  hw-BpHwBinder           com.android.systemui                 I  onLastStrongRef automatically unlinking death recipients
2025-10-13 16:08:14.208   396-500   hw-BpHwBinder           pid-396                              I  onLastStrongRef automatically unlinking death recipients
2025-10-13 16:08:14.209   396-500   C2Store                 pid-396                              V  in ~ComponentModule
2025-10-13 16:08:14.209   396-500   C2Store                 pid-396                              V  unloading dll
2025-10-13 16:08:14.246  7846-7846  YouTube                 com.google.android.youtube           E  flushBinderConnectionCallbacks is unverified on SDK 30
2025-10-13 16:08:14.271   580-2644  system_server           system_process                       I  oneway function results will be dropped but finished with status OK and parcel size 4
2025-10-13 16:08:14.273   580-914   BufferPoolAccessor2.0   system_process                       D  Destruction - bufferpool2 0xf6e2b5f8 cached: 0/0M, 0/0% in use; allocs: 9, 33% recycled; transfers: 18, 67% unfetched
2025-10-13 16:08:14.273   580-914   BufferPoolAccessor2.0   system_process                       D  Destruction - bufferpool2 0xf6e25328 cached: 0/0M, 0/0% in use; allocs: 9, 11% recycled; transfers: 24, 67% unfetched
2025-10-13 16:08:14.276  7759-7759  SystemUIBootTiming      com.android.systemui                 D  StartServicescom.android.systemui.keyguard.KeyguardViewMediator took to complete: 1820ms
2025-10-13 16:08:14.276  7759-7759  SystemUIService         com.android.systemui                 W  Initialization of com.android.systemui.keyguard.KeyguardViewMediator took 1821 ms
2025-10-13 16:08:14.277   580-915   BufferPoolAccessor2.0   system_process                       D  Destruction - bufferpool2 0xf6e280d8 cached: 0/0M, 0/0% in use; allocs: 9, 33% recycled; transfers: 26, 77% unfetched
2025-10-13 16:08:14.293   286-286   EmuHWC2                 pid-286                              W  No layers, exit, buffer 0x0
2025-10-13 16:08:14.301   580-620   system_server           system_process                       W  Long monitor contention with owner android.anim (621) at void com.android.server.wm.WindowSurfacePlacer$Traverser.run()(WindowSurfacePlacer.java:59) waiters=0 in void com.android.server.wm.WindowManagerService$H.handleMessage(android.os.Message) for 934ms
2025-10-13 16:08:14.303   580-599   system_server           system_process                       W  Long monitor contention with owner android.anim (621) at void com.android.server.wm.WindowSurfacePlacer$Traverser.run()(WindowSurfacePlacer.java:59) waiters=1 in void com.android.server.wm.ActivityTaskManagerService.activityIdle(android.os.IBinder, android.content.res.Configuration, boolean) for 855ms
