2025-10-13 16:09:14.983  2293-2639  SuperDelight            com...gle.android.inputmethod.latin  I  SuperDelightDownloadMetadataParser.parse():177 SuperDelightDownloadMetadataParser#parse(delight): Manifest parsed with 884 packs
2025-10-13 16:09:15.000  2293-8079  SuperDelight            com...gle.android.inputmethod.latin  I  SuperDelightManager.initializeDelightSuperpacks():321 initializeDelightSuperpacks()
2025-10-13 16:09:15.002  2293-8079  SuperDelight            com...gle.android.inputmethod.latin  I  SuperDelightManager.getDelightMetadataUriAndVersion():1036 getDelightMetadataUriAndVersion(): Phenotype : 2020070800 : https://www.gstatic.com/android/keyboard/dictionarypack/Klaw-normal/metadata.json
2025-10-13 16:09:15.005  2293-7784  SuperDelight            com...gle.android.inputmethod.latin  I  SuperDelightManager.lambda$registerAndUpgradeSuperpacks$4():473 SuperDelightManager#registerAndUpgradeSuperpacks(delight): current 2020070800, required 2020070800
2025-10-13 16:09:15.010  2293-7785  SuperDelight            com...gle.android.inputmethod.latin  I  SuperDelightManager.lambda$syncDownloadableLanguageModels$6():569 SuperDelightManager#syncDownloadableLanguageModels(delight): [OnDevice] Syncing for version 2020070800
2025-10-13 16:09:15.015  2293-8079  SuperDelight            com...gle.android.inputmethod.latin  I  SuperDelightAppsSuperpacksManager.initializeDelightAppsSuperpacks():85 initializeDelightAppsSuperpacks()
2025-10-13 16:09:15.017  2293-8079  MainLanguageModelLoader com...gle.android.inputmethod.latin  I  MainLanguageModelLoader.updateLmAvailableState():365 updateLmAvailableState(): locale? en_US prevState? AVAILABLE
2025-10-13 16:09:15.018  2293-8079  MainLanguageModelLoader com...gle.android.inputmethod.latin  I  MainLanguageModelLoader.updateLmAvailableState():401 updateLmAvailableState(): locale? en_US newState? AVAILABLE
2025-10-13 16:09:15.018  2293-3251  Delight5Decoder         com...gle.android.inputmethod.latin  I  Delight5DecoderWrapper.loadLanguageModel():578 loadLanguageModel() : 1, version [2020052800]
2025-10-13 16:09:15.020  2293-8079  Delight5Facilitator     com...gle.android.inputmethod.latin  I  BlacklistLoader.run():35 Running blacklist loader
2025-10-13 16:09:15.027  2293-2639  SuperDelight            com...gle.android.inputmethod.latin  I  SuperDelightDownloadSlicingStrategy.getSlices():82 DownloadSlicing#getSlices() : Locale = [en_US]
2025-10-13 16:09:15.030  2293-8079  Delight5Facilitator     com...gle.android.inputmethod.latin  I  ContactsLanguageModelLoader.run():33 Running contacts language model loader
2025-10-13 16:09:15.031  2293-8079  Delight5Facilitator     com...gle.android.inputmethod.latin  I  PersonalLanguageModelLoader.run():40 Running personal language model loader
2025-10-13 16:09:15.034  2293-8079  Delight5Facilitator     com...gle.android.inputmethod.latin  I  UserHistoryLanguageModelLoader.run():71 Running user history language model loader
2025-10-13 16:09:15.044  2293-8079  EmojiSuperpacksManager  com...gle.android.inputmethod.latin  I  EmojiSuperpacksManager.triggerSync():369 triggerSync() : isBundled = false
2025-10-13 16:09:15.056  2293-8079  EmojiSuperpacksManager  com...gle.android.inputmethod.latin  I  EmojiSuperpacksManager.triggerSync():369 triggerSync() : isBundled = true
2025-10-13 16:09:15.063  2293-8079  EmojiShortcutsLoader    com...gle.android.inputmethod.latin  I  EmojiShortcutsLoader.getEmojiShortcuts():93 Emoji shortcut file does not exist.
2025-10-13 16:09:15.065  2293-8079  EmojiShortcutsLoader    com...gle.android.inputmethod.latin  I  EmojiShortcutsLoader.run():59 0 emoji shortcut maps loaded.
2025-10-13 16:09:15.066  2293-8079  EmojiShortcutsLoader    com...gle.android.inputmethod.latin  I  EmojiShortcutsLoader.run():67 Finished loading emoji shortcuts
2025-10-13 16:09:15.066  2293-8079  Delight5Facilitator     com...gle.android.inputmethod.latin  I  EmailLanguageModelLoader.run():29 Running email language model loader
2025-10-13 16:09:15.251  7759-7759  KeyButtonView           com.android.systemui                 I  Back button event: ACTION_DOWN
2025-10-13 16:09:15.268   340-340   android.ha...ce.example pid-340                              I  Vibrator reporting capabilities
2025-10-13 16:09:15.277  2293-2639  SuperDelight            com...gle.android.inputmethod.latin  I  SuperDelightDownloadSlicingStrategy.getSlices():231 DownloadSlicing#getSlices(): result {slices=[delight:main_en_us_2020052800_1], last batch=true, sync metadata=false}
2025-10-13 16:09:15.278  2293-2639  SP                      com...gle.android.inputmethod.latin  I  Syncing delight (2020070800) with slices: [main_en_us_2020052800_1], metadata: false
2025-10-13 16:09:15.284   340-340   android.ha...ce.example pid-340                              I  Vibrator off
2025-10-13 16:09:15.307   340-340   android.ha...ce.example pid-340                              I  Vibrator perform
2025-10-13 16:09:15.309   340-8096  android.ha...ce.example pid-340                              I  Starting perform on another thread
2025-10-13 16:09:15.311   580-907   InputDispatcher         system_process                       D  Waiting to send key to Window{13b271d u0 com.example.serenepangolinbeam/com.example.serenepangolinbeam.MainActivity} because there are unprocessed events that may cause focus to change
2025-10-13 16:09:15.349   402-467   AudioFlinger            pid-402                              D  mixer(0xeac10030) throttle end: throttle time(37)
2025-10-13 16:09:15.358   580-2644  system_server           system_process                       I  oneway function results will be dropped but finished with status OK and parcel size 4
2025-10-13 16:09:15.366   580-2110  system_server           system_process                       I  oneway function results will be dropped but finished with status OK and parcel size 4
2025-10-13 16:09:15.411   340-8096  android.ha...ce.example pid-340                              I  Notifying perform complete
2025-10-13 16:09:15.417   340-340   android.ha...ce.example pid-340                              I  Vibrator off
2025-10-13 16:09:15.456   340-340   android.ha...ce.example pid-340                              I  Vibrator reporting capabilities
2025-10-13 16:09:15.460   340-340   android.ha...ce.example pid-340                              I  Vibrator off
2025-10-13 16:09:15.471   340-340   android.ha...ce.example pid-340                              I  Vibrator perform
2025-10-13 16:09:15.471   340-8099  android.ha...ce.example pid-340                              I  Starting perform on another thread
2025-10-13 16:09:15.473  7759-7759  KeyButtonView           com.android.systemui                 I  Back button event: ACTION_UP
2025-10-13 16:09:15.496   580-618   AutofillManagerService  system_process                       D  onBackKeyPressed()
2025-10-13 16:09:15.506   580-907   InputDispatcher         system_process                       D  Waiting to send key to Window{13b271d u0 com.example.serenepangolinbeam/com.example.serenepangolinbeam.MainActivity} because there are unprocessed events that may cause focus to change
2025-10-13 16:09:15.508   580-618   RemoteAugm...illService system_process                       E  Bad service name for flags 1048704: com.google.android.as/com.google.android.apps.miphone.aiai.app.AiAiAugmentedAutofillService
2025-10-13 16:09:15.542   580-2110  system_server           system_process                       I  oneway function results will be dropped but finished with status OK and parcel size 4
2025-10-13 16:09:15.583   340-8099  android.ha...ce.example pid-340                              I  Notifying perform complete
2025-10-13 16:09:15.590  2293-2293  TooltipLifecycleManager com...gle.android.inputmethod.latin  W  TooltipLifecycleManager.dismissTooltip():130 dismissTooltip(): tooltip with id inline_suggestion_tooltip not found in tooltipManager.
2025-10-13 16:09:15.603   340-340   android.ha...ce.example pid-340                              I  Vibrator off
2025-10-13 16:09:15.652   580-618   Looper                  system_process                       W  Slow dispatch took 106ms android.ui h=com.android.server.am.ActivityManagerService$UiHandler c=null m=53
2025-10-13 16:09:15.783  2293-3251  native                  com...gle.android.inputmethod.latin  I  proto-store.cc:45 File not found: '/data/user/0/com.google.android.inputmethod.latin/files/personal/adapt_state.en.dat'.
                                                                                                    (This might be OK for example when a language is being loaded for the first time.)
2025-10-13 16:09:15.798  2293-2306  putmethod.lati          com...gle.android.inputmethod.latin  W  Suspending all threads took: 35.909ms
2025-10-13 16:09:15.810  2293-2293  TooltipLifecycleManager com...gle.android.inputmethod.latin  W  TooltipLifecycleManager.dismissTooltip():130 dismissTooltip(): tooltip with id inline_suggestion_tooltip not found in tooltipManager.
2025-10-13 16:09:15.821  2293-3251  Delight5Decoder         com...gle.android.inputmethod.latin  I  Delight5DecoderWrapper.loadLanguageModel():598 Loaded main LM 1.en
2025-10-13 16:09:15.822  2293-3251  Delight5Decoder         com...gle.android.inputmethod.latin  I  Delight5DecoderWrapper.loadLanguageModel():578 loadLanguageModel() : 7, version [n/a]
2025-10-13 16:09:15.823  2293-3251  native                  com...gle.android.inputmethod.latin  I  blacklist-assembly.cc:116 LoadBlacklist en
2025-10-13 16:09:15.863  2293-2293  KeyboardWrapper         com...gle.android.inputmethod.latin  I  KeyboardWrapper.consumeEvent():264 Skip consuming an event as current keyboard is deactivated (state=0, keyboard existence=true)
2025-10-13 16:09:15.874  2293-2293  VoiceInput...gerWrapper com...gle.android.inputmethod.latin  I  VoiceInputManagerWrapper.shutdown():77 shutdown()
2025-10-13 16:09:15.905  2293-2293  AndroidIME              com...gle.android.inputmethod.latin  I  AbstractIme.onDeactivate():161 LatinIme.onDeactivate()
2025-10-13 16:09:15.988  1588-1588  s.nexuslaunche          com...le.android.apps.nexuslauncher  W  Long monitor contention with owner GoogleApiHandler (2246) at boolean c.b.a.c.d.j.m.a(java.lang.String, java.lang.String, int, android.content.ServiceConnection, java.lang.String)(SourceFile:26) waiters=0 in void c.b.a.c.d.j.D.onServiceConnected(android.content.ComponentName, android.os.IBinder) for 446ms
2025-10-13 16:09:16.097  2293-3251  Delight5Decoder         com...gle.android.inputmethod.latin  I  Delight5DecoderWrapper.loadLanguageModel():616 Loaded dynamic LM 7.en
2025-10-13 16:09:16.098  2293-3251  Delight5Decoder         com...gle.android.inputmethod.latin  I  Delight5DecoderWrapper.loadLanguageModel():578 loadLanguageModel() : 4, version [n/a]
2025-10-13 16:09:16.172  2293-2293  Choreographer           com...gle.android.inputmethod.latin  I  Skipped 36 frames!  The application may be doing too much work on its main thread.
2025-10-13 16:09:16.363   580-2644  ActivityManager         system_process                       W  Slow operation: 84ms so far, now at getContentProviderImpl: after updateOomAdj
2025-10-13 16:09:16.363   580-2644  ActivityManager         system_process                       W  Slow operation: 84ms so far, now at getContentProviderImpl: done!
2025-10-13 16:09:16.484  2293-3251  Delight5Decoder         com...gle.android.inputmethod.latin  I  Delight5DecoderWrapper.loadLanguageModel():616 Loaded dynamic LM 4.en
2025-10-13 16:09:16.488  2293-3062  OpenGLRenderer          com...gle.android.inputmethod.latin  I  Davey! duration=919ms; Flags=1, IntendedVsync=7780360552532, Vsync=7780960552508, OldestInputEvent=9223372036854775807, NewestInputEvent=0, HandleInputStart=7780976672780, AnimationStart=7780976737280, PerformTraversalsStart=7780976820180, DrawStart=7781051650280, SyncQueued=7781052316480, SyncStart=7781062093980, IssueDrawCommandsStart=7781068089080, SwapBuffers=7781232319880, FrameCompleted=7781289767880, DequeueBufferDuration=32407700, QueueBufferDuration=8336800, GpuCompleted=0, 
2025-10-13 16:09:16.491  2293-3251  Delight5Decoder         com...gle.android.inputmethod.latin  I  Delight5DecoderWrapper.loadLanguageModel():578 loadLanguageModel() : 3, version [n/a]
2025-10-13 16:09:16.502  7759-7759  KeyButtonView           com.android.systemui                 I  Back button event: ACTION_DOWN
2025-10-13 16:09:16.506   340-340   android.ha...ce.example pid-340                              I  Vibrator reporting capabilities
2025-10-13 16:09:16.507   340-340   android.ha...ce.example pid-340                              I  Vibrator off
2025-10-13 16:09:16.511   340-340   android.ha...ce.example pid-340                              I  Vibrator perform
2025-10-13 16:09:16.516   580-907   InputDispatcher         system_process                       D  Waiting to send key to Window{13b271d u0 com.example.serenepangolinbeam/com.example.serenepangolinbeam.MainActivity} because there are unprocessed events that may cause focus to change
2025-10-13 16:09:16.520  2293-3251  Delight5Decoder         com...gle.android.inputmethod.latin  I  Delight5DecoderWrapper.loadLanguageModel():616 Loaded dynamic LM 3.en
2025-10-13 16:09:16.530   340-8100  android.ha...ce.example pid-340                              I  Starting perform on another thread
2025-10-13 16:09:16.567   580-2110  system_server           system_process                       I  oneway function results will be dropped but finished with status OK and parcel size 4
2025-10-13 16:09:16.571   402-467   AudioFlinger            pid-402                              D  mixer(0xeac10030) throttle end: throttle time(40)
2025-10-13 16:09:16.602   402-467   AudioFlinger            pid-402                              D  mixer(0xeac10030) throttle end: throttle time(7)
2025-10-13 16:09:16.640   340-8100  android.ha...ce.example pid-340                              I  Notifying perform complete
2025-10-13 16:09:16.658   340-340   android.ha...ce.example pid-340                              I  Vibrator reporting capabilities
2025-10-13 16:09:16.662   340-340   android.ha...ce.example pid-340                              I  Vibrator off
2025-10-13 16:09:16.667   340-340   android.ha...ce.example pid-340                              I  Vibrator off
2025-10-13 16:09:16.669   340-340   android.ha...ce.example pid-340                              I  Vibrator perform
2025-10-13 16:09:16.678  7759-7759  KeyButtonView           com.android.systemui                 I  Back button event: ACTION_UP
2025-10-13 16:09:16.756   580-618   AutofillManagerService  system_process                       D  onBackKeyPressed()
2025-10-13 16:09:16.757   580-618   RemoteAugm...illService system_process                       E  Bad service name for flags 1048704: com.google.android.as/com.google.android.apps.miphone.aiai.app.AiAiAugmentedAutofillService
2025-10-13 16:09:16.794   580-880   system_server           system_process                       I  oneway function results will be dropped but finished with status OK and parcel size 4
2025-10-13 16:09:16.855   340-8101  android.ha...ce.example pid-340                              I  Starting perform on another thread
2025-10-13 16:09:16.880   340-340   android.ha...ce.example pid-340                              I  Vibrator off
2025-10-13 16:09:16.898   580-2110  InputDispatcher         system_process                       W  Excessive delay in interceptKeyBeforeQueueing; took 69 ms
2025-10-13 16:09:16.909   580-907   InputDispatcher         system_process                       D  Waiting to send key to Window{13b271d u0 com.example.serenepangolinbeam/com.example.serenepangolinbeam.MainActivity} because there are unprocessed events that may cause focus to change
2025-10-13 16:09:16.956   340-8101  android.ha...ce.example pid-340                              I  Notifying perform complete
2025-10-13 16:09:17.129  2293-2639  SP                      com...gle.android.inputmethod.latin  I  Registering emoji.20190807, url: https://www.gstatic.com/android/keyboard/modelpack/emoji/20190807165503/superpacks_manifest.zip, constraints: m:*, flags: *, requested: 20190807, current: 20190807
2025-10-13 16:09:17.144  2293-8079  CrankEngineLocales      com...gle.android.inputmethod.latin  I  CrankEngineLocales.getLocaleToUseForCrankEngine():67 Using locale en_US for emoji prediction
2025-10-13 16:09:17.186   580-621   system_server           system_process                       W  Long monitor contention with owner Binder:580_1F (2644) at void com.android.server.wm.TaskChangeNotificationController.forAllLocalListeners(com.android.server.wm.TaskChangeNotificationController$TaskStackConsumer, android.os.Message)(TaskChangeNotificationController.java:351) waiters=0 in void com.android.server.wm.InputMonitor$UpdateInputWindows.run() for 161ms
2025-10-13 16:09:17.188   580-620   system_server           system_process                       W  Long monitor contention with owner Binder:580_1F (2644) at void com.android.server.wm.TaskChangeNotificationController.forAllLocalListeners(com.android.server.wm.TaskChangeNotificationController$TaskStackConsumer, android.os.Message)(TaskChangeNotificationController.java:351) waiters=1 in void com.android.server.wm.WindowManagerService$H.handleMessage(android.os.Message) for 138ms
2025-10-13 16:09:17.232  5803-5803  Capacitor               pid-5803                             D  App paused
2025-10-13 16:09:17.460  2293-2639  SP                      com...gle.android.inputmethod.latin  I  Registering bundled_emoji.20190807, url: null, constraints: m:*, flags: *, requested: 20190807, current: 20190807
2025-10-13 16:09:17.872   580-618   Looper                  system_process                       W  Slow dispatch took 374ms android.ui h=com.android.server.am.ActivityManagerService$UiHandler c=null m=53
2025-10-13 16:09:18.000   580-618   Looper                  system_process                       W  Slow delivery took 529ms android.ui h=com.android.server.am.ActivityManagerService$UiHandler c=null m=31
2025-10-13 16:09:18.000   580-580   Looper                  system_process                       W  Slow dispatch took 117ms main h=com.android.server.job.controllers.QuotaController$QcHandler c=null m=3
2025-10-13 16:09:18.096  2738-2738  Choreographer           com....android.googlequicksearchbox  I  Skipped 31 frames!  The application may be doing too much work on its main thread.
2025-10-13 16:09:18.443  1588-2022  OpenGLRenderer          com...le.android.apps.nexuslauncher  I  Davey! duration=768ms; Flags=1, IntendedVsync=7782227269062, Vsync=7782260602394, OldestInputEvent=9223372036854775807, NewestInputEvent=0, HandleInputStart=7782267745280, AnimationStart=7782268353880, PerformTraversalsStart=7782268432780, DrawStart=7782513893580, SyncQueued=7782534419680, SyncStart=7782785260280, IssueDrawCommandsStart=7782937634080, SwapBuffers=7783043548680, FrameCompleted=7783246284780, DequeueBufferDuration=744600, QueueBufferDuration=1854900, GpuCompleted=3977576991887472432, 
2025-10-13 16:09:18.449  1588-1588  Choreographer           com...le.android.apps.nexuslauncher  I  Skipped 56 frames!  The application may be doing too much work on its main thread.
2025-10-13 16:09:18.457  1588-1588  libprocessgroup         com...le.android.apps.nexuslauncher  E  set_timerslack_ns write failed: Operation not permitted
2025-10-13 16:09:18.465   580-2110  ActivityManager         system_process                       W  Unable to start service Intent { act=android.service.appprediction.AppPredictionService cmp=com.google.android.as/com.google.android.apps.miphone.aiai.app.AiAiPredictionService } U=0: not found
2025-10-13 16:09:18.465   580-2110  RemoteAppP...ionService system_process                       W  could not bind to Intent { act=android.service.appprediction.AppPredictionService cmp=com.google.android.as/com.google.android.apps.miphone.aiai.app.AiAiPredictionService } using flags 67108865
2025-10-13 16:09:18.485  2293-3251  tflite                  com...gle.android.inputmethod.latin  I  Initialized TensorFlow Lite runtime.
2025-10-13 16:09:18.563  2738-3221  OpenGLRenderer          com....android.googlequicksearchbox  I  Davey! duration=803ms; Flags=1, IntendedVsync=7782377276821, Vsync=7782893943467, OldestInputEvent=9223372036854775807, NewestInputEvent=0, HandleInputStart=7782899858080, AnimationStart=7782899914480, PerformTraversalsStart=7782899995780, DrawStart=7783036469080, SyncQueued=7783039572780, SyncStart=7783224975180, IssueDrawCommandsStart=7783225864380, SwapBuffers=7783275334080, FrameCompleted=7783366228880, DequeueBufferDuration=32642000, QueueBufferDuration=28834200, GpuCompleted=810933867204206608, 
2025-10-13 16:09:18.700  2738-2738  Choreographer           com....android.googlequicksearchbox  I  Skipped 32 frames!  The application may be doing too much work on its main thread.
2025-10-13 16:09:19.434  5803-5840  OpenGLRenderer          pid-5803                             I  Davey! duration=2393ms; Flags=0, IntendedVsync=7781827223984, Vsync=7781977223978, OldestInputEvent=9223372036854775807, NewestInputEvent=0, HandleInputStart=7781991084880, AnimationStart=7781991138280, PerformTraversalsStart=7782001502580, DrawStart=7782001918980, SyncQueued=7782007109280, SyncStart=7782024491880, IssueDrawCommandsStart=7782024662680, SwapBuffers=7784232747580, FrameCompleted=7784238056880, DequeueBufferDuration=262200, QueueBufferDuration=3355800, GpuCompleted=0, 
2025-10-13 16:09:19.511   580-621   Choreographer           system_process                       I  Skipped 49 frames!  The application may be doing too much work on its main thread.
2025-10-13 16:09:19.511   580-620   system_server           system_process                       W  Long monitor contention with owner android.anim (621) at void com.android.server.wm.WindowSurfacePlacer$Traverser.run()(WindowSurfacePlacer.java:59) waiters=0 in void com.android.server.wm.WindowManagerService$H.handleMessage(android.os.Message) for 815ms
2025-10-13 16:09:19.513   580-880   system_server           system_process                       W  Long monitor contention with owner android.anim (621) at void com.android.server.wm.WindowSurfacePlacer$Traverser.run()(WindowSurfacePlacer.java:59) waiters=1 in int com.android.server.wm.WindowManagerService.relayoutWindow(com.android.server.wm.Session, android.view.IWindow, int, android.view.WindowManager$LayoutParams, int, int, int, int, long, android.graphics.Rect, android.graphics.Rect, android.graphics.Rect, android.graphics.Rect, android.graphics.Rect, android.view.DisplayCutout$ParcelableWrapper, android.util.MergedConfiguration, android.view.SurfaceControl, android.view.InsetsState, android.view.InsetsSourceControl[], android.graphics.Point, android.view.SurfaceControl) for 737ms
2025-10-13 16:09:19.533   580-2319  system_server           system_process                       W  Long monitor contention with owner android.anim (621) at void com.android.server.wm.WindowSurfacePlacer$Traverser.run()(WindowSurfacePlacer.java:59) waiters=2 in void com.android.server.wm.ActivityTaskManagerService.activityIdle(android.os.IBinder, android.content.res.Configuration, boolean) for 644ms
2025-10-13 16:09:19.542   580-2110  system_server           system_process                       W  Long monitor contention with owner android.anim (621) at void com.android.server.wm.WindowSurfacePlacer$Traverser.run()(WindowSurfacePlacer.java:59) waiters=3 in int com.android.server.wm.WindowManagerService.relayoutWindow(com.android.server.wm.Session, android.view.IWindow, int, android.view.WindowManager$LayoutParams, int, int, int, int, long, android.graphics.Rect, android.graphics.Rect, android.graphics.Rect, android.graphics.Rect, android.graphics.Rect, android.view.DisplayCutout$ParcelableWrapper, android.util.MergedConfiguration, android.view.SurfaceControl, android.view.InsetsState, android.view.InsetsSourceControl[], android.graphics.Point, android.view.SurfaceControl) for 548ms
2025-10-13 16:09:19.547   580-2135  system_server           system_process                       W  Long monitor contention with owner android.anim (621) at void com.android.server.wm.WindowSurfacePlacer$Traverser.run()(WindowSurfacePlacer.java:59) waiters=4 in int com.android.server.wm.ActivityTaskManagerService.getTaskForActivity(android.os.IBinder, boolean) for 407ms
2025-10-13 16:09:19.548   580-907   system_server           system_process                       W  Long monitor contention with owner android.anim (621) at void com.android.server.wm.WindowSurfacePlacer$Traverser.run()(WindowSurfacePlacer.java:59) waiters=5 in boolean com.android.server.wm.InputManagerCallback.notifyFocusChanged(android.os.IBinder, android.os.IBinder) for 385ms
2025-10-13 16:09:19.570   580-618   Looper                  system_process                       W  Drained
2025-10-13 16:09:19.582  7759-7865  EglHelper               com.android.systemui                 D  createEglContext start
2025-10-13 16:09:19.751   580-2110  system_server           system_process                       I  oneway function results will be dropped but finished with status OK and parcel size 4
2025-10-13 16:09:19.756  7759-7865  EGL_emulation           com.android.systemui                 D  eglCreateContext: 0xc3b152b0: maj 2 min 0 rcv 2
2025-10-13 16:09:19.941  7759-7865  EglHelper               com.android.systemui                 D  createEglContext done
2025-10-13 16:09:19.941  7759-7865  EglHelper               com.android.systemui                 D  createEglSurface start
2025-10-13 16:09:19.954  5803-5803  Choreographer           pid-5803                             I  Skipped 153 frames!  The application may be doing too much work on its main thread.
2025-10-13 16:09:20.143  2738-3221  OpenGLRenderer          com....android.googlequicksearchbox  I  Davey! duration=1454ms; Flags=1, IntendedVsync=7782960522367, Vsync=7783493855679, OldestInputEvent=9223372036854775807, NewestInputEvent=0, HandleInputStart=7783504415280, AnimationStart=7783524542080, PerformTraversalsStart=7783524625780, DrawStart=7784347387780, SyncQueued=7784347424780, SyncStart=7784879329180, IssueDrawCommandsStart=7784879463380, SwapBuffers=7784880001380, FrameCompleted=7784946877180, DequeueBufferDuration=29906000, QueueBufferDuration=1623900, GpuCompleted=1011974026949757536, 
2025-10-13 16:09:20.190  7759-7865  EglHelper               com.android.systemui                 D  createEglSurface done
2025-10-13 16:09:20.404  5803-5840  OpenGLRenderer          pid-5803                             I  Davey! duration=978ms; Flags=0, IntendedVsync=7782160599426, Vsync=7782160599426, OldestInputEvent=9223372036854775807, NewestInputEvent=0, HandleInputStart=7782163032680, AnimationStart=7782163085780, PerformTraversalsStart=7782177497980, DrawStart=7782177845280, SyncQueued=7782180557380, SyncStart=7784249392580, IssueDrawCommandsStart=7784306917380, SwapBuffers=7785036235480, FrameCompleted=7785208025680, DequeueBufferDuration=86191600, QueueBufferDuration=2368800, GpuCompleted=16974391, 
2025-10-13 16:09:20.546  5803-5803  Choreographer           pid-5803                             I  Skipped 34 frames!  The application may be doing too much work on its main thread.
2025-10-13 16:09:20.748  5803-5840  OpenGLRenderer          pid-5803                             I  Davey! duration=2998ms; Flags=0, IntendedVsync=7782193945114, Vsync=7784743945012, OldestInputEvent=9223372036854775807, NewestInputEvent=0, HandleInputStart=7784758469980, AnimationStart=7784758536480, PerformTraversalsStart=7784893039880, DrawStart=7784893457080, SyncQueued=7784895733480, SyncStart=7785254346780, IssueDrawCommandsStart=7785293233780, SwapBuffers=7785448445080, FrameCompleted=7785551515580, DequeueBufferDuration=383200, QueueBufferDuration=2689000, GpuCompleted=72904454231491822, 
2025-10-13 16:09:20.855  5803-5803  Capacitor               pid-5803                             D  App stopped
2025-10-13 16:09:20.862   580-1832  HostConnection          system_process                       D  HostConnection::get() New Host Connection established 0xc0010850, tid 1832
2025-10-13 16:09:20.923  5803-5803  AutofillManager         pid-5803                             D  onActivityFinishing(): calling cancelLocked()
2025-10-13 16:09:20.972  5803-5803  Capacitor               pid-5803                             D  App destroyed
2025-10-13 16:09:21.404  2293-2639  SuperDelight            com...gle.android.inputmethod.latin  I  SuperDelightMergingStrategy.merge():57 SuperDelightMergingStrategy#merge(): selected[[main_en_us_2020052800_1]] synced[[main_en_us_2020052800_1]]
2025-10-13 16:09:21.412  2293-2639  SP                      com...gle.android.inputmethod.latin  I  Sync for delight succeeded in 6390 ms: no changes
2025-10-13 16:09:21.472  2293-2639  SP                      com...gle.android.inputmethod.latin  I  GC for 'delight' (10) with ttl of 0 ms took 1 ms (0/1/0)
2025-10-13 16:09:21.595  2738-2930  ThreadPoolDumper        com....android.googlequicksearchbox  W  Queue length for executor EventBus is now 11. Perhaps some tasks are too long, or the pool is too small.
2025-10-13 16:09:21.703   580-620   system_server           system_process                       W  Long monitor contention with owner Binder:580_13 (2110) at void com.android.server.wm.TaskChangeNotificationController.forAllLocalListeners(com.android.server.wm.TaskChangeNotificationController$TaskStackConsumer, android.os.Message)(TaskChangeNotificationController.java:351) waiters=1 in void com.android.server.wm.TaskChangeNotificationController.forAllRemoteListeners(com.android.server.wm.TaskChangeNotificationController$TaskStackConsumer, android.os.Message) for 135ms
2025-10-13 16:09:21.720  2293-2639  EmojiSlicingStrategy    com...gle.android.inputmethod.latin  I  EmojiSlicingStrategy.matchEnabledLocalesWithPackLocales():136 matchEnabledLocalesWithPackLocales() : User enabled 1 locales; returning 1 slices
2025-10-13 16:09:21.722  2293-2639  SP                      com...gle.android.inputmethod.latin  I  Syncing emoji (20190807) with slices: [{7b9ddb0b8c001e17cee03b1edf554b20, m:*}], metadata: false
2025-10-13 16:09:21.743  5803-5803  chromium                pid-5803                             E  [ERROR:aw_browser_terminator.cc(125)] Renderer process (5878) crash detected (code -1).
2025-10-13 16:09:21.751   580-2319  ActivityManager         system_process                       I  Killing 5878:com.google.android.webview:sandboxed_process0:org.chromium.content.app.SandboxedProcessService0:0/u0a168i0 (adj 0): isolated not needed
2025-10-13 16:09:21.760   580-636   libprocessgroup         system_process                       I  Successfully killed process cgroup uid 99000 pid 5878 in 3ms
2025-10-13 16:09:21.801  5803-5803  Choreographer           pid-5803                             I  Skipped 71 frames!  The application may be doing too much work on its main thread.
2025-10-13 16:09:21.843  2293-2639  EmojiSlicingStrategy    com...gle.android.inputmethod.latin  I  EmojiSlicingStrategy.matchEnabledLocalesWithPackLocales():136 matchEnabledLocalesWithPackLocales() : User enabled 1 locales; returning 1 slices
2025-10-13 16:09:21.844  2293-2639  SP                      com...gle.android.inputmethod.latin  I  Syncing bundled_emoji (20190807) with slices: [{7b9ddb0b8c001e17cee03b1edf554b20, m:*}], metadata: false
2025-10-13 16:09:21.898  1121-1121  Zygote                  pid-1121                             I  Process 5878 exited due to signal 9 (Killed)
2025-10-13 16:09:21.962  2738-2874  LocationOracle          com....android.googlequicksearchbox  W  No location history returned by ContextManager
2025-10-13 16:09:22.075   189-191   android.sy....0-service pid-189                              E  Error opening kernel wakelock stats for: wakeup36: Permission denied
2025-10-13 16:09:22.092   580-1832  HostConnection          system_process                       D  HostComposition ext ANDROID_EMU_CHECKSUM_HELPER_v1 ANDROID_EMU_native_sync_v2 ANDROID_EMU_native_sync_v3 ANDROID_EMU_native_sync_v4 ANDROID_EMU_dma_v1 ANDROID_EMU_direct_mem ANDROID_EMU_host_composition_v1 ANDROID_EMU_host_composition_v2 ANDROID_EMU_vulkan ANDROID_EMU_deferred_vulkan_commands ANDROID_EMU_vulkan_null_optional_strings ANDROID_EMU_vulkan_create_resources_with_requirements ANDROID_EMU_YUV_Cache ANDROID_EMU_vulkan_ignored_handles ANDROID_EMU_has_shared_slots_host_memory_allocator ANDROID_EMU_vulkan_free_memory_sync ANDROID_EMU_vulkan_shader_float16_int8 ANDROID_EMU_vulkan_async_queue_submit ANDROID_EMU_sync_buffer_data ANDROID_EMU_vulkan_async_qsri ANDROID_EMU_read_color_buffer_dma GL_OES_vertex_array_object ANDROID_EMU_host_side_tracing ANDROID_EMU_gles_max_version_2 
2025-10-13 16:09:22.106   580-1832  OpenGLRenderer          system_process                       W  Failed to choose config with EGL_SWAP_BEHAVIOR_PRESERVED, retrying without...
2025-10-13 16:09:22.207   189-191   android.sy....0-service pid-189                              E  Error opening kernel wakelock stats for: wakeup35: Permission denied
2025-10-13 16:09:22.258   580-1832  EGL_emulation           system_process                       D  eglCreateContext: 0xf721c470: maj 2 min 0 rcv 2
2025-10-13 16:09:22.072   189-189   Binder:189_1            pid-189                              W  type=1400 audit(0.0:408): avc: denied { read } for name="wakeup36" dev="sysfs" ino=19163 scontext=u:r:system_suspend:s0 tcontext=u:object_r:sysfs:s0 tclass=dir permissive=0
2025-10-13 16:09:22.321   580-1832  EGL_emulation           system_process                       D  eglMakeCurrent: 0xf721c470: ver 2 0 (tinfo 0xc242d590) (first time)
2025-10-13 16:09:22.204   189-189   Binder:189_1            pid-189                              W  type=1400 audit(0.0:409): avc: denied { read } for name="wakeup35" dev="sysfs" ino=19100 scontext=u:r:system_suspend:s0 tcontext=u:object_r:sysfs:s0 tclass=dir permissive=0
2025-10-13 16:09:22.359  2738-2799  ThreadPoolDumper        com....android.googlequicksearchbox  W  Task n[ServiceTransaction[SessionController#handleGenericClientEvent]] was queued for 1215ms before starting on executor EventBus
2025-10-13 16:09:22.400  7759-7768  ndroid.systemu          com.android.systemui                 I  NativeAlloc concurrent copying GC freed 108384(6482KB) AllocSpace objects, 47(924KB) LOS objects, 49% free, 6667KB/13MB, paused 66.481ms total 720.367ms
2025-10-13 16:09:22.430  2986-3450  GCoreFlp                com.google.android.gms               W  No location to return for getLastLocation()
2025-10-13 16:09:22.542   580-590   system_server           system_process                       I  Background young concurrent copying GC freed 96374(4212KB) AllocSpace objects, 12(512KB) LOS objects, 13% free, 26MB/30MB, paused 67.834ms total 980.240ms
2025-10-13 16:09:22.743   189-191   android.sy....0-service pid-189                              E  Error opening kernel wakelock stats for: wakeup36: Permission denied
2025-10-13 16:09:22.806  5803-5817  System                  pid-5803                             W  A resource failed to call dispose. 
2025-10-13 16:09:22.860   189-191   android.sy....0-service pid-189                              E  Error opening kernel wakelock stats for: wakeup35: Permission denied
2025-10-13 16:09:22.887   580-2644  system_server           system_process                       W  Long monitor contention with owner batterystats-worker (644) at void com.android.server.am.BatteryExternalStatsWorker.updateExternalStatsLocked(java.lang.String, int, boolean, boolean, boolean)(BatteryExternalStatsWorker.java:508) waiters=0 in android.content.ComponentName com.android.server.am.ActiveServices.startServiceInnerLocked(com.android.server.am.ActiveServices$ServiceMap, android.content.Intent, com.android.server.am.ServiceRecord, boolean, boolean) for 109ms
2025-10-13 16:09:22.943  2293-2639  SP                      com...gle.android.inputmethod.latin  I  Sync for emoji succeeded in 1392 ms: no changes
2025-10-13 16:09:22.952  2293-2639  SP                      com...gle.android.inputmethod.latin  I  Sync for bundled_emoji succeeded in 1360 ms: no changes
2025-10-13 16:09:22.955  2293-2639  SP                      com...gle.android.inputmethod.latin  I  GC for 'emoji' (10) with ttl of 0 ms took 1 ms (0/1/0)
2025-10-13 16:09:22.957  2293-2639  SP                      com...gle.android.inputmethod.latin  I  GC for 'bundled_emoji' (10) with ttl of 0 ms took 0 ms (0/0/0)
2025-10-13 16:09:23.045  2738-2738  BgTaskExecutorImpl      com....android.googlequicksearchbox  I  Starting EXCLUSIVE background task TNG_MINUS_ONE_SYNC.
2025-10-13 16:09:23.062  2293-8094  EmojiSuperpacksManager  com...gle.android.inputmethod.latin  I  EmojiSuperpacksManager.processPackSet():492 processPackSet() : isBundled = false
2025-10-13 16:09:23.064  2293-8079  EmojiShortcutsLoader    com...gle.android.inputmethod.latin  I  EmojiShortcutsLoader.getEmojiShortcuts():98 Reading en_US emoji shortcuts
2025-10-13 16:09:23.120  2293-8095  EmojiSuperpacksManager  com...gle.android.inputmethod.latin  I  EmojiSuperpacksManager.processPackSet():492 processPackSet() : isBundled = true
2025-10-13 16:09:22.740   189-189   Binder:189_1            pid-189                              W  type=1400 audit(0.0:410): avc: denied { read } for name="wakeup36" dev="sysfs" ino=19163 scontext=u:r:system_suspend:s0 tcontext=u:object_r:sysfs:s0 tclass=dir permissive=0
2025-10-13 16:09:23.407   580-580   Compatibil...geReporter system_process                       D  Compat change id reported: 135634846; UID 10115; state: DISABLED
2025-10-13 16:09:23.409   580-635   Compatibil...geReporter system_process                       D  Compat change id reported: 143937733; UID 10115; state: ENABLED
2025-10-13 16:09:23.476  2738-2799  TngMinusOneSync         com....android.googlequicksearchbox  I  Syncing TNG:-1
2025-10-13 16:09:23.666   580-2635  WifiNl80211Manager      system_process                       D  Scan result ready event
2025-10-13 16:09:23.666   580-2635  WifiNative              system_process                       D  Scan result ready event
2025-10-13 16:09:23.672   580-580   Looper                  system_process                       W  Slow dispatch took 263ms main h=android.os.Handler c=android.app.AlarmManager$ListenerWrapper@c48a93a m=0
2025-10-13 16:09:23.746  2738-2738  NowVeViewportMonitor    com....android.googlequicksearchbox  W  Attempting to report viewport hidden that is already hidden.
2025-10-13 16:09:23.809   269-269   Zygote                  pid-269                              D  Forked child process 8113
2025-10-13 16:09:23.822   580-635   ActivityManager         system_process                       W  Slow operation: 417ms so far, now at startProcess: returned from zygote!
2025-10-13 16:09:23.823   580-635   ActivityManager         system_process                       W  Slow operation: 417ms so far, now at startProcess: done updating battery stats
2025-10-13 16:09:23.823   580-635   ActivityManager         system_process                       W  Slow operation: 418ms so far, now at startProcess: building log message
2025-10-13 16:09:23.825   580-635   ActivityManager         system_process                       I  Start proc 8113:com.google.android.partnersetup/u0a115 for service {com.google.android.partnersetup/com.google.android.partnersetup.InstalledAppJobService}
2025-10-13 16:09:23.825   580-635   ActivityManager         system_process                       W  Slow operation: 420ms so far, now at startProcess: starting to update pids map
2025-10-13 16:09:23.827   580-635   ActivityManager         system_process                       W  Slow operation: 422ms so far, now at startProcess: done updating pids map
2025-10-13 16:09:23.846  8113-8113  id.partnersetu          com.google.android.partnersetup      W  Unexpected CPU variant for X86 using defaults: x86
2025-10-13 16:09:23.888   369-432   adbd                    pid-369                              I  jdwp connection from 8113
2025-10-13 16:09:23.918  2986-2986  .gms.persisten          com.google.android.gms               W  Long monitor contention with owner GoogleLocationService (3626) at void bggi.run()(:27) waiters=0 in void com.google.android.location.internal.server.GoogleLocationChimeraService.a(android.content.Intent, boolean) for 836ms
2025-10-13 16:09:24.030   580-2635  ActivityManager         system_process                       W  Slow operation: 55ms so far, now at getContentProviderImpl: after updateOomAdj
2025-10-13 16:09:24.030   580-2635  ActivityManager         system_process                       W  Slow operation: 55ms so far, now at getContentProviderImpl: done!
2025-10-13 16:09:24.129   580-580   Looper                  system_process                       W  Slow dispatch took 456ms main h=com.android.server.job.JobSchedulerService$JobHandler c=null m=1
2025-10-13 16:09:24.130   580-580   Looper                  system_process                       W  Slow delivery took 459ms main h=com.android.server.AlarmManagerService$AlarmHandler c=null m=4
2025-10-13 16:09:24.254   580-880   ActivityManager         system_process                       W  Slow operation: 59ms so far, now at attachApplicationLocked: after mServices.attachApplicationLocked
2025-10-13 16:09:22.856   189-189   Binder:189_1            pid-189                              W  type=1400 audit(0.0:411): avc: denied { read } for name="wakeup35" dev="sysfs" ino=19100 scontext=u:r:system_suspend:s0 tcontext=u:object_r:sysfs:s0 tclass=dir permissive=0
2025-10-13 16:09:24.378   580-580   Looper                  system_process                       W  Drained
2025-10-13 16:09:24.543  8113-8113  id.partnersetu          com.google.android.partnersetup      I  The ClassLoaderContext is a special shared library.
2025-10-13 16:09:24.648  8113-8113  id.partnersetu          com.google.android.partnersetup      I  The ClassLoaderContext is a special shared library.
2025-10-13 16:09:24.657  8113-8113  nativeloader            com.google.android.partnersetup      D  classloader namespace configured for unbundled product apk. library_path=/product/priv-app/PartnerSetupPrebuilt/lib/x86:/product/lib:/system/product/lib
2025-10-13 16:09:24.689   580-580   Looper                  system_process                       W  Slow dispatch took 298ms main h=com.android.server.job.JobSchedulerService$JobHandler c=null m=3
2025-10-13 16:09:24.689   580-2644  system_server           system_process                       W  Long monitor contention with owner main (580) at boolean com.android.server.job.controllers.QuotaController.isUidInForeground(int)(QuotaController.java:622) waiters=0 in void com.android.server.job.JobServiceContext.doCallback(com.android.server.job.JobServiceContext$JobCallback, boolean, java.lang.String) for 276ms
2025-10-13 16:09:24.691  2738-2738  l                       com....android.googlequicksearchbox  D  setAvailableAccounts() 0 -> 0.
2025-10-13 16:09:24.691  2738-2738  l                       com....android.googlequicksearchbox  D  availableAccounts hasn't changed, returning.
2025-10-13 16:09:24.691  2738-2738  l                       com....android.googlequicksearchbox  D  modelLoaded
2025-10-13 16:09:24.719  8113-8113  NetworkSecurityConfig   com.google.android.partnersetup      D  No Network Security Config specified, using platform default
2025-10-13 16:09:24.720  8113-8113  NetworkSecurityConfig   com.google.android.partnersetup      D  No Network Security Config specified, using platform default
2025-10-13 16:09:24.740  2293-8079  EmojiShortcutsLoader    com...gle.android.inputmethod.latin  I  EmojiShortcutsLoader.getEmojiShortcuts():114 Read en_US emoji shortcuts successfully.
2025-10-13 16:09:24.741  2293-8079  EmojiShortcutsLoader    com...gle.android.inputmethod.latin  I  EmojiShortcutsLoader.run():59 1 emoji shortcut maps loaded.
2025-10-13 16:09:24.779  2293-8079  EmojiShortcutsLoader    com...gle.android.inputmethod.latin  I  EmojiShortcutsLoader.run():67 Finished loading emoji shortcuts
2025-10-13 16:09:24.791  2293-8079  EmojiShortcutsLoader    com...gle.android.inputmethod.latin  I  EmojiShortcutsLoader.getEmojiShortcuts():98 Reading en_US emoji shortcuts
2025-10-13 16:09:24.854  2293-2374  PeriodicStatsRunner     com...gle.android.inputmethod.latin  I  PeriodicStatsRunner.call():180 call()
2025-10-13 16:09:24.855  2293-2374  PeriodicStatsRunner     com...gle.android.inputmethod.latin  I  PeriodicStatsRunner.call():184 No submit PeriodicStats since input started.
2025-10-13 16:09:24.864  1219-1231  rkstack.proces          com.google.android.networkstack      I  Background concurrent copying GC freed 36442(1589KB) AllocSpace objects, 10(600KB) LOS objects, 49% free, 2334KB/4668KB, paused 1.188ms total 485.804ms
2025-10-13 16:09:24.889  2293-8079  EmojiShortcutsLoader    com...gle.android.inputmethod.latin  I  EmojiShortcutsLoader.getEmojiShortcuts():114 Read en_US emoji shortcuts successfully.
2025-10-13 16:09:24.890  2293-8079  EmojiShortcutsLoader    com...gle.android.inputmethod.latin  I  EmojiShortcutsLoader.run():59 1 emoji shortcut maps loaded.
2025-10-13 16:09:24.900  2293-8079  EmojiShortcutsLoader    com...gle.android.inputmethod.latin  I  EmojiShortcutsLoader.run():67 Finished loading emoji shortcuts
2025-10-13 16:09:25.079   580-580   Looper                  system_process                       W  Slow dispatch took 105ms main h=com.android.server.job.JobSchedulerService$JobHandler c=null m=3
2025-10-13 16:09:26.015   580-2110  ActivityManager         system_process                       I  Force stopping com.example.serenepangolinbeam appid=10168 user=0: from pid 8137
2025-10-13 16:09:26.017   580-2110  ActivityManager         system_process                       I  Killing 5803:com.example.serenepangolinbeam/u0a168 (adj 900): stop com.example.serenepangolinbeam due to from pid 8137
2025-10-13 16:09:26.056  2712-2712  CarrierSvcBindHelper    com.android.phone                    D  No carrier app for: 0
2025-10-13 16:09:26.091   269-269   Zygote                  pid-269                              I  Process 5803 exited due to signal 9 (Killed)
2025-10-13 16:09:26.092   580-620   ActivityManager         system_process                       W  setHasOverlayUi called on unknown pid: 5803
2025-10-13 16:09:26.108   580-636   libprocessgroup         system_process                       I  Successfully killed process cgroup uid 10168 pid 5803 in 86ms
2025-10-13 16:09:28.075   580-880   WifiNl80211Manager      system_process                       D  Scan result ready event
2025-10-13 16:09:28.078   580-880   WifiNative              system_process                       D  Scan result ready event
2025-10-13 16:09:34.332   189-191   android.sy....0-service pid-189                              E  Error opening kernel wakelock stats for: wakeup36: Permission denied
2025-10-13 16:09:34.394   189-191   android.sy....0-service pid-189                              E  Error opening kernel wakelock stats for: wakeup35: Permission denied
2025-10-13 16:09:34.292   189-189   Binder:189_1            pid-189                              W  type=1400 audit(0.0:412): avc: denied { read } for name="wakeup36" dev="sysfs" ino=19163 scontext=u:r:system_suspend:s0 tcontext=u:object_r:sysfs:s0 tclass=dir permissive=0
2025-10-13 16:09:34.392   189-189   Binder:189_1            pid-189                              W  type=1400 audit(0.0:413): avc: denied { read } for name="wakeup35" dev="sysfs" ino=19100 scontext=u:r:system_suspend:s0 tcontext=u:object_r:sysfs:s0 tclass=dir permissive=0
2025-10-13 16:09:35.918  2293-2374  VoiceInput...gerWrapper com...gle.android.inputmethod.latin  I  VoiceInputManagerWrapper.shutdownVoiceInternal():95 shutdownVoiceInternal()
2025-10-13 16:09:41.182   369-435   adbd                    pid-369                              I  host-11: read failed: I/O error
2025-10-13 16:09:41.229   369-435   adbd                    pid-369                              I  host-11: connection terminated: read failed
2025-10-13 16:09:41.307   369-369   adbd                    pid-369                              I  host-11: offline
2025-10-13 16:09:41.307   369-369   adbd                    pid-369                              I  destroying transport host-11
2025-10-13 16:09:41.310   369-369   adbd                    pid-369                              I  BlockingConnectionA